Archive member included to satisfy reference by file (symbol)

C:/ST/STM32CubeCLT/GNU-tools-for-STM32/bin/../lib/gcc/arm-none-eabi/11.3.1/thumb/v7e-m/nofp\libgcc.a(_aeabi_uldivmod.o)
                              CMakeFiles/ec_hw_platform.elf.dir/Drivers/STM32F4xx_HAL_Driver/Src/stm32f4xx_hal_rcc.c.obj (__aeabi_uldivmod)
C:/ST/STM32CubeCLT/GNU-tools-for-STM32/bin/../lib/gcc/arm-none-eabi/11.3.1/thumb/v7e-m/nofp\libgcc.a(_udivmoddi4.o)
                              C:/ST/STM32CubeCLT/GNU-tools-for-STM32/bin/../lib/gcc/arm-none-eabi/11.3.1/thumb/v7e-m/nofp\libgcc.a(_aeabi_uldivmod.o) (__udivmoddi4)
C:/ST/STM32CubeCLT/GNU-tools-for-STM32/bin/../lib/gcc/arm-none-eabi/11.3.1/thumb/v7e-m/nofp\libgcc.a(_dvmd_tls.o)
                              C:/ST/STM32CubeCLT/GNU-tools-for-STM32/bin/../lib/gcc/arm-none-eabi/11.3.1/thumb/v7e-m/nofp\libgcc.a(_aeabi_uldivmod.o) (__aeabi_ldiv0)
C:/ST/STM32CubeCLT/GNU-tools-for-STM32/bin/../lib/gcc/arm-none-eabi/11.3.1/../../../../arm-none-eabi/lib/thumb/v7e-m/nofp\libg.a(libc_a-exit.o)
                              C:/ST/STM32CubeCLT/GNU-tools-for-STM32/bin/../lib/gcc/arm-none-eabi/11.3.1/../../../../arm-none-eabi/lib/thumb/v7e-m/nofp/crt0.o (exit)
C:/ST/STM32CubeCLT/GNU-tools-for-STM32/bin/../lib/gcc/arm-none-eabi/11.3.1/../../../../arm-none-eabi/lib/thumb/v7e-m/nofp\libg.a(libc_a-findfp.o)
                              C:/ST/STM32CubeCLT/GNU-tools-for-STM32/bin/../lib/gcc/arm-none-eabi/11.3.1/../../../../arm-none-eabi/lib/thumb/v7e-m/nofp\libg.a(libc_a-exit.o) (__stdio_exit_handler)
C:/ST/STM32CubeCLT/GNU-tools-for-STM32/bin/../lib/gcc/arm-none-eabi/11.3.1/../../../../arm-none-eabi/lib/thumb/v7e-m/nofp\libg.a(libc_a-fwalk.o)
                              C:/ST/STM32CubeCLT/GNU-tools-for-STM32/bin/../lib/gcc/arm-none-eabi/11.3.1/../../../../arm-none-eabi/lib/thumb/v7e-m/nofp\libg.a(libc_a-findfp.o) (_fwalk_sglue)
C:/ST/STM32CubeCLT/GNU-tools-for-STM32/bin/../lib/gcc/arm-none-eabi/11.3.1/../../../../arm-none-eabi/lib/thumb/v7e-m/nofp\libg.a(libc_a-stdio.o)
                              C:/ST/STM32CubeCLT/GNU-tools-for-STM32/bin/../lib/gcc/arm-none-eabi/11.3.1/../../../../arm-none-eabi/lib/thumb/v7e-m/nofp\libg.a(libc_a-findfp.o) (__sread)
C:/ST/STM32CubeCLT/GNU-tools-for-STM32/bin/../lib/gcc/arm-none-eabi/11.3.1/../../../../arm-none-eabi/lib/thumb/v7e-m/nofp\libg.a(libc_a-memset.o)
                              C:/ST/STM32CubeCLT/GNU-tools-for-STM32/bin/../lib/gcc/arm-none-eabi/11.3.1/../../../../arm-none-eabi/lib/thumb/v7e-m/nofp/crt0.o (memset)
C:/ST/STM32CubeCLT/GNU-tools-for-STM32/bin/../lib/gcc/arm-none-eabi/11.3.1/../../../../arm-none-eabi/lib/thumb/v7e-m/nofp\libg.a(libc_a-closer.o)
                              C:/ST/STM32CubeCLT/GNU-tools-for-STM32/bin/../lib/gcc/arm-none-eabi/11.3.1/../../../../arm-none-eabi/lib/thumb/v7e-m/nofp\libg.a(libc_a-stdio.o) (_close_r)
C:/ST/STM32CubeCLT/GNU-tools-for-STM32/bin/../lib/gcc/arm-none-eabi/11.3.1/../../../../arm-none-eabi/lib/thumb/v7e-m/nofp\libg.a(libc_a-reent.o)
                              C:/ST/STM32CubeCLT/GNU-tools-for-STM32/bin/../lib/gcc/arm-none-eabi/11.3.1/../../../../arm-none-eabi/lib/thumb/v7e-m/nofp\libg.a(libc_a-closer.o) (errno)
C:/ST/STM32CubeCLT/GNU-tools-for-STM32/bin/../lib/gcc/arm-none-eabi/11.3.1/../../../../arm-none-eabi/lib/thumb/v7e-m/nofp\libg.a(libc_a-impure.o)
                              C:/ST/STM32CubeCLT/GNU-tools-for-STM32/bin/../lib/gcc/arm-none-eabi/11.3.1/../../../../arm-none-eabi/lib/thumb/v7e-m/nofp\libg.a(libc_a-reent.o) (_impure_ptr)
C:/ST/STM32CubeCLT/GNU-tools-for-STM32/bin/../lib/gcc/arm-none-eabi/11.3.1/../../../../arm-none-eabi/lib/thumb/v7e-m/nofp\libg.a(libc_a-lseekr.o)
                              C:/ST/STM32CubeCLT/GNU-tools-for-STM32/bin/../lib/gcc/arm-none-eabi/11.3.1/../../../../arm-none-eabi/lib/thumb/v7e-m/nofp\libg.a(libc_a-stdio.o) (_lseek_r)
C:/ST/STM32CubeCLT/GNU-tools-for-STM32/bin/../lib/gcc/arm-none-eabi/11.3.1/../../../../arm-none-eabi/lib/thumb/v7e-m/nofp\libg.a(libc_a-readr.o)
                              C:/ST/STM32CubeCLT/GNU-tools-for-STM32/bin/../lib/gcc/arm-none-eabi/11.3.1/../../../../arm-none-eabi/lib/thumb/v7e-m/nofp\libg.a(libc_a-stdio.o) (_read_r)
C:/ST/STM32CubeCLT/GNU-tools-for-STM32/bin/../lib/gcc/arm-none-eabi/11.3.1/../../../../arm-none-eabi/lib/thumb/v7e-m/nofp\libg.a(libc_a-writer.o)
                              C:/ST/STM32CubeCLT/GNU-tools-for-STM32/bin/../lib/gcc/arm-none-eabi/11.3.1/../../../../arm-none-eabi/lib/thumb/v7e-m/nofp\libg.a(libc_a-stdio.o) (_write_r)
C:/ST/STM32CubeCLT/GNU-tools-for-STM32/bin/../lib/gcc/arm-none-eabi/11.3.1/../../../../arm-none-eabi/lib/thumb/v7e-m/nofp\libg.a(libc_a-errno.o)
                              CMakeFiles/ec_hw_platform.elf.dir/Core/Src/syscalls.c.obj (__errno)
C:/ST/STM32CubeCLT/GNU-tools-for-STM32/bin/../lib/gcc/arm-none-eabi/11.3.1/../../../../arm-none-eabi/lib/thumb/v7e-m/nofp\libg.a(libc_a-init.o)
[...]
Memory Configuration

Name             Origin             Length             Attributes
CCMRAM           0x0000000010000000 0x0000000000010000 xrw
RAM              0x0000000020000000 0x0000000000020000 xrw
FLASH            0x0000000008000000 0x0000000000100000 xr
*default*        0x0000000000000000 0xffffffffffffffff

Linker script and memory map

LOAD C:/ST/STM32CubeCLT/GNU-tools-for-STM32/bin/../lib/gcc/arm-none-eabi/11.3.1/thumb/v7e-m/nofp/crti.o
LOAD C:/ST/STM32CubeCLT/GNU-tools-for-STM32/bin/../lib/gcc/arm-none-eabi/11.3.1/thumb/v7e-m/nofp/crtbegin.o
LOAD C:/ST/STM32CubeCLT/GNU-tools-for-STM32/bin/../lib/gcc/arm-none-eabi/11.3.1/../../../../arm-none-eabi/lib/thumb/v7e-m/nofp/crt0.o
LOAD CMakeFiles/ec_hw_platform.elf.dir/Core/Src/adc.c.obj
LOAD CMakeFiles/ec_hw_platform.elf.dir/Core/Src/can.c.obj
LOAD CMakeFiles/ec_hw_platform.elf.dir/Core/Src/dma.c.obj
LOAD CMakeFiles/ec_hw_platform.elf.dir/Core/Src/gpio.c.obj
LOAD CMakeFiles/ec_hw_platform.elf.dir/Core/Src/iwdg.c.obj
LOAD CMakeFiles/ec_hw_platform.elf.dir/Core/Src/main.c.obj
LOAD CMakeFiles/ec_hw_platform.elf.dir/Core/Src/spi.c.obj
LOAD CMakeFiles/ec_hw_platform.elf.dir/Core/Src/stm32f4xx_hal_msp.c.obj
LOAD CMakeFiles/ec_hw_platform.elf.dir/Core/Src/stm32f4xx_it.c.obj
LOAD CMakeFiles/ec_hw_platform.elf.dir/Core/Src/syscalls.c.obj
LOAD CMakeFiles/ec_hw_platform.elf.dir/Core/Src/sysmem.c.obj
LOAD CMakeFiles/ec_hw_platform.elf.dir/Core/Src/system_stm32f4xx.c.obj
LOAD CMakeFiles/ec_hw_platform.elf.dir/Core/Src/tim.c.obj
LOAD CMakeFiles/ec_hw_platform.elf.dir/Core/Src/usart.c.obj
LOAD CMakeFiles/ec_hw_platform.elf.dir/Core/Startup/startup_stm32f407ighx.s.obj
LOAD CMakeFiles/ec_hw_platform.elf.dir/Drivers/STM32F4xx_HAL_Driver/Src/stm32f4xx_hal.c.obj
LOAD CMakeFiles/ec_hw_platform.elf.dir/Drivers/STM32F4xx_HAL_Driver/Src/stm32f4xx_hal_adc.c.obj
LOAD CMakeFiles/ec_hw_platform.elf.dir/Drivers/STM32F4xx_HAL_Driver/Src/stm32f4xx_hal_adc_ex.c.obj
LOAD CMakeFiles/ec_hw_platform.elf.dir/Drivers/STM32F4xx_HAL_Driver/Src/stm32f4xx_hal_can.c.obj
LOAD CMakeFiles/ec_hw_platform.elf.dir/Drivers/STM32F4xx_HAL_Driver/Src/stm32f4xx_hal_cortex.c.obj
LOAD CMakeFiles/ec_hw_platform.elf.dir/Drivers/STM32F4xx_HAL_Driver/Src/stm32f4xx_hal_dma.c.obj
LOAD CMakeFiles/ec_hw_platform.elf.dir/Drivers/STM32F4xx_HAL_Driver/Src/stm32f4xx_hal_dma_ex.c.obj
LOAD CMakeFiles/ec_hw_platform.elf.dir/Drivers/STM32F4xx_HAL_Driver/Src/stm32f4xx_hal_exti.c.obj
LOAD CMakeFiles/ec_hw_platform.elf.dir/Drivers/STM32F4xx_HAL_Driver/Src/stm32f4xx_hal_flash.c.obj
LOAD CMakeFiles/ec_hw_platform.elf.dir/Drivers/STM32F4xx_HAL_Driver/Src/stm32f4xx_hal_flash_ex.c.obj
LOAD CMakeFiles/ec_hw_platform.elf.dir/Drivers/STM32F4xx_HAL_Driver/Src/stm32f4xx_hal_flash_ramfunc.c.obj
LOAD CMakeFiles/ec_hw_platform.elf.dir/Drivers/STM32F4xx_HAL_Driver/Src/stm32f4xx_hal_gpio.c.obj
LOAD CMakeFiles/ec_hw_platform.elf.dir/Drivers/STM32F4xx_HAL_Driver/Src/stm32f4xx_hal_iwdg.c.obj
LOAD CMakeFiles/ec_hw_platform.elf.dir/Drivers/STM32F4xx_HAL_Driver/Src/stm32f4xx_hal_pwr.c.obj
LOAD CMakeFiles/ec_hw_platform.elf.dir/Drivers/STM32F4xx_HAL_Driver/Src/stm32f4xx_hal_pwr_ex.c.obj
LOAD CMakeFiles/ec_hw_platform.elf.dir/Drivers/STM32F4xx_HAL_Driver/Src/stm32f4xx_hal_rcc.c.obj
LOAD CMakeFiles/ec_hw_platform.elf.dir/Drivers/STM32F4xx_HAL_Driver/Src/stm32f4xx_hal_rcc_ex.c.obj
LOAD CMakeFiles/ec_hw_platform.elf.dir/Drivers/STM32F4xx_HAL_Driver/Src/stm32f4xx_hal_spi.c.obj
LOAD CMakeFiles/ec_hw_platform.elf.dir/Drivers/STM32F4xx_HAL_Driver/Src/stm32f4xx_hal_tim.c.obj
LOAD CMakeFiles/ec_hw_platform.elf.dir/Drivers/STM32F4xx_HAL_Driver/Src/stm32f4xx_hal_tim_ex.c.obj
LOAD CMakeFiles/ec_hw_platform.elf.dir/Drivers/STM32F4xx_HAL_Driver/Src/stm32f4xx_hal_uart.c.obj
LOAD CMakeFiles/ec_hw_platform.elf.dir/Drivers/STM32F4xx_HAL_Driver/Src/stm32f4xx_ll_adc.c.obj
START GROUP
LOAD C:/ST/STM32CubeCLT/GNU-tools-for-STM32/bin/../lib/gcc/arm-none-eabi/11.3.1/thumb/v7e-m/nofp\libgcc.a
LOAD C:/ST/STM32CubeCLT/GNU-tools-for-STM32/bin/../lib/gcc/arm-none-eabi/11.3.1/../../../../arm-none-eabi/lib/thumb/v7e-m/nofp\libg.a
LOAD C:/ST/STM32CubeCLT/GNU-tools-for-STM32/bin/../lib/gcc/arm-none-eabi/11.3.1/../../../../arm-none-eabi/lib/thumb/v7e-m/nofp\libc.a
END GROUP
LOAD C:/ST/STM32CubeCLT/GNU-tools-for-STM32/bin/../lib/gcc/arm-none-eabi/11.3.1/thumb/v7e-m/nofp/crtend.o
LOAD C:/ST/STM32CubeCLT/GNU-tools-for-STM32/bin/../lib/gcc/arm-none-eabi/11.3.1/thumb/v7e-m/nofp/crtn.o
                0x0000000020020000                _estack = (ORIGIN (RAM) + LENGTH (RAM))
                0x0000000000001000                _Min_Heap_Size = 0x1000
                0x0000000000002000                _Min_Stack_Size = 0x2000

.isr_vector     0x0000000008000000      0x188
                0x0000000008000000                . = ALIGN (0x4)
 *(.isr_vector)
 .isr_vector    0x0000000008000000      0x188 CMakeFiles/ec_hw_platform.elf.dir/Core/Startup/startup_stm32f407ighx.s.obj
                0x0000000008000000                g_pfnVectors
                0x0000000008000188                . = ALIGN (0x4)

.text           0x0000000008000188     0x36b8
                0x0000000008000188                . = ALIGN (0x4)
 *(.text)
 .text          0x0000000008000188       0x40 C:/ST/STM32CubeCLT/GNU-tools-for-STM32/bin/../lib/gcc/arm-none-eabi/11.3.1/thumb/v7e-m/nofp/crtbegin.o
 .text          0x00000000080001c8       0x30 C:/ST/STM32CubeCLT/GNU-tools-for-STM32/bin/../lib/gcc/arm-none-eabi/11.3.1/thumb/v7e-m/nofp\libgcc.a(_aeabi_uldivmod.o)
                0x00000000080001c8                __aeabi_uldivmod
 .text          0x00000000080001f8      0x2c8 C:/ST/STM32CubeCLT/GNU-tools-for-STM32/bin/../lib/gcc/arm-none-eabi/11.3.1/thumb/v7e-m/nofp\libgcc.a(_udivmoddi4.o)
                0x00000000080001f8                __udivmoddi4
 .text          0x00000000080004c0        0x4 C:/ST/STM32CubeCLT/GNU-tools-for-STM32/bin/../lib/gcc/arm-none-eabi/11.3.1/thumb/v7e-m/nofp\libgcc.a(_dvmd_tls.o)
                0x00000000080004c0                __aeabi_idiv0
                0x00000000080004c0                __aeabi_ldiv0
 *(.text*)
 .text.MX_ADC3_Init
                0x00000000080004c4       0x74 CMakeFiles/ec_hw_platform.elf.dir/Core/Src/adc.c.obj
                0x00000000080004c4                MX_ADC3_Init
 .text.HAL_ADC_MspInit
                0x0000000008000538       0x78 CMakeFiles/ec_hw_platform.elf.dir/Core/Src/adc.c.obj
                0x0000000008000538                HAL_ADC_MspInit
 .text.MX_CAN1_Init
                0x00000000080005b0       0x44 CMakeFiles/ec_hw_platform.elf.dir/Core/Src/can.c.obj
                0x00000000080005b0                MX_CAN1_Init
 .text.MX_CAN2_Init
                0x00000000080005f4       0x44 CMakeFiles/ec_hw_platform.elf.dir/Core/Src/can.c.obj
                0x00000000080005f4                MX_CAN2_Init
 .text.HAL_CAN_MspInit
                0x0000000008000638      0x124 CMakeFiles/ec_hw_platform.elf.dir/Core/Src/can.c.obj
                0x0000000008000638                HAL_CAN_MspInit
 .text.MX_DMA_Init
                0x000000000800075c       0x84 CMakeFiles/ec_hw_platform.elf.dir/Core/Src/dma.c.obj
                0x000000000800075c                MX_DMA_Init
 .text.MX_GPIO_Init
                0x00000000080007e0      0x174 CMakeFiles/ec_hw_platform.elf.dir/Core/Src/gpio.c.obj
                0x00000000080007e0                MX_GPIO_Init
 .text.MX_IWDG_Init
                0x0000000008000954       0x28 CMakeFiles/ec_hw_platform.elf.dir/Core/Src/iwdg.c.obj
                0x0000000008000954                MX_IWDG_Init
 .text.Error_Handler
                0x000000000800097c        0x4 CMakeFiles/ec_hw_platform.elf.dir/Core/Src/main.c.obj
                0x000000000800097c                Error_Handler
 .text.SystemClock_Config
                0x0000000008000980       0xac CMakeFiles/ec_hw_platform.elf.dir/Core/Src/main.c.obj
                0x0000000008000980                SystemClock_Config
 .text.main     0x0000000008000a2c       0x48 CMakeFiles/ec_hw_platform.elf.dir/Core/Src/main.c.obj
                0x0000000008000a2c                main
 .text.MX_SPI1_Init
                0x0000000008000a74       0x48 CMakeFiles/ec_hw_platform.elf.dir/Core/Src/spi.c.obj
                0x0000000008000a74                MX_SPI1_Init
 .text.HAL_SPI_MspInit
                0x0000000008000abc      0x138 CMakeFiles/ec_hw_platform.elf.dir/Core/Src/spi.c.obj
                0x0000000008000abc                HAL_SPI_MspInit
 .text.HAL_MspInit
                0x0000000008000bf4       0x48 CMakeFiles/ec_hw_platform.elf.dir/Core/Src/stm32f4xx_hal_msp.c.obj
                0x0000000008000bf4                HAL_MspInit
 .text.NMI_Handler
                0x0000000008000c3c        0x2 CMakeFiles/ec_hw_platform.elf.dir/Core/Src/stm32f4xx_it.c.obj
                0x0000000008000c3c                NMI_Handler
 .text.HardFault_Handler
                0x0000000008000c3e        0x2 CMakeFiles/ec_hw_platform.elf.dir/Core/Src/stm32f4xx_it.c.obj
                0x0000000008000c3e                HardFault_Handler
 .text.MemManage_Handler
                0x0000000008000c40        0x2 CMakeFiles/ec_hw_platform.elf.dir/Core/Src/stm32f4xx_it.c.obj
                0x0000000008000c40                MemManage_Handler
 .text.BusFault_Handler
                0x0000000008000c42        0x2 CMakeFiles/ec_hw_platform.elf.dir/Core/Src/stm32f4xx_it.c.obj
                0x0000000008000c42                BusFault_Handler
 .text.UsageFault_Handler
                0x0000000008000c44        0x2 CMakeFiles/ec_hw_platform.elf.dir/Core/Src/stm32f4xx_it.c.obj
                0x0000000008000c44                UsageFault_Handler
 .text.SVC_Handler
                0x0000000008000c46        0x2 CMakeFiles/ec_hw_platform.elf.dir/Core/Src/stm32f4xx_it.c.obj
                0x0000000008000c46                SVC_Handler
 .text.DebugMon_Handler
                0x0000000008000c48        0x2 CMakeFiles/ec_hw_platform.elf.dir/Core/Src/stm32f4xx_it.c.obj
                0x0000000008000c48                DebugMon_Handler
 .text.PendSV_Handler
                0x0000000008000c4a        0x2 CMakeFiles/ec_hw_platform.elf.dir/Core/Src/stm32f4xx_it.c.obj
                0x0000000008000c4a                PendSV_Handler
 .text.SysTick_Handler
                0x0000000008000c4c        0x8 CMakeFiles/ec_hw_platform.elf.dir/Core/Src/stm32f4xx_it.c.obj
                0x0000000008000c4c                SysTick_Handler
 .text.RCC_IRQHandler
                0x0000000008000c54        0x2 CMakeFiles/ec_hw_platform.elf.dir/Core/Src/stm32f4xx_it.c.obj
                0x0000000008000c54                RCC_IRQHandler
 *fill*         0x0000000008000c56        0x2 
 .text.ADC_IRQHandler
                0x0000000008000c58       0x10 CMakeFiles/ec_hw_platform.elf.dir/Core/Src/stm32f4xx_it.c.obj
                0x0000000008000c58                ADC_IRQHandler
 .text.CAN1_RX0_IRQHandler
                0x0000000008000c68       0x10 CMakeFiles/ec_hw_platform.elf.dir/Core/Src/stm32f4xx_it.c.obj
                0x0000000008000c68                CAN1_RX0_IRQHandler
 .text.SPI1_IRQHandler
                0x0000000008000c78       0x10 CMakeFiles/ec_hw_platform.elf.dir/Core/Src/stm32f4xx_it.c.obj
                0x0000000008000c78                SPI1_IRQHandler
 .text.USART1_IRQHandler
                0x0000000008000c88       0x10 CMakeFiles/ec_hw_platform.elf.dir/Core/Src/stm32f4xx_it.c.obj
                0x0000000008000c88                USART1_IRQHandler
 .text.USART3_IRQHandler
                0x0000000008000c98       0x10 CMakeFiles/ec_hw_platform.elf.dir/Core/Src/stm32f4xx_it.c.obj
                0x0000000008000c98                USART3_IRQHandler
 .text.TIM6_DAC_IRQHandler
                0x0000000008000ca8       0x10 CMakeFiles/ec_hw_platform.elf.dir/Core/Src/stm32f4xx_it.c.obj
                0x0000000008000ca8                TIM6_DAC_IRQHandler
 .text.TIM7_IRQHandler
                0x0000000008000cb8       0x10 CMakeFiles/ec_hw_platform.elf.dir/Core/Src/stm32f4xx_it.c.obj
                0x0000000008000cb8                TIM7_IRQHandler
 .text.DMA2_Stream0_IRQHandler
                0x0000000008000cc8       0x10 CMakeFiles/ec_hw_platform.elf.dir/Core/Src/stm32f4xx_it.c.obj
                0x0000000008000cc8                DMA2_Stream0_IRQHandler
 .text.DMA2_Stream1_IRQHandler
                0x0000000008000cd8       0x10 CMakeFiles/ec_hw_platform.elf.dir/Core/Src/stm32f4xx_it.c.obj
                0x0000000008000cd8                DMA2_Stream1_IRQHandler
 .text.DMA2_Stream2_IRQHandler
                0x0000000008000ce8       0x10 CMakeFiles/ec_hw_platform.elf.dir/Core/Src/stm32f4xx_it.c.obj
                0x0000000008000ce8                DMA2_Stream2_IRQHandler
 .text.DMA2_Stream3_IRQHandler
                0x0000000008000cf8       0x10 CMakeFiles/ec_hw_platform.elf.dir/Core/Src/stm32f4xx_it.c.obj
                0x0000000008000cf8                DMA2_Stream3_IRQHandler
 .text.CAN2_RX0_IRQHandler
                0x0000000008000d08       0x10 CMakeFiles/ec_hw_platform.elf.dir/Core/Src/stm32f4xx_it.c.obj
                0x0000000008000d08                CAN2_RX0_IRQHandler
 .text.DMA2_Stream6_IRQHandler
                0x0000000008000d18       0x10 CMakeFiles/ec_hw_platform.elf.dir/Core/Src/stm32f4xx_it.c.obj
                0x0000000008000d18                DMA2_Stream6_IRQHandler
 .text.DMA2_Stream7_IRQHandler
                0x0000000008000d28       0x10 CMakeFiles/ec_hw_platform.elf.dir/Core/Src/stm32f4xx_it.c.obj
                0x0000000008000d28                DMA2_Stream7_IRQHandler
 .text.USART6_IRQHandler
                0x0000000008000d38       0x10 CMakeFiles/ec_hw_platform.elf.dir/Core/Src/stm32f4xx_it.c.obj
                0x0000000008000d38                USART6_IRQHandler
 .text.SystemInit
                0x0000000008000d48        0x2 CMakeFiles/ec_hw_platform.elf.dir/Core/Src/system_stm32f4xx.c.obj
                0x0000000008000d48                SystemInit
 *fill*         0x0000000008000d4a        0x2 
 .text.MX_TIM3_Init
                0x0000000008000d4c       0x70 CMakeFiles/ec_hw_platform.elf.dir/Core/Src/tim.c.obj
                0x0000000008000d4c                MX_TIM3_Init
 .text.MX_TIM4_Init
                0x0000000008000dbc       0x70 CMakeFiles/ec_hw_platform.elf.dir/Core/Src/tim.c.obj
                0x0000000008000dbc                MX_TIM4_Init
 .text.MX_TIM5_Init
                0x0000000008000e2c       0x6c CMakeFiles/ec_hw_platform.elf.dir/Core/Src/tim.c.obj
                0x0000000008000e2c                MX_TIM5_Init
 .text.MX_TIM6_Init
                0x0000000008000e98       0x50 CMakeFiles/ec_hw_platform.elf.dir/Core/Src/tim.c.obj
                0x0000000008000e98                MX_TIM6_Init
 .text.MX_TIM7_Init
                0x0000000008000ee8       0x50 CMakeFiles/ec_hw_platform.elf.dir/Core/Src/tim.c.obj
                0x0000000008000ee8                MX_TIM7_Init
 .text.HAL_TIM_Base_MspInit
                0x0000000008000f38      0x174 CMakeFiles/ec_hw_platform.elf.dir/Core/Src/tim.c.obj
                0x0000000008000f38                HAL_TIM_Base_MspInit
 .text.MX_USART1_UART_Init
                0x00000000080010ac       0x38 CMakeFiles/ec_hw_platform.elf.dir/Core/Src/usart.c.obj
                0x00000000080010ac                MX_USART1_UART_Init
 .text.MX_USART3_UART_Init
                0x00000000080010e4       0x3c CMakeFiles/ec_hw_platform.elf.dir/Core/Src/usart.c.obj
                0x00000000080010e4                MX_USART3_UART_Init
 .text.MX_USART6_UART_Init
                0x0000000008001120       0x34 CMakeFiles/ec_hw_platform.elf.dir/Core/Src/usart.c.obj
                0x0000000008001120                MX_USART6_UART_Init
 .text.HAL_UART_MspInit
                0x0000000008001154      0x29c CMakeFiles/ec_hw_platform.elf.dir/Core/Src/usart.c.obj
                0x0000000008001154                HAL_UART_MspInit
 .text.Reset_Handler
                0x00000000080013f0       0x50 CMakeFiles/ec_hw_platform.elf.dir/Core/Startup/startup_stm32f407ighx.s.obj
                0x00000000080013f0                Reset_Handler
 .text.Default_Handler
                0x0000000008001440        0x2 CMakeFiles/ec_hw_platform.elf.dir/Core/Startup/startup_stm32f407ighx.s.obj
                0x0000000008001440                RTC_Alarm_IRQHandler
                0x0000000008001440                HASH_RNG_IRQHandler
                0x0000000008001440                EXTI2_IRQHandler
                0x0000000008001440                TIM8_CC_IRQHandler
                0x0000000008001440                TIM1_CC_IRQHandler
                0x0000000008001440                DMA2_Stream5_IRQHandler
                0x0000000008001440                DMA1_Stream5_IRQHandler
                0x0000000008001440                PVD_IRQHandler
                0x0000000008001440                SDIO_IRQHandler
                0x0000000008001440                TAMP_STAMP_IRQHandler
                0x0000000008001440                CAN2_RX1_IRQHandler
                0x0000000008001440                EXTI3_IRQHandler
                0x0000000008001440                TIM8_TRG_COM_TIM14_IRQHandler
                0x0000000008001440                TIM1_UP_TIM10_IRQHandler
                0x0000000008001440                TIM8_UP_TIM13_IRQHandler
                0x0000000008001440                I2C3_ER_IRQHandler
                0x0000000008001440                EXTI0_IRQHandler
                0x0000000008001440                I2C2_EV_IRQHandler
                0x0000000008001440                DMA1_Stream2_IRQHandler
                0x0000000008001440                FPU_IRQHandler
                0x0000000008001440                OTG_HS_WKUP_IRQHandler
                0x0000000008001440                CAN2_SCE_IRQHandler
                0x0000000008001440                TIM1_BRK_TIM9_IRQHandler
                0x0000000008001440                DCMI_IRQHandler
                0x0000000008001440                CAN1_RX1_IRQHandler
                0x0000000008001440                UART5_IRQHandler
                0x0000000008001440                TIM4_IRQHandler
                0x0000000008001440                I2C1_EV_IRQHandler
                0x0000000008001440                DMA1_Stream6_IRQHandler
                0x0000000008001440                DMA1_Stream1_IRQHandler
                0x0000000008001440                UART4_IRQHandler
                0x0000000008001440                TIM3_IRQHandler
                0x0000000008001440                TIM8_BRK_TIM12_IRQHandler
                0x0000000008001440                Default_Handler
                0x0000000008001440                EXTI15_10_IRQHandler
                0x0000000008001440                DMA1_Stream7_IRQHandler
                0x0000000008001440                CAN2_TX_IRQHandler
                0x0000000008001440                TIM5_IRQHandler
                0x0000000008001440                I2C3_EV_IRQHandler
                0x0000000008001440                EXTI9_5_IRQHandler
                0x0000000008001440                RTC_WKUP_IRQHandler
                0x0000000008001440                ETH_WKUP_IRQHandler
                0x0000000008001440                SPI2_IRQHandler
                0x0000000008001440                OTG_HS_EP1_IN_IRQHandler
                0x0000000008001440                DMA1_Stream0_IRQHandler
                0x0000000008001440                CAN1_TX_IRQHandler
                0x0000000008001440                EXTI4_IRQHandler
                0x0000000008001440                FSMC_IRQHandler
                0x0000000008001440                ETH_IRQHandler
                0x0000000008001440                OTG_HS_EP1_OUT_IRQHandler
                0x0000000008001440                WWDG_IRQHandler
                0x0000000008001440                TIM2_IRQHandler
                0x0000000008001440                OTG_FS_WKUP_IRQHandler
                0x0000000008001440                TIM1_TRG_COM_TIM11_IRQHandler
                0x0000000008001440                OTG_HS_IRQHandler
                0x0000000008001440                EXTI1_IRQHandler
                0x0000000008001440                USART2_IRQHandler
                0x0000000008001440                I2C2_ER_IRQHandler
                0x0000000008001440                CAN1_SCE_IRQHandler
                0x0000000008001440                FLASH_IRQHandler
                0x0000000008001440                DMA2_Stream4_IRQHandler
                0x0000000008001440                OTG_FS_IRQHandler
                0x0000000008001440                SPI3_IRQHandler
                0x0000000008001440                DMA1_Stream4_IRQHandler
                0x0000000008001440                I2C1_ER_IRQHandler
                0x0000000008001440                DMA1_Stream3_IRQHandler
 *fill*         0x0000000008001442        0x2 
 .text.HAL_InitTick
                0x0000000008001444       0x4c CMakeFiles/ec_hw_platform.elf.dir/Drivers/STM32F4xx_HAL_Driver/Src/stm32f4xx_hal.c.obj
                0x0000000008001444                HAL_InitTick
 .text.HAL_Init
                0x0000000008001490       0x34 CMakeFiles/ec_hw_platform.elf.dir/Drivers/STM32F4xx_HAL_Driver/Src/stm32f4xx_hal.c.obj
                0x0000000008001490                HAL_Init
 .text.HAL_IncTick
                0x00000000080014c4       0x18 CMakeFiles/ec_hw_platform.elf.dir/Drivers/STM32F4xx_HAL_Driver/Src/stm32f4xx_hal.c.obj
                0x00000000080014c4                HAL_IncTick
 .text.HAL_GetTick
                0x00000000080014dc        0xc CMakeFiles/ec_hw_platform.elf.dir/Drivers/STM32F4xx_HAL_Driver/Src/stm32f4xx_hal.c.obj
                0x00000000080014dc                HAL_GetTick
 .text.ADC_Init
                0x00000000080014e8      0x134 CMakeFiles/ec_hw_platform.elf.dir/Drivers/STM32F4xx_HAL_Driver/Src/stm32f4xx_hal_adc.c.obj
 .text.HAL_ADC_Init
                0x000000000800161c       0x56 CMakeFiles/ec_hw_platform.elf.dir/Drivers/STM32F4xx_HAL_Driver/Src/stm32f4xx_hal_adc.c.obj
                0x000000000800161c                HAL_ADC_Init
 .text.HAL_ADC_ConvCpltCallback
                0x0000000008001672        0x2 CMakeFiles/ec_hw_platform.elf.dir/Drivers/STM32F4xx_HAL_Driver/Src/stm32f4xx_hal_adc.c.obj
                0x0000000008001672                HAL_ADC_ConvCpltCallback
 .text.HAL_ADC_LevelOutOfWindowCallback
                0x0000000008001674        0x2 CMakeFiles/ec_hw_platform.elf.dir/Drivers/STM32F4xx_HAL_Driver/Src/stm32f4xx_hal_adc.c.obj
                0x0000000008001674                HAL_ADC_LevelOutOfWindowCallback
 .text.HAL_ADC_ErrorCallback
                0x0000000008001676        0x2 CMakeFiles/ec_hw_platform.elf.dir/Drivers/STM32F4xx_HAL_Driver/Src/stm32f4xx_hal_adc.c.obj
                0x0000000008001676                HAL_ADC_ErrorCallback
 .text.HAL_ADC_IRQHandler
                0x0000000008001678      0x142 CMakeFiles/ec_hw_platform.elf.dir/Drivers/STM32F4xx_HAL_Driver/Src/stm32f4xx_hal_adc.c.obj
                0x0000000008001678                HAL_ADC_IRQHandler
 *fill*         0x00000000080017ba        0x2 
 .text.HAL_ADC_ConfigChannel
                0x00000000080017bc      0x194 CMakeFiles/ec_hw_platform.elf.dir/Drivers/STM32F4xx_HAL_Driver/Src/stm32f4xx_hal_adc.c.obj
                0x00000000080017bc                HAL_ADC_ConfigChannel
 .text.HAL_ADCEx_InjectedConvCpltCallback
                0x0000000008001950        0x2 CMakeFiles/ec_hw_platform.elf.dir/Drivers/STM32F4xx_HAL_Driver/Src/stm32f4xx_hal_adc_ex.c.obj
                0x0000000008001950                HAL_ADCEx_InjectedConvCpltCallback
 .text.HAL_CAN_Init
                0x0000000008001952      0x14c CMakeFiles/ec_hw_platform.elf.dir/Drivers/STM32F4xx_HAL_Driver/Src/stm32f4xx_hal_can.c.obj
                0x0000000008001952                HAL_CAN_Init
 .text.HAL_CAN_TxMailbox0CompleteCallback
                0x0000000008001a9e        0x2 CMakeFiles/ec_hw_platform.elf.dir/Drivers/STM32F4xx_HAL_Driver/Src/stm32f4xx_hal_can.c.obj
                0x0000000008001a9e                HAL_CAN_TxMailbox0CompleteCallback
 .text.HAL_CAN_TxMailbox1CompleteCallback
                0x0000000008001aa0        0x2 CMakeFiles/ec_hw_platform.elf.dir/Drivers/STM32F4xx_HAL_Driver/Src/stm32f4xx_hal_can.c.obj
                0x0000000008001aa0                HAL_CAN_TxMailbox1CompleteCallback
 .text.HAL_CAN_TxMailbox2CompleteCallback
                0x0000000008001aa2        0x2 CMakeFiles/ec_hw_platform.elf.dir/Drivers/STM32F4xx_HAL_Driver/Src/stm32f4xx_hal_can.c.obj
                0x0000000008001aa2                HAL_CAN_TxMailbox2CompleteCallback
 .text.HAL_CAN_TxMailbox0AbortCallback
                0x0000000008001aa4        0x2 CMakeFiles/ec_hw_platform.elf.dir/Drivers/STM32F4xx_HAL_Driver/Src/stm32f4xx_hal_can.c.obj
                0x0000000008001aa4                HAL_CAN_TxMailbox0AbortCallback
 .text.HAL_CAN_TxMailbox1AbortCallback
                0x0000000008001aa6        0x2 CMakeFiles/ec_hw_platform.elf.dir/Drivers/STM32F4xx_HAL_Driver/Src/stm32f4xx_hal_can.c.obj
                0x0000000008001aa6                HAL_CAN_TxMailbox1AbortCallback
 .text.HAL_CAN_TxMailbox2AbortCallback
                0x0000000008001aa8        0x2 CMakeFiles/ec_hw_platform.elf.dir/Drivers/STM32F4xx_HAL_Driver/Src/stm32f4xx_hal_can.c.obj
                0x0000000008001aa8                HAL_CAN_TxMailbox2AbortCallback
 .text.HAL_CAN_RxFifo0MsgPendingCallback
                0x0000000008001aaa        0x2 CMakeFiles/ec_hw_platform.elf.dir/Drivers/STM32F4xx_HAL_Driver/Src/stm32f4xx_hal_can.c.obj
                0x0000000008001aaa                HAL_CAN_RxFifo0MsgPendingCallback
 .text.HAL_CAN_RxFifo0FullCallback
                0x0000000008001aac        0x2 CMakeFiles/ec_hw_platform.elf.dir/Drivers/STM32F4xx_HAL_Driver/Src/stm32f4xx_hal_can.c.obj
                0x0000000008001aac                HAL_CAN_RxFifo0FullCallback
 .text.HAL_CAN_RxFifo1MsgPendingCallback
                0x0000000008001aae        0x2 CMakeFiles/ec_hw_platform.elf.dir/Drivers/STM32F4xx_HAL_Driver/Src/stm32f4xx_hal_can.c.obj
                0x0000000008001aae                HAL_CAN_RxFifo1MsgPendingCallback
 .text.HAL_CAN_RxFifo1FullCallback
                0x0000000008001ab0        0x2 CMakeFiles/ec_hw_platform.elf.dir/Drivers/STM32F4xx_HAL_Driver/Src/stm32f4xx_hal_can.c.obj
                0x0000000008001ab0                HAL_CAN_RxFifo1FullCallback
 .text.HAL_CAN_SleepCallback
                0x0000000008001ab2        0x2 CMakeFiles/ec_hw_platform.elf.dir/Drivers/STM32F4xx_HAL_Driver/Src/stm32f4xx_hal_can.c.obj
                0x0000000008001ab2                HAL_CAN_SleepCallback
 .text.HAL_CAN_WakeUpFromRxMsgCallback
                0x0000000008001ab4        0x2 CMakeFiles/ec_hw_platform.elf.dir/Drivers/STM32F4xx_HAL_Driver/Src/stm32f4xx_hal_can.c.obj
                0x0000000008001ab4                HAL_CAN_WakeUpFromRxMsgCallback
 .text.HAL_CAN_ErrorCallback
                0x0000000008001ab6        0x2 CMakeFiles/ec_hw_platform.elf.dir/Drivers/STM32F4xx_HAL_Driver/Src/stm32f4xx_hal_can.c.obj
                0x0000000008001ab6                HAL_CAN_ErrorCallback
 .text.HAL_CAN_IRQHandler
                0x0000000008001ab8      0x24a CMakeFiles/ec_hw_platform.elf.dir/Drivers/STM32F4xx_HAL_Driver/Src/stm32f4xx_hal_can.c.obj
                0x0000000008001ab8                HAL_CAN_IRQHandler
 *fill*         0x0000000008001d02        0x2 
 .text.HAL_NVIC_SetPriorityGrouping
                0x0000000008001d04       0x24 CMakeFiles/ec_hw_platform.elf.dir/Drivers/STM32F4xx_HAL_Driver/Src/stm32f4xx_hal_cortex.c.obj
                0x0000000008001d04                HAL_NVIC_SetPriorityGrouping
 .text.HAL_NVIC_SetPriority
                0x0000000008001d28       0x70 CMakeFiles/ec_hw_platform.elf.dir/Drivers/STM32F4xx_HAL_Driver/Src/stm32f4xx_hal_cortex.c.obj
                0x0000000008001d28                HAL_NVIC_SetPriority
 .text.HAL_NVIC_EnableIRQ
                0x0000000008001d98       0x1c CMakeFiles/ec_hw_platform.elf.dir/Drivers/STM32F4xx_HAL_Driver/Src/stm32f4xx_hal_cortex.c.obj
                0x0000000008001d98                HAL_NVIC_EnableIRQ
 .text.HAL_SYSTICK_Config
                0x0000000008001db4       0x28 CMakeFiles/ec_hw_platform.elf.dir/Drivers/STM32F4xx_HAL_Driver/Src/stm32f4xx_hal_cortex.c.obj
                0x0000000008001db4                HAL_SYSTICK_Config
 .text.DMA_CalcBaseAndBitshift
                0x0000000008001ddc       0x40 CMakeFiles/ec_hw_platform.elf.dir/Drivers/STM32F4xx_HAL_Driver/Src/stm32f4xx_hal_dma.c.obj
 .text.DMA_CheckFifoParam
                0x0000000008001e1c       0x8e CMakeFiles/ec_hw_platform.elf.dir/Drivers/STM32F4xx_HAL_Driver/Src/stm32f4xx_hal_dma.c.obj
 *fill*         0x0000000008001eaa        0x2 
 .text.HAL_DMA_Init
                0x0000000008001eac       0xcc CMakeFiles/ec_hw_platform.elf.dir/Drivers/STM32F4xx_HAL_Driver/Src/stm32f4xx_hal_dma.c.obj
                0x0000000008001eac                HAL_DMA_Init
 .text.HAL_DMA_Abort
                0x0000000008001f78       0x94 CMakeFiles/ec_hw_platform.elf.dir/Drivers/STM32F4xx_HAL_Driver/Src/stm32f4xx_hal_dma.c.obj
                0x0000000008001f78                HAL_DMA_Abort
 .text.HAL_DMA_Abort_IT
                0x000000000800200c       0x26 CMakeFiles/ec_hw_platform.elf.dir/Drivers/STM32F4xx_HAL_Driver/Src/stm32f4xx_hal_dma.c.obj
                0x000000000800200c                HAL_DMA_Abort_IT
 *fill*         0x0000000008002032        0x2 
 .text.HAL_DMA_IRQHandler
                0x0000000008002034      0x1dc CMakeFiles/ec_hw_platform.elf.dir/Drivers/STM32F4xx_HAL_Driver/Src/stm32f4xx_hal_dma.c.obj
                0x0000000008002034                HAL_DMA_IRQHandler
 .text.HAL_GPIO_Init
                0x0000000008002210      0x1f4 CMakeFiles/ec_hw_platform.elf.dir/Drivers/STM32F4xx_HAL_Driver/Src/stm32f4xx_hal_gpio.c.obj
                0x0000000008002210                HAL_GPIO_Init
 .text.HAL_GPIO_WritePin
                0x0000000008002404        0xc CMakeFiles/ec_hw_platform.elf.dir/Drivers/STM32F4xx_HAL_Driver/Src/stm32f4xx_hal_gpio.c.obj
                0x0000000008002404                HAL_GPIO_WritePin
 .text.HAL_IWDG_Init
                0x0000000008002410       0x58 CMakeFiles/ec_hw_platform.elf.dir/Drivers/STM32F4xx_HAL_Driver/Src/stm32f4xx_hal_iwdg.c.obj
                0x0000000008002410                HAL_IWDG_Init
 .text.HAL_RCC_OscConfig
                0x0000000008002468      0x3f8 CMakeFiles/ec_hw_platform.elf.dir/Drivers/STM32F4xx_HAL_Driver/Src/stm32f4xx_hal_rcc.c.obj
                0x0000000008002468                HAL_RCC_OscConfig
 .text.HAL_RCC_GetSysClockFreq
                0x0000000008002860       0xa8 CMakeFiles/ec_hw_platform.elf.dir/Drivers/STM32F4xx_HAL_Driver/Src/stm32f4xx_hal_rcc.c.obj
                0x0000000008002860                HAL_RCC_GetSysClockFreq
 .text.HAL_RCC_ClockConfig
                0x0000000008002908      0x160 CMakeFiles/ec_hw_platform.elf.dir/Drivers/STM32F4xx_HAL_Driver/Src/stm32f4xx_hal_rcc.c.obj
                0x0000000008002908                HAL_RCC_ClockConfig
 .text.HAL_RCC_GetHCLKFreq
                0x0000000008002a68        0xc CMakeFiles/ec_hw_platform.elf.dir/Drivers/STM32F4xx_HAL_Driver/Src/stm32f4xx_hal_rcc.c.obj
                0x0000000008002a68                HAL_RCC_GetHCLKFreq
 .text.HAL_RCC_GetPCLK1Freq
                0x0000000008002a74       0x20 CMakeFiles/ec_hw_platform.elf.dir/Drivers/STM32F4xx_HAL_Driver/Src/stm32f4xx_hal_rcc.c.obj
                0x0000000008002a74                HAL_RCC_GetPCLK1Freq
 .text.HAL_RCC_GetPCLK2Freq
                0x0000000008002a94       0x20 CMakeFiles/ec_hw_platform.elf.dir/Drivers/STM32F4xx_HAL_Driver/Src/stm32f4xx_hal_rcc.c.obj
                0x0000000008002a94                HAL_RCC_GetPCLK2Freq
 .text.HAL_SPI_Init
                0x0000000008002ab4       0xbe CMakeFiles/ec_hw_platform.elf.dir/Drivers/STM32F4xx_HAL_Driver/Src/stm32f4xx_hal_spi.c.obj
                0x0000000008002ab4                HAL_SPI_Init
 .text.HAL_SPI_ErrorCallback
                0x0000000008002b72        0x2 CMakeFiles/ec_hw_platform.elf.dir/Drivers/STM32F4xx_HAL_Driver/Src/stm32f4xx_hal_spi.c.obj
                0x0000000008002b72                HAL_SPI_ErrorCallback
 .text.HAL_SPI_IRQHandler
                0x0000000008002b74      0x118 CMakeFiles/ec_hw_platform.elf.dir/Drivers/STM32F4xx_HAL_Driver/Src/stm32f4xx_hal_spi.c.obj
                0x0000000008002b74                HAL_SPI_IRQHandler
 .text.SPI_DMAAbortOnError
                0x0000000008002c8c       0x10 CMakeFiles/ec_hw_platform.elf.dir/Drivers/STM32F4xx_HAL_Driver/Src/stm32f4xx_hal_spi.c.obj
 .text.TIM_TI1_ConfigInputStage
                0x0000000008002c9c       0x24 CMakeFiles/ec_hw_platform.elf.dir/Drivers/STM32F4xx_HAL_Driver/Src/stm32f4xx_hal_tim.c.obj
 .text.TIM_TI2_ConfigInputStage
                0x0000000008002cc0       0x26 CMakeFiles/ec_hw_platform.elf.dir/Drivers/STM32F4xx_HAL_Driver/Src/stm32f4xx_hal_tim.c.obj
 .text.TIM_ITRx_SetConfig
                0x0000000008002ce6       0x10 CMakeFiles/ec_hw_platform.elf.dir/Drivers/STM32F4xx_HAL_Driver/Src/stm32f4xx_hal_tim.c.obj
 .text.HAL_TIM_PeriodElapsedCallback
                0x0000000008002cf6        0x2 CMakeFiles/ec_hw_platform.elf.dir/Drivers/STM32F4xx_HAL_Driver/Src/stm32f4xx_hal_tim.c.obj
                0x0000000008002cf6                HAL_TIM_PeriodElapsedCallback
 .text.HAL_TIM_OC_DelayElapsedCallback
                0x0000000008002cf8        0x2 CMakeFiles/ec_hw_platform.elf.dir/Drivers/STM32F4xx_HAL_Driver/Src/stm32f4xx_hal_tim.c.obj
                0x0000000008002cf8                HAL_TIM_OC_DelayElapsedCallback
 .text.HAL_TIM_IC_CaptureCallback
                0x0000000008002cfa        0x2 CMakeFiles/ec_hw_platform.elf.dir/Drivers/STM32F4xx_HAL_Driver/Src/stm32f4xx_hal_tim.c.obj
                0x0000000008002cfa                HAL_TIM_IC_CaptureCallback
 .text.HAL_TIM_PWM_PulseFinishedCallback
                0x0000000008002cfc        0x2 CMakeFiles/ec_hw_platform.elf.dir/Drivers/STM32F4xx_HAL_Driver/Src/stm32f4xx_hal_tim.c.obj
                0x0000000008002cfc                HAL_TIM_PWM_PulseFinishedCallback
 .text.HAL_TIM_TriggerCallback
                0x0000000008002cfe        0x2 CMakeFiles/ec_hw_platform.elf.dir/Drivers/STM32F4xx_HAL_Driver/Src/stm32f4xx_hal_tim.c.obj
                0x0000000008002cfe                HAL_TIM_TriggerCallback
 .text.HAL_TIM_IRQHandler
                0x0000000008002d00      0x17a CMakeFiles/ec_hw_platform.elf.dir/Drivers/STM32F4xx_HAL_Driver/Src/stm32f4xx_hal_tim.c.obj
                0x0000000008002d00                HAL_TIM_IRQHandler
 *fill*         0x0000000008002e7a        0x2 
 .text.TIM_Base_SetConfig
                0x0000000008002e7c       0xc8 CMakeFiles/ec_hw_platform.elf.dir/Drivers/STM32F4xx_HAL_Driver/Src/stm32f4xx_hal_tim.c.obj
                0x0000000008002e7c                TIM_Base_SetConfig
 .text.HAL_TIM_Base_Init
                0x0000000008002f44       0x58 CMakeFiles/ec_hw_platform.elf.dir/Drivers/STM32F4xx_HAL_Driver/Src/stm32f4xx_hal_tim.c.obj
                0x0000000008002f44                HAL_TIM_Base_Init
 .text.TIM_ETR_SetConfig
                0x0000000008002f9c       0x18 CMakeFiles/ec_hw_platform.elf.dir/Drivers/STM32F4xx_HAL_Driver/Src/stm32f4xx_hal_tim.c.obj
                0x0000000008002f9c                TIM_ETR_SetConfig
 .text.HAL_TIM_ConfigClockSource
                0x0000000008002fb4       0xfe CMakeFiles/ec_hw_platform.elf.dir/Drivers/STM32F4xx_HAL_Driver/Src/stm32f4xx_hal_tim.c.obj
                0x0000000008002fb4                HAL_TIM_ConfigClockSource
 *fill*         0x00000000080030b2        0x2 
 .text.HAL_TIMEx_MasterConfigSynchronization
                0x00000000080030b4       0x8c CMakeFiles/ec_hw_platform.elf.dir/Drivers/STM32F4xx_HAL_Driver/Src/stm32f4xx_hal_tim_ex.c.obj
                0x00000000080030b4                HAL_TIMEx_MasterConfigSynchronization
 .text.HAL_TIMEx_CommutCallback
                0x0000000008003140        0x2 CMakeFiles/ec_hw_platform.elf.dir/Drivers/STM32F4xx_HAL_Driver/Src/stm32f4xx_hal_tim_ex.c.obj
                0x0000000008003140                HAL_TIMEx_CommutCallback
 .text.HAL_TIMEx_BreakCallback
                0x0000000008003142        0x2 CMakeFiles/ec_hw_platform.elf.dir/Drivers/STM32F4xx_HAL_Driver/Src/stm32f4xx_hal_tim_ex.c.obj
                0x0000000008003142                HAL_TIMEx_BreakCallback
 .text.UART_EndRxTransfer
                0x0000000008003144       0x5c CMakeFiles/ec_hw_platform.elf.dir/Drivers/STM32F4xx_HAL_Driver/Src/stm32f4xx_hal_uart.c.obj
 .text.UART_Transmit_IT
                0x00000000080031a0       0x60 CMakeFiles/ec_hw_platform.elf.dir/Drivers/STM32F4xx_HAL_Driver/Src/stm32f4xx_hal_uart.c.obj
 .text.UART_SetConfig
                0x0000000008003200      0x110 CMakeFiles/ec_hw_platform.elf.dir/Drivers/STM32F4xx_HAL_Driver/Src/stm32f4xx_hal_uart.c.obj
 .text.HAL_UART_Init
                0x0000000008003310       0x5e CMakeFiles/ec_hw_platform.elf.dir/Drivers/STM32F4xx_HAL_Driver/Src/stm32f4xx_hal_uart.c.obj
                0x0000000008003310                HAL_UART_Init
 .text.HAL_UART_TxCpltCallback
                0x000000000800336e        0x2 CMakeFiles/ec_hw_platform.elf.dir/Drivers/STM32F4xx_HAL_Driver/Src/stm32f4xx_hal_uart.c.obj
                0x000000000800336e                HAL_UART_TxCpltCallback
 .text.UART_EndTransmit_IT
                0x0000000008003370       0x1a CMakeFiles/ec_hw_platform.elf.dir/Drivers/STM32F4xx_HAL_Driver/Src/stm32f4xx_hal_uart.c.obj
 .text.HAL_UART_RxCpltCallback
                0x000000000800338a        0x2 CMakeFiles/ec_hw_platform.elf.dir/Drivers/STM32F4xx_HAL_Driver/Src/stm32f4xx_hal_uart.c.obj
                0x000000000800338a                HAL_UART_RxCpltCallback
 .text.HAL_UART_ErrorCallback
                0x000000000800338c        0x2 CMakeFiles/ec_hw_platform.elf.dir/Drivers/STM32F4xx_HAL_Driver/Src/stm32f4xx_hal_uart.c.obj
                0x000000000800338c                HAL_UART_ErrorCallback
 .text.UART_DMAAbortOnError
                0x000000000800338e       0x10 CMakeFiles/ec_hw_platform.elf.dir/Drivers/STM32F4xx_HAL_Driver/Src/stm32f4xx_hal_uart.c.obj
 .text.HAL_UARTEx_RxEventCallback
                0x000000000800339e        0x2 CMakeFiles/ec_hw_platform.elf.dir/Drivers/STM32F4xx_HAL_Driver/Src/stm32f4xx_hal_uart.c.obj
                0x000000000800339e                HAL_UARTEx_RxEventCallback
 .text.UART_Receive_IT
                0x00000000080033a0       0xe2 CMakeFiles/ec_hw_platform.elf.dir/Drivers/STM32F4xx_HAL_Driver/Src/stm32f4xx_hal_uart.c.obj
 *fill*         0x0000000008003482        0x2 
 .text.HAL_UART_IRQHandler
                0x0000000008003484      0x280 CMakeFiles/ec_hw_platform.elf.dir/Drivers/STM32F4xx_HAL_Driver/Src/stm32f4xx_hal_uart.c.obj
                0x0000000008003484                HAL_UART_IRQHandler
 .text.memset   0x0000000008003704       0x10 C:/ST/STM32CubeCLT/GNU-tools-for-STM32/bin/../lib/gcc/arm-none-eabi/11.3.1/../../../../arm-none-eabi/lib/thumb/v7e-m/nofp\libg.a(libc_a-memset.o)
                0x0000000008003704                memset
 .text.__libc_init_array
                0x0000000008003714       0x48 C:/ST/STM32CubeCLT/GNU-tools-for-STM32/bin/../lib/gcc/arm-none-eabi/11.3.1/../../../../arm-none-eabi/lib/thumb/v7e-m/nofp\libg.a(libc_a-init.o)
                0x0000000008003714                __libc_init_array
 .text.__retarget_lock_acquire_recursive
                0x000000000800375c        0x2 C:/ST/STM32CubeCLT/GNU-tools-for-STM32/bin/../lib/gcc/arm-none-eabi/11.3.1/../../../../arm-none-eabi/lib/thumb/v7e-m/nofp\libg.a(libc_a-lock.o)
                0x000000000800375c                __retarget_lock_acquire_recursive
 .text.__retarget_lock_release_recursive
                0x000000000800375e        0x2 C:/ST/STM32CubeCLT/GNU-tools-for-STM32/bin/../lib/gcc/arm-none-eabi/11.3.1/../../../../arm-none-eabi/lib/thumb/v7e-m/nofp\libg.a(libc_a-lock.o)
                0x000000000800375e                __retarget_lock_release_recursive
 .text.startup.register_fini
                0x0000000008003760       0x14 C:/ST/STM32CubeCLT/GNU-tools-for-STM32/bin/../lib/gcc/arm-none-eabi/11.3.1/../../../../arm-none-eabi/lib/thumb/v7e-m/nofp\libg.a(libc_a-__call_atexit.o)
 .text.atexit   0x0000000008003774        0xc C:/ST/STM32CubeCLT/GNU-tools-for-STM32/bin/../lib/gcc/arm-none-eabi/11.3.1/../../../../arm-none-eabi/lib/thumb/v7e-m/nofp\libg.a(libc_a-atexit.o)
                0x0000000008003774                atexit
 .text.__libc_fini_array
                0x0000000008003780       0x28 C:/ST/STM32CubeCLT/GNU-tools-for-STM32/bin/../lib/gcc/arm-none-eabi/11.3.1/../../../../arm-none-eabi/lib/thumb/v7e-m/nofp\libg.a(libc_a-fini.o)
                0x0000000008003780                __libc_fini_array
 .text.__register_exitproc
                0x00000000080037a8       0x80 C:/ST/STM32CubeCLT/GNU-tools-for-STM32/bin/../lib/gcc/arm-none-eabi/11.3.1/../../../../arm-none-eabi/lib/thumb/v7e-m/nofp\libg.a(libc_a-__atexit.o)
                0x00000000080037a8                __register_exitproc
 *(.glue_7)
 .glue_7        0x0000000008003828        0x0 linker stubs
 *(.glue_7t)
 .glue_7t       0x0000000008003828        0x0 linker stubs
 *(.eh_frame)
 .eh_frame      0x0000000008003828        0x0 C:/ST/STM32CubeCLT/GNU-tools-for-STM32/bin/../lib/gcc/arm-none-eabi/11.3.1/thumb/v7e-m/nofp/crtbegin.o
 *(.init)
 .init          0x0000000008003828        0x4 C:/ST/STM32CubeCLT/GNU-tools-for-STM32/bin/../lib/gcc/arm-none-eabi/11.3.1/thumb/v7e-m/nofp/crti.o
                0x0000000008003828                _init
 .init          0x000000000800382c        0x8 C:/ST/STM32CubeCLT/GNU-tools-for-STM32/bin/../lib/gcc/arm-none-eabi/11.3.1/thumb/v7e-m/nofp/crtn.o
 *(.fini)
 .fini          0x0000000008003834        0x4 C:/ST/STM32CubeCLT/GNU-tools-for-STM32/bin/../lib/gcc/arm-none-eabi/11.3.1/thumb/v7e-m/nofp/crti.o
                0x0000000008003834                _fini
 .fini          0x0000000008003838        0x8 C:/ST/STM32CubeCLT/GNU-tools-for-STM32/bin/../lib/gcc/arm-none-eabi/11.3.1/thumb/v7e-m/nofp/crtn.o
                0x0000000008003840                . = ALIGN (0x4)
                0x0000000008003840                _etext = .

.vfp11_veneer   0x0000000008003840        0x0
 .vfp11_veneer  0x0000000008003840        0x0 linker stubs

.v4_bx          0x0000000008003840        0x0
 .v4_bx         0x0000000008003840        0x0 linker stubs

.iplt           0x0000000008003840        0x0
 .iplt          0x0000000008003840        0x0 C:/ST/STM32CubeCLT/GNU-tools-for-STM32/bin/../lib/gcc/arm-none-eabi/11.3.1/thumb/v7e-m/nofp/crtbegin.o

.rodata         0x0000000008003840       0x20
                0x0000000008003840                . = ALIGN (0x4)
 *(.rodata)
 *(.rodata*)
 .rodata.AHBPrescTable
                0x0000000008003840       0x10 CMakeFiles/ec_hw_platform.elf.dir/Core/Src/system_stm32f4xx.c.obj
                0x0000000008003840                AHBPrescTable
 .rodata.APBPrescTable
                0x0000000008003850        0x8 CMakeFiles/ec_hw_platform.elf.dir/Core/Src/system_stm32f4xx.c.obj
                0x0000000008003850                APBPrescTable
 .rodata.flagBitshiftOffset.0
                0x0000000008003858        0x8 CMakeFiles/ec_hw_platform.elf.dir/Drivers/STM32F4xx_HAL_Driver/Src/stm32f4xx_hal_dma.c.obj
                0x0000000008003860                . = ALIGN (0x4)

.ARM.extab      0x0000000008003860        0x0
                0x0000000008003860                . = ALIGN (0x4)
 *(.ARM.extab* .gnu.linkonce.armextab.*)
                0x0000000008003860                . = ALIGN (0x4)

.ARM            0x0000000008003860        0x8
                0x0000000008003860                . = ALIGN (0x4)
                0x0000000008003860                __exidx_start = .
 *(.ARM.exidx*)
 .ARM.exidx     0x0000000008003860        0x8 C:/ST/STM32CubeCLT/GNU-tools-for-STM32/bin/../lib/gcc/arm-none-eabi/11.3.1/thumb/v7e-m/nofp\libgcc.a(_udivmoddi4.o)
                0x0000000008003868                __exidx_end = .
                0x0000000008003868                . = ALIGN (0x4)

.rel.dyn        0x0000000008003868        0x0
 .rel.iplt      0x0000000008003868        0x0 C:/ST/STM32CubeCLT/GNU-tools-for-STM32/bin/../lib/gcc/arm-none-eabi/11.3.1/thumb/v7e-m/nofp/crtbegin.o

.preinit_array  0x0000000008003868        0x0
                0x0000000008003868                . = ALIGN (0x4)
                0x0000000008003868                PROVIDE (__preinit_array_start = .)
 *(.preinit_array*)
                0x0000000008003868                PROVIDE (__preinit_array_end = .)
                0x0000000008003868                . = ALIGN (0x4)

.init_array     0x0000000008003868        0x8
                0x0000000008003868                . = ALIGN (0x4)
                0x0000000008003868                PROVIDE (__init_array_start = .)
 *(SORT_BY_NAME(.init_array.*))
 .init_array.00000
                0x0000000008003868        0x4 C:/ST/STM32CubeCLT/GNU-tools-for-STM32/bin/../lib/gcc/arm-none-eabi/11.3.1/../../../../arm-none-eabi/lib/thumb/v7e-m/nofp\libg.a(libc_a-__call_atexit.o)
 *(.init_array*)
 .init_array    0x000000000800386c        0x4 C:/ST/STM32CubeCLT/GNU-tools-for-STM32/bin/../lib/gcc/arm-none-eabi/11.3.1/thumb/v7e-m/nofp/crtbegin.o
                0x0000000008003870                PROVIDE (__init_array_end = .)
                0x0000000008003870                . = ALIGN (0x4)

.fini_array     0x0000000008003870        0x4
                0x0000000008003870                . = ALIGN (0x4)
                0x0000000008003870                PROVIDE (__fini_array_start = .)
 *(SORT_BY_NAME(.fini_array.*))
 *(.fini_array*)
 .fini_array    0x0000000008003870        0x4 C:/ST/STM32CubeCLT/GNU-tools-for-STM32/bin/../lib/gcc/arm-none-eabi/11.3.1/thumb/v7e-m/nofp/crtbegin.o
                0x0000000008003874                PROVIDE (__fini_array_end = .)
                0x0000000008003874                . = ALIGN (0x4)
                0x0000000008003874                _sidata = LOADADDR (.data)

.data           0x0000000020000000       0x10 load address 0x0000000008003874
                0x0000000020000000                . = ALIGN (0x4)
                0x0000000020000000                _sdata = .
 *(.data)
 *(.data*)
 .data.SystemCoreClock
                0x0000000020000000        0x4 CMakeFiles/ec_hw_platform.elf.dir/Core/Src/system_stm32f4xx.c.obj
                0x0000000020000000                SystemCoreClock
 .data.uwTickFreq
                0x0000000020000004        0x1 CMakeFiles/ec_hw_platform.elf.dir/Drivers/STM32F4xx_HAL_Driver/Src/stm32f4xx_hal.c.obj
                0x0000000020000004                uwTickFreq
 *fill*         0x0000000020000005        0x3 
 .data.uwTickPrio
                0x0000000020000008        0x4 CMakeFiles/ec_hw_platform.elf.dir/Drivers/STM32F4xx_HAL_Driver/Src/stm32f4xx_hal.c.obj
                0x0000000020000008                uwTickPrio
 .data.__atexit_recursive_mutex
                0x000000002000000c        0x4 C:/ST/STM32CubeCLT/GNU-tools-for-STM32/bin/../lib/gcc/arm-none-eabi/11.3.1/../../../../arm-none-eabi/lib/thumb/v7e-m/nofp\libg.a(libc_a-__call_atexit.o)
                0x000000002000000c                __atexit_recursive_mutex
 *(.RamFunc)
 *(.RamFunc*)
                0x0000000020000010                . = ALIGN (0x4)
                0x0000000020000010                _edata = .
                0x0000000008003884                _siccmram = LOADADDR (.ccmram)

.igot.plt       0x0000000020000010        0x0 load address 0x0000000008003884
 .igot.plt      0x0000000020000010        0x0 C:/ST/STM32CubeCLT/GNU-tools-for-STM32/bin/../lib/gcc/arm-none-eabi/11.3.1/thumb/v7e-m/nofp/crtbegin.o

.ccmram         0x0000000010000000        0x0 load address 0x0000000008003884
                0x0000000010000000                . = ALIGN (0x4)
                0x0000000010000000                _sccmram = .
 *(.ccmram)
 *(.ccmram*)
                0x0000000010000000                . = ALIGN (0x4)
                0x0000000010000000                _eccmram = .
                0x0000000010000000                . = ALIGN (0x4)

.bss            0x0000000020000010      0x72c
                0x0000000020000010                _sbss = .
                0x0000000020000010                __bss_start__ = _sbss
 *(.bss)
 .bss           0x0000000020000010       0x1c C:/ST/STM32CubeCLT/GNU-tools-for-STM32/bin/../lib/gcc/arm-none-eabi/11.3.1/thumb/v7e-m/nofp/crtbegin.o
 *(.bss*)
 .bss.hadc3     0x000000002000002c       0x48 CMakeFiles/ec_hw_platform.elf.dir/Core/Src/adc.c.obj
                0x000000002000002c                hadc3
 .bss.HAL_RCC_CAN1_CLK_ENABLED
                0x0000000020000074        0x4 CMakeFiles/ec_hw_platform.elf.dir/Core/Src/can.c.obj
 .bss.hcan1     0x0000000020000078       0x28 CMakeFiles/ec_hw_platform.elf.dir/Core/Src/can.c.obj
                0x0000000020000078                hcan1
 .bss.hcan2     0x00000000200000a0       0x28 CMakeFiles/ec_hw_platform.elf.dir/Core/Src/can.c.obj
                0x00000000200000a0                hcan2
 .bss.hiwdg     0x00000000200000c8        0xc CMakeFiles/ec_hw_platform.elf.dir/Core/Src/iwdg.c.obj
                0x00000000200000c8                hiwdg
 .bss.hdma_spi1_rx
                0x00000000200000d4       0x60 CMakeFiles/ec_hw_platform.elf.dir/Core/Src/spi.c.obj
                0x00000000200000d4                hdma_spi1_rx
 .bss.hdma_spi1_tx
                0x0000000020000134       0x60 CMakeFiles/ec_hw_platform.elf.dir/Core/Src/spi.c.obj
                0x0000000020000134                hdma_spi1_tx
 .bss.hspi1     0x0000000020000194       0x58 CMakeFiles/ec_hw_platform.elf.dir/Core/Src/spi.c.obj
                0x0000000020000194                hspi1
 .bss.htim3     0x00000000200001ec       0x48 CMakeFiles/ec_hw_platform.elf.dir/Core/Src/tim.c.obj
                0x00000000200001ec                htim3
 .bss.htim4     0x0000000020000234       0x48 CMakeFiles/ec_hw_platform.elf.dir/Core/Src/tim.c.obj
                0x0000000020000234                htim4
 .bss.htim5     0x000000002000027c       0x48 CMakeFiles/ec_hw_platform.elf.dir/Core/Src/tim.c.obj
                0x000000002000027c                htim5
 .bss.htim6     0x00000000200002c4       0x48 CMakeFiles/ec_hw_platform.elf.dir/Core/Src/tim.c.obj
                0x00000000200002c4                htim6
 .bss.htim7     0x000000002000030c       0x48 CMakeFiles/ec_hw_platform.elf.dir/Core/Src/tim.c.obj
                0x000000002000030c                htim7
 .bss.hdma_usart1_rx
                0x0000000020000354       0x60 CMakeFiles/ec_hw_platform.elf.dir/Core/Src/usart.c.obj
                0x0000000020000354                hdma_usart1_rx
 .bss.hdma_usart1_tx
                0x00000000200003b4       0x60 CMakeFiles/ec_hw_platform.elf.dir/Core/Src/usart.c.obj
                0x00000000200003b4                hdma_usart1_tx
 .bss.hdma_usart6_rx
                0x0000000020000414       0x60 CMakeFiles/ec_hw_platform.elf.dir/Core/Src/usart.c.obj
                0x0000000020000414                hdma_usart6_rx
 .bss.hdma_usart6_tx
                0x0000000020000474       0x60 CMakeFiles/ec_hw_platform.elf.dir/Core/Src/usart.c.obj
                0x0000000020000474                hdma_usart6_tx
 .bss.huart1    0x00000000200004d4       0x44 CMakeFiles/ec_hw_platform.elf.dir/Core/Src/usart.c.obj
                0x00000000200004d4                huart1
 .bss.huart3    0x0000000020000518       0x44 CMakeFiles/ec_hw_platform.elf.dir/Core/Src/usart.c.obj
                0x0000000020000518                huart3
 .bss.huart6    0x000000002000055c       0x44 CMakeFiles/ec_hw_platform.elf.dir/Core/Src/usart.c.obj
                0x000000002000055c                huart6
 .bss.uwTick    0x00000000200005a0        0x4 CMakeFiles/ec_hw_platform.elf.dir/Drivers/STM32F4xx_HAL_Driver/Src/stm32f4xx_hal.c.obj
                0x00000000200005a0                uwTick
 .bss.__lock___atexit_recursive_mutex
                0x00000000200005a4        0x1 C:/ST/STM32CubeCLT/GNU-tools-for-STM32/bin/../lib/gcc/arm-none-eabi/11.3.1/../../../../arm-none-eabi/lib/thumb/v7e-m/nofp\libg.a(libc_a-lock.o)
                0x00000000200005a4                __lock___atexit_recursive_mutex
 *fill*         0x00000000200005a5        0x3 
 .bss.__atexit  0x00000000200005a8        0x4 C:/ST/STM32CubeCLT/GNU-tools-for-STM32/bin/../lib/gcc/arm-none-eabi/11.3.1/../../../../arm-none-eabi/lib/thumb/v7e-m/nofp\libg.a(libc_a-__call_atexit.o)
                0x00000000200005a8                __atexit
 .bss.__atexit0
                0x00000000200005ac      0x190 C:/ST/STM32CubeCLT/GNU-tools-for-STM32/bin/../lib/gcc/arm-none-eabi/11.3.1/../../../../arm-none-eabi/lib/thumb/v7e-m/nofp\libg.a(libc_a-__atexit.o)
                0x00000000200005ac                __atexit0
 *(COMMON)
                0x000000002000073c                . = ALIGN (0x4)
                0x000000002000073c                _ebss = .
                0x000000002000073c                __bss_end__ = _ebss

._user_heap_stack
                0x000000002000073c     0x3004
                0x0000000020000740                . = ALIGN (0x8)
 *fill*         0x000000002000073c        0x4 
                [!provide]                        PROVIDE (end = .)
                0x0000000020000740                PROVIDE (_end = .)
                0x0000000020001740                . = (. + _Min_Heap_Size)
 *fill*         0x0000000020000740     0x1000 
                0x0000000020003740                . = (. + _Min_Stack_Size)
 *fill*         0x0000000020001740     0x2000 
                0x0000000020003740                . = ALIGN (0x8)

/DISCARD/
 libc.a(*)
 libm.a(*)
 libgcc.a(*)

.ARM.attributes
                0x0000000000000000       0x2a
 *(.ARM.attributes)
 .ARM.attributes
                0x0000000000000000       0x1e C:/ST/STM32CubeCLT/GNU-tools-for-STM32/bin/../lib/gcc/arm-none-eabi/11.3.1/thumb/v7e-m/nofp/crti.o
 .ARM.attributes
                0x000000000000001e       0x2e C:/ST/STM32CubeCLT/GNU-tools-for-STM32/bin/../lib/gcc/arm-none-eabi/11.3.1/thumb/v7e-m/nofp/crtbegin.o
 .ARM.attributes
                0x000000000000004c       0x2e CMakeFiles/ec_hw_platform.elf.dir/Core/Src/adc.c.obj
 .ARM.attributes
                0x000000000000007a       0x2e CMakeFiles/ec_hw_platform.elf.dir/Core/Src/can.c.obj
 .ARM.attributes
                0x00000000000000a8       0x2e CMakeFiles/ec_hw_platform.elf.dir/Core/Src/dma.c.obj
 .ARM.attributes
                0x00000000000000d6       0x2e CMakeFiles/ec_hw_platform.elf.dir/Core/Src/gpio.c.obj
 .ARM.attributes
                0x0000000000000104       0x2e CMakeFiles/ec_hw_platform.elf.dir/Core/Src/iwdg.c.obj
 .ARM.attributes
                0x0000000000000132       0x2e CMakeFiles/ec_hw_platform.elf.dir/Core/Src/main.c.obj
 .ARM.attributes
                0x0000000000000160       0x2e CMakeFiles/ec_hw_platform.elf.dir/Core/Src/spi.c.obj
 .ARM.attributes
                0x000000000000018e       0x2e CMakeFiles/ec_hw_platform.elf.dir/Core/Src/stm32f4xx_hal_msp.c.obj
 .ARM.attributes
                0x00000000000001bc       0x2e CMakeFiles/ec_hw_platform.elf.dir/Core/Src/stm32f4xx_it.c.obj
 .ARM.attributes
                0x00000000000001ea       0x2e CMakeFiles/ec_hw_platform.elf.dir/Core/Src/system_stm32f4xx.c.obj
 .ARM.attributes
                0x0000000000000218       0x2e CMakeFiles/ec_hw_platform.elf.dir/Core/Src/tim.c.obj
 .ARM.attributes
                0x0000000000000246       0x2e CMakeFiles/ec_hw_platform.elf.dir/Core/Src/usart.c.obj
 .ARM.attributes
                0x0000000000000274       0x21 CMakeFiles/ec_hw_platform.elf.dir/Core/Startup/startup_stm32f407ighx.s.obj
 .ARM.attributes
                0x0000000000000295       0x2e CMakeFiles/ec_hw_platform.elf.dir/Drivers/STM32F4xx_HAL_Driver/Src/stm32f4xx_hal.c.obj
 .ARM.attributes
                0x00000000000002c3       0x2e CMakeFiles/ec_hw_platform.elf.dir/Drivers/STM32F4xx_HAL_Driver/Src/stm32f4xx_hal_adc.c.obj
 .ARM.attributes
                0x00000000000002f1       0x2e CMakeFiles/ec_hw_platform.elf.dir/Drivers/STM32F4xx_HAL_Driver/Src/stm32f4xx_hal_adc_ex.c.obj
 .ARM.attributes
                0x000000000000031f       0x2e CMakeFiles/ec_hw_platform.elf.dir/Drivers/STM32F4xx_HAL_Driver/Src/stm32f4xx_hal_can.c.obj
 .ARM.attributes
                0x000000000000034d       0x2e CMakeFiles/ec_hw_platform.elf.dir/Drivers/STM32F4xx_HAL_Driver/Src/stm32f4xx_hal_cortex.c.obj
 .ARM.attributes
                0x000000000000037b       0x2e CMakeFiles/ec_hw_platform.elf.dir/Drivers/STM32F4xx_HAL_Driver/Src/stm32f4xx_hal_dma.c.obj
 .ARM.attributes
                0x00000000000003a9       0x2e CMakeFiles/ec_hw_platform.elf.dir/Drivers/STM32F4xx_HAL_Driver/Src/stm32f4xx_hal_gpio.c.obj
 .ARM.attributes
                0x00000000000003d7       0x2e CMakeFiles/ec_hw_platform.elf.dir/Drivers/STM32F4xx_HAL_Driver/Src/stm32f4xx_hal_iwdg.c.obj
 .ARM.attributes
                0x0000000000000405       0x2e CMakeFiles/ec_hw_platform.elf.dir/Drivers/STM32F4xx_HAL_Driver/Src/stm32f4xx_hal_rcc.c.obj
 .ARM.attributes
                0x0000000000000433       0x2e CMakeFiles/ec_hw_platform.elf.dir/Drivers/STM32F4xx_HAL_Driver/Src/stm32f4xx_hal_spi.c.obj
 .ARM.attributes
                0x0000000000000461       0x2e CMakeFiles/ec_hw_platform.elf.dir/Drivers/STM32F4xx_HAL_Driver/Src/stm32f4xx_hal_tim.c.obj
 .ARM.attributes
                0x000000000000048f       0x2e CMakeFiles/ec_hw_platform.elf.dir/Drivers/STM32F4xx_HAL_Driver/Src/stm32f4xx_hal_tim_ex.c.obj
 .ARM.attributes
                0x00000000000004bd       0x2e CMakeFiles/ec_hw_platform.elf.dir/Drivers/STM32F4xx_HAL_Driver/Src/stm32f4xx_hal_uart.c.obj
 .ARM.attributes
                0x00000000000004eb       0x1e C:/ST/STM32CubeCLT/GNU-tools-for-STM32/bin/../lib/gcc/arm-none-eabi/11.3.1/thumb/v7e-m/nofp\libgcc.a(_aeabi_uldivmod.o)
 .ARM.attributes
                0x0000000000000509       0x2e C:/ST/STM32CubeCLT/GNU-tools-for-STM32/bin/../lib/gcc/arm-none-eabi/11.3.1/thumb/v7e-m/nofp\libgcc.a(_udivmoddi4.o)
 .ARM.attributes
                0x0000000000000537       0x1e C:/ST/STM32CubeCLT/GNU-tools-for-STM32/bin/../lib/gcc/arm-none-eabi/11.3.1/thumb/v7e-m/nofp\libgcc.a(_dvmd_tls.o)
 .ARM.attributes
                0x0000000000000555       0x2e C:/ST/STM32CubeCLT/GNU-tools-for-STM32/bin/../lib/gcc/arm-none-eabi/11.3.1/../../../../arm-none-eabi/lib/thumb/v7e-m/nofp\libg.a(libc_a-memset.o)
 .ARM.attributes
                0x0000000000000583       0x2e C:/ST/STM32CubeCLT/GNU-tools-for-STM32/bin/../lib/gcc/arm-none-eabi/11.3.1/../../../../arm-none-eabi/lib/thumb/v7e-m/nofp\libg.a(libc_a-init.o)
 .ARM.attributes
                0x00000000000005b1       0x2e C:/ST/STM32CubeCLT/GNU-tools-for-STM32/bin/../lib/gcc/arm-none-eabi/11.3.1/../../../../arm-none-eabi/lib/thumb/v7e-m/nofp\libg.a(libc_a-lock.o)
 .ARM.attributes
                0x00000000000005df       0x2e C:/ST/STM32CubeCLT/GNU-tools-for-STM32/bin/../lib/gcc/arm-none-eabi/11.3.1/../../../../arm-none-eabi/lib/thumb/v7e-m/nofp\libg.a(libc_a-__call_atexit.o)
 .ARM.attributes
                0x000000000000060d       0x2e C:/ST/STM32CubeCLT/GNU-tools-for-STM32/bin/../lib/gcc/arm-none-eabi/11.3.1/../../../../arm-none-eabi/lib/thumb/v7e-m/nofp\libg.a(libc_a-atexit.o)
 .ARM.attributes
                0x000000000000063b       0x2e C:/ST/STM32CubeCLT/GNU-tools-for-STM32/bin/../lib/gcc/arm-none-eabi/11.3.1/../../../../arm-none-eabi/lib/thumb/v7e-m/nofp\libg.a(libc_a-fini.o)
 .ARM.attributes
                0x0000000000000669       0x2e C:/ST/STM32CubeCLT/GNU-tools-for-STM32/bin/../lib/gcc/arm-none-eabi/11.3.1/../../../../arm-none-eabi/lib/thumb/v7e-m/nofp\libg.a(libc_a-__atexit.o)
 .ARM.attributes
                0x0000000000000697       0x1e C:/ST/STM32CubeCLT/GNU-tools-for-STM32/bin/../lib/gcc/arm-none-eabi/11.3.1/thumb/v7e-m/nofp/crtn.o
OUTPUT(ec_hw_platform.elf elf32-littlearm)
LOAD linker stubs
LOAD C:/ST/STM32CubeCLT/GNU-tools-for-STM32/bin/../lib/gcc/arm-none-eabi/11.3.1/../../../../arm-none-eabi/lib/thumb/v7e-m/nofp\libc.a
LOAD C:/ST/STM32CubeCLT/GNU-tools-for-STM32/bin/../lib/gcc/arm-none-eabi/11.3.1/../../../../arm-none-eabi/lib/thumb/v7e-m/nofp\libm.a
LOAD C:/ST/STM32CubeCLT/GNU-tools-for-STM32/bin/../lib/gcc/arm-none-eabi/11.3.1/thumb/v7e-m/nofp\libgcc.a

.comment        0x0000000000000000       0x43
 .comment       0x0000000000000000       0x43 C:/ST/STM32CubeCLT/GNU-tools-for-STM32/bin/../lib/gcc/arm-none-eabi/11.3.1/thumb/v7e-m/nofp/crtbegin.o
                                         0x44 (size before relaxing)
 .comment       0x0000000000000043       0x44 CMakeFiles/ec_hw_platform.elf.dir/Core/Src/adc.c.obj
 .comment       0x0000000000000043       0x44 CMakeFiles/ec_hw_platform.elf.dir/Core/Src/can.c.obj
 .comment       0x0000000000000043       0x44 CMakeFiles/ec_hw_platform.elf.dir/Core/Src/dma.c.obj
 .comment       0x0000000000000043       0x44 CMakeFiles/ec_hw_platform.elf.dir/Core/Src/gpio.c.obj
 .comment       0x0000000000000043       0x44 CMakeFiles/ec_hw_platform.elf.dir/Core/Src/iwdg.c.obj
 .comment       0x0000000000000043       0x44 CMakeFiles/ec_hw_platform.elf.dir/Core/Src/main.c.obj
 .comment       0x0000000000000043       0x44 CMakeFiles/ec_hw_platform.elf.dir/Core/Src/spi.c.obj
 .comment       0x0000000000000043       0x44 CMakeFiles/ec_hw_platform.elf.dir/Core/Src/stm32f4xx_hal_msp.c.obj
 .comment       0x0000000000000043       0x44 CMakeFiles/ec_hw_platform.elf.dir/Core/Src/stm32f4xx_it.c.obj
 .comment       0x0000000000000043       0x44 CMakeFiles/ec_hw_platform.elf.dir/Core/Src/system_stm32f4xx.c.obj
 .comment       0x0000000000000043       0x44 CMakeFiles/ec_hw_platform.elf.dir/Core/Src/tim.c.obj
 .comment       0x0000000000000043       0x44 CMakeFiles/ec_hw_platform.elf.dir/Core/Src/usart.c.obj
 .comment       0x0000000000000043       0x44 CMakeFiles/ec_hw_platform.elf.dir/Drivers/STM32F4xx_HAL_Driver/Src/stm32f4xx_hal.c.obj
 .comment       0x0000000000000043       0x44 CMakeFiles/ec_hw_platform.elf.dir/Drivers/STM32F4xx_HAL_Driver/Src/stm32f4xx_hal_adc.c.obj
 .comment       0x0000000000000043       0x44 CMakeFiles/ec_hw_platform.elf.dir/Drivers/STM32F4xx_HAL_Driver/Src/stm32f4xx_hal_adc_ex.c.obj
 .comment       0x0000000000000043       0x44 CMakeFiles/ec_hw_platform.elf.dir/Drivers/STM32F4xx_HAL_Driver/Src/stm32f4xx_hal_can.c.obj
 .comment       0x0000000000000043       0x44 CMakeFiles/ec_hw_platform.elf.dir/Drivers/STM32F4xx_HAL_Driver/Src/stm32f4xx_hal_cortex.c.obj
 .comment       0x0000000000000043       0x44 CMakeFiles/ec_hw_platform.elf.dir/Drivers/STM32F4xx_HAL_Driver/Src/stm32f4xx_hal_dma.c.obj
 .comment       0x0000000000000043       0x44 CMakeFiles/ec_hw_platform.elf.dir/Drivers/STM32F4xx_HAL_Driver/Src/stm32f4xx_hal_gpio.c.obj
 .comment       0x0000000000000043       0x44 CMakeFiles/ec_hw_platform.elf.dir/Drivers/STM32F4xx_HAL_Driver/Src/stm32f4xx_hal_iwdg.c.obj
 .comment       0x0000000000000043       0x44 CMakeFiles/ec_hw_platform.elf.dir/Drivers/STM32F4xx_HAL_Driver/Src/stm32f4xx_hal_rcc.c.obj
 .comment       0x0000000000000043       0x44 CMakeFiles/ec_hw_platform.elf.dir/Drivers/STM32F4xx_HAL_Driver/Src/stm32f4xx_hal_spi.c.obj
 .comment       0x0000000000000043       0x44 CMakeFiles/ec_hw_platform.elf.dir/Drivers/STM32F4xx_HAL_Driver/Src/stm32f4xx_hal_tim.c.obj
 .comment       0x0000000000000043       0x44 CMakeFiles/ec_hw_platform.elf.dir/Drivers/STM32F4xx_HAL_Driver/Src/stm32f4xx_hal_tim_ex.c.obj
 .comment       0x0000000000000043       0x44 CMakeFiles/ec_hw_platform.elf.dir/Drivers/STM32F4xx_HAL_Driver/Src/stm32f4xx_hal_uart.c.obj
 .comment       0x0000000000000043       0x44 C:/ST/STM32CubeCLT/GNU-tools-for-STM32/bin/../lib/gcc/arm-none-eabi/11.3.1/../../../../arm-none-eabi/lib/thumb/v7e-m/nofp\libg.a(libc_a-memset.o)
 .comment       0x0000000000000043       0x44 C:/ST/STM32CubeCLT/GNU-tools-for-STM32/bin/../lib/gcc/arm-none-eabi/11.3.1/../../../../arm-none-eabi/lib/thumb/v7e-m/nofp\libg.a(libc_a-init.o)
 .comment       0x0000000000000043       0x44 C:/ST/STM32CubeCLT/GNU-tools-for-STM32/bin/../lib/gcc/arm-none-eabi/11.3.1/../../../../arm-none-eabi/lib/thumb/v7e-m/nofp\libg.a(libc_a-lock.o)
 .comment       0x0000000000000043       0x44 C:/ST/STM32CubeCLT/GNU-tools-for-STM32/bin/../lib/gcc/arm-none-eabi/11.3.1/../../../../arm-none-eabi/lib/thumb/v7e-m/nofp\libg.a(libc_a-__call_atexit.o)
 .comment       0x0000000000000043       0x44 C:/ST/STM32CubeCLT/GNU-tools-for-STM32/bin/../lib/gcc/arm-none-eabi/11.3.1/../../../../arm-none-eabi/lib/thumb/v7e-m/nofp\libg.a(libc_a-atexit.o)
 .comment       0x0000000000000043       0x44 C:/ST/STM32CubeCLT/GNU-tools-for-STM32/bin/../lib/gcc/arm-none-eabi/11.3.1/../../../../arm-none-eabi/lib/thumb/v7e-m/nofp\libg.a(libc_a-fini.o)
 .comment       0x0000000000000043       0x44 C:/ST/STM32CubeCLT/GNU-tools-for-STM32/bin/../lib/gcc/arm-none-eabi/11.3.1/../../../../arm-none-eabi/lib/thumb/v7e-m/nofp\libg.a(libc_a-__atexit.o)

.debug_info     0x0000000000000000    0x19c5e
 .debug_info    0x0000000000000000      0xccd CMakeFiles/ec_hw_platform.elf.dir/Core/Src/adc.c.obj
 .debug_info    0x0000000000000ccd      0xc8f CMakeFiles/ec_hw_platform.elf.dir/Core/Src/can.c.obj
 .debug_info    0x000000000000195c      0x5e1 CMakeFiles/ec_hw_platform.elf.dir/Core/Src/dma.c.obj
 .debug_info    0x0000000000001f3d      0x590 CMakeFiles/ec_hw_platform.elf.dir/Core/Src/gpio.c.obj
 .debug_info    0x00000000000024cd      0x1d6 CMakeFiles/ec_hw_platform.elf.dir/Core/Src/iwdg.c.obj
 .debug_info    0x00000000000026a3      0x615 CMakeFiles/ec_hw_platform.elf.dir/Core/Src/main.c.obj
 .debug_info    0x0000000000002cb8      0xd4e CMakeFiles/ec_hw_platform.elf.dir/Core/Src/spi.c.obj
 .debug_info    0x0000000000003a06      0x4f2 CMakeFiles/ec_hw_platform.elf.dir/Core/Src/stm32f4xx_hal_msp.c.obj
 .debug_info    0x0000000000003ef8     0x149b CMakeFiles/ec_hw_platform.elf.dir/Core/Src/stm32f4xx_it.c.obj
 .debug_info    0x0000000000005393      0x334 CMakeFiles/ec_hw_platform.elf.dir/Core/Src/system_stm32f4xx.c.obj
 .debug_info    0x00000000000056c7     0x1239 CMakeFiles/ec_hw_platform.elf.dir/Core/Src/tim.c.obj
 .debug_info    0x0000000000006900      0xfa5 CMakeFiles/ec_hw_platform.elf.dir/Core/Src/usart.c.obj
 .debug_info    0x00000000000078a5       0x23 CMakeFiles/ec_hw_platform.elf.dir/Core/Startup/startup_stm32f407ighx.s.obj
 .debug_info    0x00000000000078c8      0x9e6 CMakeFiles/ec_hw_platform.elf.dir/Drivers/STM32F4xx_HAL_Driver/Src/stm32f4xx_hal.c.obj
 .debug_info    0x00000000000082ae      0xe76 CMakeFiles/ec_hw_platform.elf.dir/Drivers/STM32F4xx_HAL_Driver/Src/stm32f4xx_hal_adc.c.obj
 .debug_info    0x0000000000009124      0xc64 CMakeFiles/ec_hw_platform.elf.dir/Drivers/STM32F4xx_HAL_Driver/Src/stm32f4xx_hal_adc_ex.c.obj
 .debug_info    0x0000000000009d88     0x11ad CMakeFiles/ec_hw_platform.elf.dir/Drivers/STM32F4xx_HAL_Driver/Src/stm32f4xx_hal_can.c.obj
 .debug_info    0x000000000000af35      0xf93 CMakeFiles/ec_hw_platform.elf.dir/Drivers/STM32F4xx_HAL_Driver/Src/stm32f4xx_hal_cortex.c.obj
 .debug_info    0x000000000000bec8      0xad9 CMakeFiles/ec_hw_platform.elf.dir/Drivers/STM32F4xx_HAL_Driver/Src/stm32f4xx_hal_dma.c.obj
 .debug_info    0x000000000000c9a1      0x704 CMakeFiles/ec_hw_platform.elf.dir/Drivers/STM32F4xx_HAL_Driver/Src/stm32f4xx_hal_gpio.c.obj
 .debug_info    0x000000000000d0a5      0x1f5 CMakeFiles/ec_hw_platform.elf.dir/Drivers/STM32F4xx_HAL_Driver/Src/stm32f4xx_hal_iwdg.c.obj
 .debug_info    0x000000000000d29a      0xa6f CMakeFiles/ec_hw_platform.elf.dir/Drivers/STM32F4xx_HAL_Driver/Src/stm32f4xx_hal_rcc.c.obj
 .debug_info    0x000000000000dd09     0x1d76 CMakeFiles/ec_hw_platform.elf.dir/Drivers/STM32F4xx_HAL_Driver/Src/stm32f4xx_hal_spi.c.obj
 .debug_info    0x000000000000fa7f     0x3b79 CMakeFiles/ec_hw_platform.elf.dir/Drivers/STM32F4xx_HAL_Driver/Src/stm32f4xx_hal_tim.c.obj
 .debug_info    0x00000000000135f8     0x1a9b CMakeFiles/ec_hw_platform.elf.dir/Drivers/STM32F4xx_HAL_Driver/Src/stm32f4xx_hal_tim_ex.c.obj
 .debug_info    0x0000000000015093     0x408c CMakeFiles/ec_hw_platform.elf.dir/Drivers/STM32F4xx_HAL_Driver/Src/stm32f4xx_hal_uart.c.obj
 .debug_info    0x000000000001911f       0xe0 C:/ST/STM32CubeCLT/GNU-tools-for-STM32/bin/../lib/gcc/arm-none-eabi/11.3.1/../../../../arm-none-eabi/lib/thumb/v7e-m/nofp\libg.a(libc_a-memset.o)
 .debug_info    0x00000000000191ff      0x10b C:/ST/STM32CubeCLT/GNU-tools-for-STM32/bin/../lib/gcc/arm-none-eabi/11.3.1/../../../../arm-none-eabi/lib/thumb/v7e-m/nofp\libg.a(libc_a-init.o)
 .debug_info    0x000000000001930a      0x20a C:/ST/STM32CubeCLT/GNU-tools-for-STM32/bin/../lib/gcc/arm-none-eabi/11.3.1/../../../../arm-none-eabi/lib/thumb/v7e-m/nofp\libg.a(libc_a-lock.o)
 .debug_info    0x0000000000019514      0x2dc C:/ST/STM32CubeCLT/GNU-tools-for-STM32/bin/../lib/gcc/arm-none-eabi/11.3.1/../../../../arm-none-eabi/lib/thumb/v7e-m/nofp\libg.a(libc_a-__call_atexit.o)
 .debug_info    0x00000000000197f0      0x118 C:/ST/STM32CubeCLT/GNU-tools-for-STM32/bin/../lib/gcc/arm-none-eabi/11.3.1/../../../../arm-none-eabi/lib/thumb/v7e-m/nofp\libg.a(libc_a-atexit.o)
 .debug_info    0x0000000000019908       0xf7 C:/ST/STM32CubeCLT/GNU-tools-for-STM32/bin/../lib/gcc/arm-none-eabi/11.3.1/../../../../arm-none-eabi/lib/thumb/v7e-m/nofp\libg.a(libc_a-fini.o)
 .debug_info    0x00000000000199ff      0x25f C:/ST/STM32CubeCLT/GNU-tools-for-STM32/bin/../lib/gcc/arm-none-eabi/11.3.1/../../../../arm-none-eabi/lib/thumb/v7e-m/nofp\libg.a(libc_a-__atexit.o)

.debug_abbrev   0x0000000000000000     0x3e31
 .debug_abbrev  0x0000000000000000      0x230 CMakeFiles/ec_hw_platform.elf.dir/Core/Src/adc.c.obj
 .debug_abbrev  0x0000000000000230      0x252 CMakeFiles/ec_hw_platform.elf.dir/Core/Src/can.c.obj
 .debug_abbrev  0x0000000000000482      0x12b CMakeFiles/ec_hw_platform.elf.dir/Core/Src/dma.c.obj
 .debug_abbrev  0x00000000000005ad      0x164 CMakeFiles/ec_hw_platform.elf.dir/Core/Src/gpio.c.obj
 .debug_abbrev  0x0000000000000711      0x143 CMakeFiles/ec_hw_platform.elf.dir/Core/Src/iwdg.c.obj
 .debug_abbrev  0x0000000000000854      0x1e8 CMakeFiles/ec_hw_platform.elf.dir/Core/Src/main.c.obj
 .debug_abbrev  0x0000000000000a3c      0x246 CMakeFiles/ec_hw_platform.elf.dir/Core/Src/spi.c.obj
 .debug_abbrev  0x0000000000000c82      0x12d CMakeFiles/ec_hw_platform.elf.dir/Core/Src/stm32f4xx_hal_msp.c.obj
 .debug_abbrev  0x0000000000000daf      0x204 CMakeFiles/ec_hw_platform.elf.dir/Core/Src/stm32f4xx_it.c.obj
 .debug_abbrev  0x0000000000000fb3      0x120 CMakeFiles/ec_hw_platform.elf.dir/Core/Src/system_stm32f4xx.c.obj
 .debug_abbrev  0x00000000000010d3      0x286 CMakeFiles/ec_hw_platform.elf.dir/Core/Src/tim.c.obj
 .debug_abbrev  0x0000000000001359      0x27e CMakeFiles/ec_hw_platform.elf.dir/Core/Src/usart.c.obj
 .debug_abbrev  0x00000000000015d7       0x12 CMakeFiles/ec_hw_platform.elf.dir/Core/Startup/startup_stm32f407ighx.s.obj
 .debug_abbrev  0x00000000000015e9      0x23f CMakeFiles/ec_hw_platform.elf.dir/Drivers/STM32F4xx_HAL_Driver/Src/stm32f4xx_hal.c.obj
 .debug_abbrev  0x0000000000001828      0x278 CMakeFiles/ec_hw_platform.elf.dir/Drivers/STM32F4xx_HAL_Driver/Src/stm32f4xx_hal_adc.c.obj
 .debug_abbrev  0x0000000000001aa0      0x2d5 CMakeFiles/ec_hw_platform.elf.dir/Drivers/STM32F4xx_HAL_Driver/Src/stm32f4xx_hal_adc_ex.c.obj
 .debug_abbrev  0x0000000000001d75      0x26a CMakeFiles/ec_hw_platform.elf.dir/Drivers/STM32F4xx_HAL_Driver/Src/stm32f4xx_hal_can.c.obj
 .debug_abbrev  0x0000000000001fdf      0x376 CMakeFiles/ec_hw_platform.elf.dir/Drivers/STM32F4xx_HAL_Driver/Src/stm32f4xx_hal_cortex.c.obj
 .debug_abbrev  0x0000000000002355      0x2c0 CMakeFiles/ec_hw_platform.elf.dir/Drivers/STM32F4xx_HAL_Driver/Src/stm32f4xx_hal_dma.c.obj
 .debug_abbrev  0x0000000000002615      0x202 CMakeFiles/ec_hw_platform.elf.dir/Drivers/STM32F4xx_HAL_Driver/Src/stm32f4xx_hal_gpio.c.obj
 .debug_abbrev  0x0000000000002817      0x139 CMakeFiles/ec_hw_platform.elf.dir/Drivers/STM32F4xx_HAL_Driver/Src/stm32f4xx_hal_iwdg.c.obj
 .debug_abbrev  0x0000000000002950      0x2c6 CMakeFiles/ec_hw_platform.elf.dir/Drivers/STM32F4xx_HAL_Driver/Src/stm32f4xx_hal_rcc.c.obj
 .debug_abbrev  0x0000000000002c16      0x27c CMakeFiles/ec_hw_platform.elf.dir/Drivers/STM32F4xx_HAL_Driver/Src/stm32f4xx_hal_spi.c.obj
 .debug_abbrev  0x0000000000002e92      0x26a CMakeFiles/ec_hw_platform.elf.dir/Drivers/STM32F4xx_HAL_Driver/Src/stm32f4xx_hal_tim.c.obj
 .debug_abbrev  0x00000000000030fc      0x268 CMakeFiles/ec_hw_platform.elf.dir/Drivers/STM32F4xx_HAL_Driver/Src/stm32f4xx_hal_tim_ex.c.obj
 .debug_abbrev  0x0000000000003364      0x32f CMakeFiles/ec_hw_platform.elf.dir/Drivers/STM32F4xx_HAL_Driver/Src/stm32f4xx_hal_uart.c.obj
 .debug_abbrev  0x0000000000003693       0x9e C:/ST/STM32CubeCLT/GNU-tools-for-STM32/bin/../lib/gcc/arm-none-eabi/11.3.1/../../../../arm-none-eabi/lib/thumb/v7e-m/nofp\libg.a(libc_a-memset.o)
 .debug_abbrev  0x0000000000003731       0xc9 C:/ST/STM32CubeCLT/GNU-tools-for-STM32/bin/../lib/gcc/arm-none-eabi/11.3.1/../../../../arm-none-eabi/lib/thumb/v7e-m/nofp\libg.a(libc_a-init.o)
 .debug_abbrev  0x00000000000037fa      0x115 C:/ST/STM32CubeCLT/GNU-tools-for-STM32/bin/../lib/gcc/arm-none-eabi/11.3.1/../../../../arm-none-eabi/lib/thumb/v7e-m/nofp\libg.a(libc_a-lock.o)
 .debug_abbrev  0x000000000000390f      0x20c C:/ST/STM32CubeCLT/GNU-tools-for-STM32/bin/../lib/gcc/arm-none-eabi/11.3.1/../../../../arm-none-eabi/lib/thumb/v7e-m/nofp\libg.a(libc_a-__call_atexit.o)
 .debug_abbrev  0x0000000000003b1b       0xc1 C:/ST/STM32CubeCLT/GNU-tools-for-STM32/bin/../lib/gcc/arm-none-eabi/11.3.1/../../../../arm-none-eabi/lib/thumb/v7e-m/nofp\libg.a(libc_a-atexit.o)
 .debug_abbrev  0x0000000000003bdc       0xcc C:/ST/STM32CubeCLT/GNU-tools-for-STM32/bin/../lib/gcc/arm-none-eabi/11.3.1/../../../../arm-none-eabi/lib/thumb/v7e-m/nofp\libg.a(libc_a-fini.o)
 .debug_abbrev  0x0000000000003ca8      0x189 C:/ST/STM32CubeCLT/GNU-tools-for-STM32/bin/../lib/gcc/arm-none-eabi/11.3.1/../../../../arm-none-eabi/lib/thumb/v7e-m/nofp\libg.a(libc_a-__atexit.o)

.debug_loclists
                0x0000000000000000     0xb6e2
 .debug_loclists
                0x0000000000000000       0x5c CMakeFiles/ec_hw_platform.elf.dir/Core/Src/adc.c.obj
 .debug_loclists
                0x000000000000005c       0x8b CMakeFiles/ec_hw_platform.elf.dir/Core/Src/can.c.obj
 .debug_loclists
                0x00000000000000e7       0x52 CMakeFiles/ec_hw_platform.elf.dir/Core/Src/spi.c.obj
 .debug_loclists
                0x0000000000000139       0xdb CMakeFiles/ec_hw_platform.elf.dir/Core/Src/system_stm32f4xx.c.obj
 .debug_loclists
                0x0000000000000214       0xf8 CMakeFiles/ec_hw_platform.elf.dir/Core/Src/tim.c.obj
 .debug_loclists
                0x000000000000030c       0x9a CMakeFiles/ec_hw_platform.elf.dir/Core/Src/usart.c.obj
 .debug_loclists
                0x00000000000003a6       0xc9 CMakeFiles/ec_hw_platform.elf.dir/Drivers/STM32F4xx_HAL_Driver/Src/stm32f4xx_hal.c.obj
 .debug_loclists
                0x000000000000046f      0x800 CMakeFiles/ec_hw_platform.elf.dir/Drivers/STM32F4xx_HAL_Driver/Src/stm32f4xx_hal_adc.c.obj
 .debug_loclists
                0x0000000000000c6f      0x753 CMakeFiles/ec_hw_platform.elf.dir/Drivers/STM32F4xx_HAL_Driver/Src/stm32f4xx_hal_adc_ex.c.obj
 .debug_loclists
                0x00000000000013c2      0x85c CMakeFiles/ec_hw_platform.elf.dir/Drivers/STM32F4xx_HAL_Driver/Src/stm32f4xx_hal_can.c.obj
 .debug_loclists
                0x0000000000001c1e      0x4db CMakeFiles/ec_hw_platform.elf.dir/Drivers/STM32F4xx_HAL_Driver/Src/stm32f4xx_hal_cortex.c.obj
 .debug_loclists
                0x00000000000020f9      0x763 CMakeFiles/ec_hw_platform.elf.dir/Drivers/STM32F4xx_HAL_Driver/Src/stm32f4xx_hal_dma.c.obj
 .debug_loclists
                0x000000000000285c      0x356 CMakeFiles/ec_hw_platform.elf.dir/Drivers/STM32F4xx_HAL_Driver/Src/stm32f4xx_hal_gpio.c.obj
 .debug_loclists
                0x0000000000002bb2       0x5c CMakeFiles/ec_hw_platform.elf.dir/Drivers/STM32F4xx_HAL_Driver/Src/stm32f4xx_hal_iwdg.c.obj
 .debug_loclists
                0x0000000000002c0e      0x3a9 CMakeFiles/ec_hw_platform.elf.dir/Drivers/STM32F4xx_HAL_Driver/Src/stm32f4xx_hal_rcc.c.obj
 .debug_loclists
                0x0000000000002fb7     0x13a3 CMakeFiles/ec_hw_platform.elf.dir/Drivers/STM32F4xx_HAL_Driver/Src/stm32f4xx_hal_spi.c.obj
 .debug_loclists
                0x000000000000435a     0x32f8 CMakeFiles/ec_hw_platform.elf.dir/Drivers/STM32F4xx_HAL_Driver/Src/stm32f4xx_hal_tim.c.obj
 .debug_loclists
                0x0000000000007652     0x1279 CMakeFiles/ec_hw_platform.elf.dir/Drivers/STM32F4xx_HAL_Driver/Src/stm32f4xx_hal_tim_ex.c.obj
 .debug_loclists
                0x00000000000088cb     0x2b7a CMakeFiles/ec_hw_platform.elf.dir/Drivers/STM32F4xx_HAL_Driver/Src/stm32f4xx_hal_uart.c.obj
 .debug_loclists
                0x000000000000b445       0x47 C:/ST/STM32CubeCLT/GNU-tools-for-STM32/bin/../lib/gcc/arm-none-eabi/11.3.1/../../../../arm-none-eabi/lib/thumb/v7e-m/nofp\libg.a(libc_a-memset.o)
 .debug_loclists
                0x000000000000b48c       0x44 C:/ST/STM32CubeCLT/GNU-tools-for-STM32/bin/../lib/gcc/arm-none-eabi/11.3.1/../../../../arm-none-eabi/lib/thumb/v7e-m/nofp\libg.a(libc_a-init.o)
 .debug_loclists
                0x000000000000b4d0       0x23 C:/ST/STM32CubeCLT/GNU-tools-for-STM32/bin/../lib/gcc/arm-none-eabi/11.3.1/../../../../arm-none-eabi/lib/thumb/v7e-m/nofp\libg.a(libc_a-lock.o)
 .debug_loclists
                0x000000000000b4f3       0xfc C:/ST/STM32CubeCLT/GNU-tools-for-STM32/bin/../lib/gcc/arm-none-eabi/11.3.1/../../../../arm-none-eabi/lib/thumb/v7e-m/nofp\libg.a(libc_a-__call_atexit.o)
 .debug_loclists
                0x000000000000b5ef       0x2a C:/ST/STM32CubeCLT/GNU-tools-for-STM32/bin/../lib/gcc/arm-none-eabi/11.3.1/../../../../arm-none-eabi/lib/thumb/v7e-m/nofp\libg.a(libc_a-atexit.o)
 .debug_loclists
                0x000000000000b619       0x3b C:/ST/STM32CubeCLT/GNU-tools-for-STM32/bin/../lib/gcc/arm-none-eabi/11.3.1/../../../../arm-none-eabi/lib/thumb/v7e-m/nofp\libg.a(libc_a-fini.o)
 .debug_loclists
                0x000000000000b654       0x8e C:/ST/STM32CubeCLT/GNU-tools-for-STM32/bin/../lib/gcc/arm-none-eabi/11.3.1/../../../../arm-none-eabi/lib/thumb/v7e-m/nofp\libg.a(libc_a-__atexit.o)

.debug_aranges  0x0000000000000000     0x12e0
 .debug_aranges
                0x0000000000000000       0x30 CMakeFiles/ec_hw_platform.elf.dir/Core/Src/adc.c.obj
 .debug_aranges
                0x0000000000000030       0x38 CMakeFiles/ec_hw_platform.elf.dir/Core/Src/can.c.obj
 .debug_aranges
                0x0000000000000068       0x20 CMakeFiles/ec_hw_platform.elf.dir/Core/Src/dma.c.obj
 .debug_aranges
                0x0000000000000088       0x20 CMakeFiles/ec_hw_platform.elf.dir/Core/Src/gpio.c.obj
 .debug_aranges
                0x00000000000000a8       0x20 CMakeFiles/ec_hw_platform.elf.dir/Core/Src/iwdg.c.obj
 .debug_aranges
                0x00000000000000c8       0x30 CMakeFiles/ec_hw_platform.elf.dir/Core/Src/main.c.obj
 .debug_aranges
                0x00000000000000f8       0x30 CMakeFiles/ec_hw_platform.elf.dir/Core/Src/spi.c.obj
 .debug_aranges
                0x0000000000000128       0x20 CMakeFiles/ec_hw_platform.elf.dir/Core/Src/stm32f4xx_hal_msp.c.obj
 .debug_aranges
                0x0000000000000148       0xe0 CMakeFiles/ec_hw_platform.elf.dir/Core/Src/stm32f4xx_it.c.obj
 .debug_aranges
                0x0000000000000228       0x28 CMakeFiles/ec_hw_platform.elf.dir/Core/Src/system_stm32f4xx.c.obj
 .debug_aranges
                0x0000000000000250       0x50 CMakeFiles/ec_hw_platform.elf.dir/Core/Src/tim.c.obj
 .debug_aranges
                0x00000000000002a0       0x40 CMakeFiles/ec_hw_platform.elf.dir/Core/Src/usart.c.obj
 .debug_aranges
                0x00000000000002e0       0x28 CMakeFiles/ec_hw_platform.elf.dir/Core/Startup/startup_stm32f407ighx.s.obj
 .debug_aranges
                0x0000000000000308       0xf0 CMakeFiles/ec_hw_platform.elf.dir/Drivers/STM32F4xx_HAL_Driver/Src/stm32f4xx_hal.c.obj
 .debug_aranges
                0x00000000000003f8       0xe8 CMakeFiles/ec_hw_platform.elf.dir/Drivers/STM32F4xx_HAL_Driver/Src/stm32f4xx_hal_adc.c.obj
 .debug_aranges
                0x00000000000004e0       0x90 CMakeFiles/ec_hw_platform.elf.dir/Drivers/STM32F4xx_HAL_Driver/Src/stm32f4xx_hal_adc_ex.c.obj
 .debug_aranges
                0x0000000000000570      0x138 CMakeFiles/ec_hw_platform.elf.dir/Drivers/STM32F4xx_HAL_Driver/Src/stm32f4xx_hal_can.c.obj
 .debug_aranges
                0x00000000000006a8       0xa8 CMakeFiles/ec_hw_platform.elf.dir/Drivers/STM32F4xx_HAL_Driver/Src/stm32f4xx_hal_cortex.c.obj
 .debug_aranges
                0x0000000000000750       0x90 CMakeFiles/ec_hw_platform.elf.dir/Drivers/STM32F4xx_HAL_Driver/Src/stm32f4xx_hal_dma.c.obj
 .debug_aranges
                0x00000000000007e0       0x58 CMakeFiles/ec_hw_platform.elf.dir/Drivers/STM32F4xx_HAL_Driver/Src/stm32f4xx_hal_gpio.c.obj
 .debug_aranges
                0x0000000000000838       0x28 CMakeFiles/ec_hw_platform.elf.dir/Drivers/STM32F4xx_HAL_Driver/Src/stm32f4xx_hal_iwdg.c.obj
 .debug_aranges
                0x0000000000000860       0x88 CMakeFiles/ec_hw_platform.elf.dir/Drivers/STM32F4xx_HAL_Driver/Src/stm32f4xx_hal_rcc.c.obj
 .debug_aranges
                0x00000000000008e8      0x1d0 CMakeFiles/ec_hw_platform.elf.dir/Drivers/STM32F4xx_HAL_Driver/Src/stm32f4xx_hal_spi.c.obj
 .debug_aranges
                0x0000000000000ab8      0x3d0 CMakeFiles/ec_hw_platform.elf.dir/Drivers/STM32F4xx_HAL_Driver/Src/stm32f4xx_hal_tim.c.obj
 .debug_aranges
                0x0000000000000e88      0x168 CMakeFiles/ec_hw_platform.elf.dir/Drivers/STM32F4xx_HAL_Driver/Src/stm32f4xx_hal_tim_ex.c.obj
 .debug_aranges
                0x0000000000000ff0      0x200 CMakeFiles/ec_hw_platform.elf.dir/Drivers/STM32F4xx_HAL_Driver/Src/stm32f4xx_hal_uart.c.obj
 .debug_aranges
                0x00000000000011f0       0x20 C:/ST/STM32CubeCLT/GNU-tools-for-STM32/bin/../lib/gcc/arm-none-eabi/11.3.1/../../../../arm-none-eabi/lib/thumb/v7e-m/nofp\libg.a(libc_a-memset.o)
 .debug_aranges
                0x0000000000001210       0x20 C:/ST/STM32CubeCLT/GNU-tools-for-STM32/bin/../lib/gcc/arm-none-eabi/11.3.1/../../../../arm-none-eabi/lib/thumb/v7e-m/nofp\libg.a(libc_a-init.o)
 .debug_aranges
                0x0000000000001230       0x28 C:/ST/STM32CubeCLT/GNU-tools-for-STM32/bin/../lib/gcc/arm-none-eabi/11.3.1/../../../../arm-none-eabi/lib/thumb/v7e-m/nofp\libg.a(libc_a-lock.o)
 .debug_aranges
                0x0000000000001258       0x28 C:/ST/STM32CubeCLT/GNU-tools-for-STM32/bin/../lib/gcc/arm-none-eabi/11.3.1/../../../../arm-none-eabi/lib/thumb/v7e-m/nofp\libg.a(libc_a-__call_atexit.o)
 .debug_aranges
                0x0000000000001280       0x20 C:/ST/STM32CubeCLT/GNU-tools-for-STM32/bin/../lib/gcc/arm-none-eabi/11.3.1/../../../../arm-none-eabi/lib/thumb/v7e-m/nofp\libg.a(libc_a-atexit.o)
 .debug_aranges
                0x00000000000012a0       0x20 C:/ST/STM32CubeCLT/GNU-tools-for-STM32/bin/../lib/gcc/arm-none-eabi/11.3.1/../../../../arm-none-eabi/lib/thumb/v7e-m/nofp\libg.a(libc_a-fini.o)
 .debug_aranges
                0x00000000000012c0       0x20 C:/ST/STM32CubeCLT/GNU-tools-for-STM32/bin/../lib/gcc/arm-none-eabi/11.3.1/../../../../arm-none-eabi/lib/thumb/v7e-m/nofp\libg.a(libc_a-__atexit.o)

.debug_rnglists
                0x0000000000000000      0xe6c
 .debug_rnglists
                0x0000000000000000       0x1f CMakeFiles/ec_hw_platform.elf.dir/Core/Src/adc.c.obj
 .debug_rnglists
                0x000000000000001f       0x27 CMakeFiles/ec_hw_platform.elf.dir/Core/Src/can.c.obj
 .debug_rnglists
                0x0000000000000046       0x14 CMakeFiles/ec_hw_platform.elf.dir/Core/Src/dma.c.obj
 .debug_rnglists
                0x000000000000005a       0x14 CMakeFiles/ec_hw_platform.elf.dir/Core/Src/gpio.c.obj
 .debug_rnglists
                0x000000000000006e       0x13 CMakeFiles/ec_hw_platform.elf.dir/Core/Src/iwdg.c.obj
 .debug_rnglists
                0x0000000000000081       0x20 CMakeFiles/ec_hw_platform.elf.dir/Core/Src/main.c.obj
 .debug_rnglists
                0x00000000000000a1       0x20 CMakeFiles/ec_hw_platform.elf.dir/Core/Src/spi.c.obj
 .debug_rnglists
                0x00000000000000c1       0x13 CMakeFiles/ec_hw_platform.elf.dir/Core/Src/stm32f4xx_hal_msp.c.obj
 .debug_rnglists
                0x00000000000000d4       0xa3 CMakeFiles/ec_hw_platform.elf.dir/Core/Src/stm32f4xx_it.c.obj
 .debug_rnglists
                0x0000000000000177       0x1a CMakeFiles/ec_hw_platform.elf.dir/Core/Src/system_stm32f4xx.c.obj
 .debug_rnglists
                0x0000000000000191       0x39 CMakeFiles/ec_hw_platform.elf.dir/Core/Src/tim.c.obj
 .debug_rnglists
                0x00000000000001ca       0x2d CMakeFiles/ec_hw_platform.elf.dir/Core/Src/usart.c.obj
 .debug_rnglists
                0x00000000000001f7       0x19 CMakeFiles/ec_hw_platform.elf.dir/Core/Startup/startup_stm32f407ighx.s.obj
 .debug_rnglists
                0x0000000000000210       0xaf CMakeFiles/ec_hw_platform.elf.dir/Drivers/STM32F4xx_HAL_Driver/Src/stm32f4xx_hal.c.obj
 .debug_rnglists
                0x00000000000002bf       0xb0 CMakeFiles/ec_hw_platform.elf.dir/Drivers/STM32F4xx_HAL_Driver/Src/stm32f4xx_hal_adc.c.obj
 .debug_rnglists
                0x000000000000036f       0x6c CMakeFiles/ec_hw_platform.elf.dir/Drivers/STM32F4xx_HAL_Driver/Src/stm32f4xx_hal_adc_ex.c.obj
 .debug_rnglists
                0x00000000000003db       0xea CMakeFiles/ec_hw_platform.elf.dir/Drivers/STM32F4xx_HAL_Driver/Src/stm32f4xx_hal_can.c.obj
 .debug_rnglists
                0x00000000000004c5       0xa9 CMakeFiles/ec_hw_platform.elf.dir/Drivers/STM32F4xx_HAL_Driver/Src/stm32f4xx_hal_cortex.c.obj
 .debug_rnglists
                0x000000000000056e       0x6c CMakeFiles/ec_hw_platform.elf.dir/Drivers/STM32F4xx_HAL_Driver/Src/stm32f4xx_hal_dma.c.obj
 .debug_rnglists
                0x00000000000005da       0x3f CMakeFiles/ec_hw_platform.elf.dir/Drivers/STM32F4xx_HAL_Driver/Src/stm32f4xx_hal_gpio.c.obj
 .debug_rnglists
                0x0000000000000619       0x19 CMakeFiles/ec_hw_platform.elf.dir/Drivers/STM32F4xx_HAL_Driver/Src/stm32f4xx_hal_iwdg.c.obj
 .debug_rnglists
                0x0000000000000632       0x75 CMakeFiles/ec_hw_platform.elf.dir/Drivers/STM32F4xx_HAL_Driver/Src/stm32f4xx_hal_rcc.c.obj
 .debug_rnglists
                0x00000000000006a7      0x169 CMakeFiles/ec_hw_platform.elf.dir/Drivers/STM32F4xx_HAL_Driver/Src/stm32f4xx_hal_spi.c.obj
 .debug_rnglists
                0x0000000000000810      0x303 CMakeFiles/ec_hw_platform.elf.dir/Drivers/STM32F4xx_HAL_Driver/Src/stm32f4xx_hal_tim.c.obj
 .debug_rnglists
                0x0000000000000b13      0x11b CMakeFiles/ec_hw_platform.elf.dir/Drivers/STM32F4xx_HAL_Driver/Src/stm32f4xx_hal_tim_ex.c.obj
 .debug_rnglists
                0x0000000000000c2e      0x19b CMakeFiles/ec_hw_platform.elf.dir/Drivers/STM32F4xx_HAL_Driver/Src/stm32f4xx_hal_uart.c.obj
 .debug_rnglists
                0x0000000000000dc9       0x13 C:/ST/STM32CubeCLT/GNU-tools-for-STM32/bin/../lib/gcc/arm-none-eabi/11.3.1/../../../../arm-none-eabi/lib/thumb/v7e-m/nofp\libg.a(libc_a-memset.o)
 .debug_rnglists
                0x0000000000000ddc       0x13 C:/ST/STM32CubeCLT/GNU-tools-for-STM32/bin/../lib/gcc/arm-none-eabi/11.3.1/../../../../arm-none-eabi/lib/thumb/v7e-m/nofp\libg.a(libc_a-init.o)
 .debug_rnglists
                0x0000000000000def       0x19 C:/ST/STM32CubeCLT/GNU-tools-for-STM32/bin/../lib/gcc/arm-none-eabi/11.3.1/../../../../arm-none-eabi/lib/thumb/v7e-m/nofp\libg.a(libc_a-lock.o)
 .debug_rnglists
                0x0000000000000e08       0x2a C:/ST/STM32CubeCLT/GNU-tools-for-STM32/bin/../lib/gcc/arm-none-eabi/11.3.1/../../../../arm-none-eabi/lib/thumb/v7e-m/nofp\libg.a(libc_a-__call_atexit.o)
 .debug_rnglists
                0x0000000000000e32       0x13 C:/ST/STM32CubeCLT/GNU-tools-for-STM32/bin/../lib/gcc/arm-none-eabi/11.3.1/../../../../arm-none-eabi/lib/thumb/v7e-m/nofp\libg.a(libc_a-atexit.o)
 .debug_rnglists
                0x0000000000000e45       0x13 C:/ST/STM32CubeCLT/GNU-tools-for-STM32/bin/../lib/gcc/arm-none-eabi/11.3.1/../../../../arm-none-eabi/lib/thumb/v7e-m/nofp\libg.a(libc_a-fini.o)
 .debug_rnglists
                0x0000000000000e58       0x14 C:/ST/STM32CubeCLT/GNU-tools-for-STM32/bin/../lib/gcc/arm-none-eabi/11.3.1/../../../../arm-none-eabi/lib/thumb/v7e-m/nofp\libg.a(libc_a-__atexit.o)

.debug_line     0x0000000000000000    0x175cb
 .debug_line    0x0000000000000000      0x3f5 CMakeFiles/ec_hw_platform.elf.dir/Core/Src/adc.c.obj
 .debug_line    0x00000000000003f5      0x5a9 CMakeFiles/ec_hw_platform.elf.dir/Core/Src/can.c.obj
 .debug_line    0x000000000000099e      0x235 CMakeFiles/ec_hw_platform.elf.dir/Core/Src/dma.c.obj
 .debug_line    0x0000000000000bd3      0x338 CMakeFiles/ec_hw_platform.elf.dir/Core/Src/gpio.c.obj
 .debug_line    0x0000000000000f0b      0x2a1 CMakeFiles/ec_hw_platform.elf.dir/Core/Src/iwdg.c.obj
 .debug_line    0x00000000000011ac      0x43f CMakeFiles/ec_hw_platform.elf.dir/Core/Src/main.c.obj
 .debug_line    0x00000000000015eb      0x4c7 CMakeFiles/ec_hw_platform.elf.dir/Core/Src/spi.c.obj
 .debug_line    0x0000000000001ab2      0x240 CMakeFiles/ec_hw_platform.elf.dir/Core/Src/stm32f4xx_hal_msp.c.obj
 .debug_line    0x0000000000001cf2      0x554 CMakeFiles/ec_hw_platform.elf.dir/Core/Src/stm32f4xx_it.c.obj
 .debug_line    0x0000000000002246      0x2ab CMakeFiles/ec_hw_platform.elf.dir/Core/Src/system_stm32f4xx.c.obj
 .debug_line    0x00000000000024f1      0x6ef CMakeFiles/ec_hw_platform.elf.dir/Core/Src/tim.c.obj
 .debug_line    0x0000000000002be0      0x72b CMakeFiles/ec_hw_platform.elf.dir/Core/Src/usart.c.obj
 .debug_line    0x000000000000330b       0x7a CMakeFiles/ec_hw_platform.elf.dir/Core/Startup/startup_stm32f407ighx.s.obj
 .debug_line    0x0000000000003385      0x62d CMakeFiles/ec_hw_platform.elf.dir/Drivers/STM32F4xx_HAL_Driver/Src/stm32f4xx_hal.c.obj
 .debug_line    0x00000000000039b2     0x113a CMakeFiles/ec_hw_platform.elf.dir/Drivers/STM32F4xx_HAL_Driver/Src/stm32f4xx_hal_adc.c.obj
 .debug_line    0x0000000000004aec      0xcf0 CMakeFiles/ec_hw_platform.elf.dir/Drivers/STM32F4xx_HAL_Driver/Src/stm32f4xx_hal_adc_ex.c.obj
 .debug_line    0x00000000000057dc     0x119f CMakeFiles/ec_hw_platform.elf.dir/Drivers/STM32F4xx_HAL_Driver/Src/stm32f4xx_hal_can.c.obj
 .debug_line    0x000000000000697b      0x83f CMakeFiles/ec_hw_platform.elf.dir/Drivers/STM32F4xx_HAL_Driver/Src/stm32f4xx_hal_cortex.c.obj
 .debug_line    0x00000000000071ba      0xed1 CMakeFiles/ec_hw_platform.elf.dir/Drivers/STM32F4xx_HAL_Driver/Src/stm32f4xx_hal_dma.c.obj
 .debug_line    0x000000000000808b      0x752 CMakeFiles/ec_hw_platform.elf.dir/Drivers/STM32F4xx_HAL_Driver/Src/stm32f4xx_hal_gpio.c.obj
 .debug_line    0x00000000000087dd      0x305 CMakeFiles/ec_hw_platform.elf.dir/Drivers/STM32F4xx_HAL_Driver/Src/stm32f4xx_hal_iwdg.c.obj
 .debug_line    0x0000000000008ae2      0xbaf CMakeFiles/ec_hw_platform.elf.dir/Drivers/STM32F4xx_HAL_Driver/Src/stm32f4xx_hal_rcc.c.obj
 .debug_line    0x0000000000009691     0x257b CMakeFiles/ec_hw_platform.elf.dir/Drivers/STM32F4xx_HAL_Driver/Src/stm32f4xx_hal_spi.c.obj
 .debug_line    0x000000000000bc0c     0x4b43 CMakeFiles/ec_hw_platform.elf.dir/Drivers/STM32F4xx_HAL_Driver/Src/stm32f4xx_hal_tim.c.obj
 .debug_line    0x000000000001074f     0x1d69 CMakeFiles/ec_hw_platform.elf.dir/Drivers/STM32F4xx_HAL_Driver/Src/stm32f4xx_hal_tim_ex.c.obj
 .debug_line    0x00000000000124b8     0x4699 CMakeFiles/ec_hw_platform.elf.dir/Drivers/STM32F4xx_HAL_Driver/Src/stm32f4xx_hal_uart.c.obj
 .debug_line    0x0000000000016b51      0x17e C:/ST/STM32CubeCLT/GNU-tools-for-STM32/bin/../lib/gcc/arm-none-eabi/11.3.1/../../../../arm-none-eabi/lib/thumb/v7e-m/nofp\libg.a(libc_a-memset.o)
 .debug_line    0x0000000000016ccf      0x188 C:/ST/STM32CubeCLT/GNU-tools-for-STM32/bin/../lib/gcc/arm-none-eabi/11.3.1/../../../../arm-none-eabi/lib/thumb/v7e-m/nofp\libg.a(libc_a-init.o)
 .debug_line    0x0000000000016e57      0x103 C:/ST/STM32CubeCLT/GNU-tools-for-STM32/bin/../lib/gcc/arm-none-eabi/11.3.1/../../../../arm-none-eabi/lib/thumb/v7e-m/nofp\libg.a(libc_a-lock.o)
 .debug_line    0x0000000000016f5a      0x28a C:/ST/STM32CubeCLT/GNU-tools-for-STM32/bin/../lib/gcc/arm-none-eabi/11.3.1/../../../../arm-none-eabi/lib/thumb/v7e-m/nofp\libg.a(libc_a-__call_atexit.o)
 .debug_line    0x00000000000171e4      0x102 C:/ST/STM32CubeCLT/GNU-tools-for-STM32/bin/../lib/gcc/arm-none-eabi/11.3.1/../../../../arm-none-eabi/lib/thumb/v7e-m/nofp\libg.a(libc_a-atexit.o)
 .debug_line    0x00000000000172e6      0x140 C:/ST/STM32CubeCLT/GNU-tools-for-STM32/bin/../lib/gcc/arm-none-eabi/11.3.1/../../../../arm-none-eabi/lib/thumb/v7e-m/nofp\libg.a(libc_a-fini.o)
 .debug_line    0x0000000000017426      0x1a5 C:/ST/STM32CubeCLT/GNU-tools-for-STM32/bin/../lib/gcc/arm-none-eabi/11.3.1/../../../../arm-none-eabi/lib/thumb/v7e-m/nofp\libg.a(libc_a-__atexit.o)

.debug_str      0x0000000000000000     0x5dff
 .debug_str     0x0000000000000000      0xc86 CMakeFiles/ec_hw_platform.elf.dir/Core/Src/adc.c.obj
                                        0xd43 (size before relaxing)
 .debug_str     0x0000000000000c86      0x2ac CMakeFiles/ec_hw_platform.elf.dir/Core/Src/can.c.obj
                                        0xbbf (size before relaxing)
 .debug_str     0x0000000000000f32       0x3b CMakeFiles/ec_hw_platform.elf.dir/Core/Src/dma.c.obj
                                        0x7ef (size before relaxing)
 .debug_str     0x0000000000000f6d       0x79 CMakeFiles/ec_hw_platform.elf.dir/Core/Src/gpio.c.obj
                                        0x3ae (size before relaxing)
 .debug_str     0x0000000000000fe6       0x89 CMakeFiles/ec_hw_platform.elf.dir/Core/Src/iwdg.c.obj
                                        0x278 (size before relaxing)
 .debug_str     0x000000000000106f      0x23a CMakeFiles/ec_hw_platform.elf.dir/Core/Src/main.c.obj
                                        0x57a (size before relaxing)
 .debug_str     0x00000000000012a9      0x25a CMakeFiles/ec_hw_platform.elf.dir/Core/Src/spi.c.obj
                                        0xd93 (size before relaxing)
 .debug_str     0x0000000000001503       0x49 CMakeFiles/ec_hw_platform.elf.dir/Core/Src/stm32f4xx_hal_msp.c.obj
                                        0x7fd (size before relaxing)
 .debug_str     0x000000000000154c      0x6e7 CMakeFiles/ec_hw_platform.elf.dir/Core/Src/stm32f4xx_it.c.obj
                                       0x1121 (size before relaxing)
 .debug_str     0x0000000000001c33       0xa4 CMakeFiles/ec_hw_platform.elf.dir/Core/Src/system_stm32f4xx.c.obj
                                        0x343 (size before relaxing)
 .debug_str     0x0000000000001cd7      0x15c CMakeFiles/ec_hw_platform.elf.dir/Core/Src/tim.c.obj
                                        0xf9f (size before relaxing)