Archive member included to satisfy reference by file (symbol)

C:/ST/STM32CubeCLT/GNU-tools-for-STM32/bin/../lib/gcc/arm-none-eabi/11.3.1/thumb/v7e-m/nofp\libgcc.a(_arm_mulsf3.o)
                              CMakeFiles/ec_hw_platform.elf.dir/Src/Control/rc_task.cpp.obj (__aeabi_fmul)
C:/ST/STM32CubeCLT/GNU-tools-for-STM32/bin/../lib/gcc/arm-none-eabi/11.3.1/thumb/v7e-m/nofp\libgcc.a(_arm_addsubsf3.o)
                              CMakeFiles/ec_hw_platform.elf.dir/Src/PID.cpp.obj (__aeabi_fsub)
C:/ST/STM32CubeCLT/GNU-tools-for-STM32/bin/../lib/gcc/arm-none-eabi/11.3.1/thumb/v7e-m/nofp\libgcc.a(_arm_muldivsf3.o)
                              CMakeFiles/ec_hw_platform.elf.dir/Src/remote_control.cpp.obj (__aeabi_fdiv)
C:/ST/STM32CubeCLT/GNU-tools-for-STM32/bin/../lib/gcc/arm-none-eabi/11.3.1/thumb/v7e-m/nofp\libgcc.a(_arm_cmpsf2.o)
                              CMakeFiles/ec_hw_platform.elf.dir/Src/remote_control.cpp.obj (__aeabi_fcmplt)
C:/ST/STM32CubeCLT/GNU-tools-for-STM32/bin/../lib/gcc/arm-none-eabi/11.3.1/thumb/v7e-m/nofp\libgcc.a(_arm_fixunssfsi.o)
                              CMakeFiles/ec_hw_platform.elf.dir/Src/Motor.cpp.obj (__aeabi_f2uiz)
C:/ST/STM32CubeCLT/GNU-tools-for-STM32/bin/../lib/gcc/arm-none-eabi/11.3.1/thumb/v7e-m/nofp\libgcc.a(_aeabi_uldivmod.o)
                              CMakeFiles/ec_hw_platform.elf.dir/Drivers/STM32F4xx_HAL_Driver/Src/stm32f4xx_hal_rcc.c.obj (__aeabi_uldivmod)
C:/ST/STM32CubeCLT/GNU-tools-for-STM32/bin/../lib/gcc/arm-none-eabi/11.3.1/thumb/v7e-m/nofp\libgcc.a(_udivmoddi4.o)
                              C:/ST/STM32CubeCLT/GNU-tools-for-STM32/bin/../lib/gcc/arm-none-eabi/11.3.1/thumb/v7e-m/nofp\libgcc.a(_aeabi_uldivmod.o) (__udivmoddi4)
C:/ST/STM32CubeCLT/GNU-tools-for-STM32/bin/../lib/gcc/arm-none-eabi/11.3.1/thumb/v7e-m/nofp\libgcc.a(unwind-arm.o)
                              CMakeFiles/ec_hw_platform.elf.dir/Src/Callback.cpp.obj (__aeabi_unwind_cpp_pr0)
C:/ST/STM32CubeCLT/GNU-tools-for-STM32/bin/../lib/gcc/arm-none-eabi/11.3.1/thumb/v7e-m/nofp\libgcc.a(libunwind.o)
                              C:/ST/STM32CubeCLT/GNU-tools-for-STM32/bin/../lib/gcc/arm-none-eabi/11.3.1/thumb/v7e-m/nofp\libgcc.a(unwind-arm.o) (restore_core_regs)
C:/ST/STM32CubeCLT/GNU-tools-for-STM32/bin/../lib/gcc/arm-none-eabi/11.3.1/thumb/v7e-m/nofp\libgcc.a(pr-support.o)
                              C:/ST/STM32CubeCLT/GNU-tools-for-STM32/bin/../lib/gcc/arm-none-eabi/11.3.1/thumb/v7e-m/nofp\libgcc.a(unwind-arm.o) (__gnu_unwind_execute)
C:/ST/STM32CubeCLT/GNU-tools-for-STM32/bin/../lib/gcc/arm-none-eabi/11.3.1/thumb/v7e-m/nofp\libgcc.a(_dvmd_tls.o)
                              C:/ST/STM32CubeCLT/GNU-tools-for-STM32/bin/../lib/gcc/arm-none-eabi/11.3.1/thumb/v7e-m/nofp\libgcc.a(_aeabi_uldivmod.o) (__aeabi_ldiv0)
C:/ST/STM32CubeCLT/GNU-tools-for-STM32/bin/../lib/gcc/arm-none-eabi/11.3.1/../../../../arm-none-eabi/lib/thumb/v7e-m/nofp\libg.a(libc_a-abort.o)
                              C:/ST/STM32CubeCLT/GNU-tools-for-STM32/bin/../lib/gcc/arm-none-eabi/11.3.1/thumb/v7e-m/nofp\libgcc.a(unwind-arm.o) (abort)
C:/ST/STM32CubeCLT/GNU-tools-for-STM32/bin/../lib/gcc/arm-none-eabi/11.3.1/../../../../arm-none-eabi/lib/thumb/v7e-m/nofp\libg.a(libc_a-exit.o)
                              C:/ST/STM32CubeCLT/GNU-tools-for-STM32/bin/../lib/gcc/arm-none-eabi/11.3.1/../../../../arm-none-eabi/lib/thumb/v7e-m/nofp/crt0.o (exit)
C:/ST/STM32CubeCLT/GNU-tools-for-STM32/bin/../lib/gcc/arm-none-eabi/11.3.1/../../../../arm-none-eabi/lib/thumb/v7e-m/nofp\libg.a(libc_a-findfp.o)
                              C:/ST/STM32CubeCLT/GNU-tools-for-STM32/bin/../lib/gcc/arm-none-eabi/11.3.1/../../../../arm-none-eabi/lib/thumb/v7e-m/nofp\libg.a(libc_a-exit.o) (__stdio_exit_handler)
C:/ST/STM32CubeCLT/GNU-tools-for-STM32/bin/../lib/gcc/arm-none-eabi/11.3.1/../../../../arm-none-eabi/lib/thumb/v7e-m/nofp\libg.a(libc_a-fwalk.o)
                              C:/ST/STM32CubeCLT/GNU-tools-for-STM32/bin/../lib/gcc/arm-none-eabi/11.3.1/../../../../arm-none-eabi/lib/thumb/v7e-m/nofp\libg.a(libc_a-findfp.o) (_fwalk_sglue)
C:/ST/STM32CubeCLT/GNU-tools-for-STM32/bin/../lib/gcc/arm-none-eabi/11.3.1/../../../../arm-none-eabi/lib/thumb/v7e-m/nofp\libg.a(libc_a-stdio.o)
                              C:/ST/STM32CubeCLT/GNU-tools-for-STM32/bin/../lib/gcc/arm-none-eabi/11.3.1/../../../../arm-none-eabi/lib/thumb/v7e-m/nofp\libg.a(libc_a-findfp.o) (__sread)
C:/ST/STM32CubeCLT/GNU-tools-for-STM32/bin/../lib/gcc/arm-none-eabi/11.3.1/../../../../arm-none-eabi/lib/thumb/v7e-m/nofp\libg.a(libc_a-memset.o)
                              C:/ST/STM32CubeCLT/GNU-tools-for-STM32/bin/../lib/gcc/arm-none-eabi/11.3.1/../../../../arm-none-eabi/lib/thumb/v7e-m/nofp/crt0.o (memset)
C:/ST/STM32CubeCLT/GNU-tools-for-STM32/bin/../lib/gcc/arm-none-eabi/11.3.1/../../../../arm-none-eabi/lib/thumb/v7e-m/nofp\libg.a(libc_a-signal.o)
[...]
Memory Configuration

Name             Origin             Length             Attributes
CCMRAM           0x0000000010000000 0x0000000000010000 xrw
RAM              0x0000000020000000 0x0000000000020000 xrw
FLASH            0x0000000008000000 0x0000000000100000 xr
*default*        0x0000000000000000 0xffffffffffffffff

Linker script and memory map

LOAD C:/ST/STM32CubeCLT/GNU-tools-for-STM32/bin/../lib/gcc/arm-none-eabi/11.3.1/thumb/v7e-m/nofp/crti.o
LOAD C:/ST/STM32CubeCLT/GNU-tools-for-STM32/bin/../lib/gcc/arm-none-eabi/11.3.1/thumb/v7e-m/nofp/crtbegin.o
LOAD C:/ST/STM32CubeCLT/GNU-tools-for-STM32/bin/../lib/gcc/arm-none-eabi/11.3.1/../../../../arm-none-eabi/lib/thumb/v7e-m/nofp/crt0.o
LOAD CMakeFiles/ec_hw_platform.elf.dir/Core/Src/adc.c.obj
LOAD CMakeFiles/ec_hw_platform.elf.dir/Core/Src/can.c.obj
LOAD CMakeFiles/ec_hw_platform.elf.dir/Core/Src/dma.c.obj
LOAD CMakeFiles/ec_hw_platform.elf.dir/Core/Src/gpio.c.obj
LOAD CMakeFiles/ec_hw_platform.elf.dir/Core/Src/iwdg.c.obj
LOAD CMakeFiles/ec_hw_platform.elf.dir/Core/Src/main.c.obj
LOAD CMakeFiles/ec_hw_platform.elf.dir/Core/Src/spi.c.obj
LOAD CMakeFiles/ec_hw_platform.elf.dir/Core/Src/stm32f4xx_hal_msp.c.obj
LOAD CMakeFiles/ec_hw_platform.elf.dir/Core/Src/stm32f4xx_it.c.obj
LOAD CMakeFiles/ec_hw_platform.elf.dir/Core/Src/syscalls.c.obj
LOAD CMakeFiles/ec_hw_platform.elf.dir/Core/Src/sysmem.c.obj
LOAD CMakeFiles/ec_hw_platform.elf.dir/Core/Src/system_stm32f4xx.c.obj
LOAD CMakeFiles/ec_hw_platform.elf.dir/Core/Src/tim.c.obj
LOAD CMakeFiles/ec_hw_platform.elf.dir/Core/Src/usart.c.obj
LOAD CMakeFiles/ec_hw_platform.elf.dir/Core/Startup/startup_stm32f407ighx.s.obj
LOAD CMakeFiles/ec_hw_platform.elf.dir/Drivers/STM32F4xx_HAL_Driver/Src/stm32f4xx_hal.c.obj
LOAD CMakeFiles/ec_hw_platform.elf.dir/Drivers/STM32F4xx_HAL_Driver/Src/stm32f4xx_hal_adc.c.obj
LOAD CMakeFiles/ec_hw_platform.elf.dir/Drivers/STM32F4xx_HAL_Driver/Src/stm32f4xx_hal_adc_ex.c.obj
LOAD CMakeFiles/ec_hw_platform.elf.dir/Drivers/STM32F4xx_HAL_Driver/Src/stm32f4xx_hal_can.c.obj
LOAD CMakeFiles/ec_hw_platform.elf.dir/Drivers/STM32F4xx_HAL_Driver/Src/stm32f4xx_hal_cortex.c.obj
LOAD CMakeFiles/ec_hw_platform.elf.dir/Drivers/STM32F4xx_HAL_Driver/Src/stm32f4xx_hal_dma.c.obj
LOAD CMakeFiles/ec_hw_platform.elf.dir/Drivers/STM32F4xx_HAL_Driver/Src/stm32f4xx_hal_dma_ex.c.obj
LOAD CMakeFiles/ec_hw_platform.elf.dir/Drivers/STM32F4xx_HAL_Driver/Src/stm32f4xx_hal_exti.c.obj
LOAD CMakeFiles/ec_hw_platform.elf.dir/Drivers/STM32F4xx_HAL_Driver/Src/stm32f4xx_hal_flash.c.obj
LOAD CMakeFiles/ec_hw_platform.elf.dir/Drivers/STM32F4xx_HAL_Driver/Src/stm32f4xx_hal_flash_ex.c.obj
LOAD CMakeFiles/ec_hw_platform.elf.dir/Drivers/STM32F4xx_HAL_Driver/Src/stm32f4xx_hal_flash_ramfunc.c.obj
LOAD CMakeFiles/ec_hw_platform.elf.dir/Drivers/STM32F4xx_HAL_Driver/Src/stm32f4xx_hal_gpio.c.obj
LOAD CMakeFiles/ec_hw_platform.elf.dir/Drivers/STM32F4xx_HAL_Driver/Src/stm32f4xx_hal_iwdg.c.obj
LOAD CMakeFiles/ec_hw_platform.elf.dir/Drivers/STM32F4xx_HAL_Driver/Src/stm32f4xx_hal_pwr.c.obj
LOAD CMakeFiles/ec_hw_platform.elf.dir/Drivers/STM32F4xx_HAL_Driver/Src/stm32f4xx_hal_pwr_ex.c.obj
LOAD CMakeFiles/ec_hw_platform.elf.dir/Drivers/STM32F4xx_HAL_Driver/Src/stm32f4xx_hal_rcc.c.obj
LOAD CMakeFiles/ec_hw_platform.elf.dir/Drivers/STM32F4xx_HAL_Driver/Src/stm32f4xx_hal_rcc_ex.c.obj
LOAD CMakeFiles/ec_hw_platform.elf.dir/Drivers/STM32F4xx_HAL_Driver/Src/stm32f4xx_hal_spi.c.obj
LOAD CMakeFiles/ec_hw_platform.elf.dir/Drivers/STM32F4xx_HAL_Driver/Src/stm32f4xx_hal_tim.c.obj
LOAD CMakeFiles/ec_hw_platform.elf.dir/Drivers/STM32F4xx_HAL_Driver/Src/stm32f4xx_hal_tim_ex.c.obj
LOAD CMakeFiles/ec_hw_platform.elf.dir/Drivers/STM32F4xx_HAL_Driver/Src/stm32f4xx_hal_uart.c.obj
LOAD CMakeFiles/ec_hw_platform.elf.dir/Drivers/STM32F4xx_HAL_Driver/Src/stm32f4xx_ll_adc.c.obj
LOAD CMakeFiles/ec_hw_platform.elf.dir/Src/Callback.cpp.obj
LOAD CMakeFiles/ec_hw_platform.elf.dir/Src/Control/Led.c.obj
LOAD CMakeFiles/ec_hw_platform.elf.dir/Src/Control/motor_conrtol.cpp.obj
LOAD CMakeFiles/ec_hw_platform.elf.dir/Src/Control/rc_task.cpp.obj
LOAD CMakeFiles/ec_hw_platform.elf.dir/Src/Motor.cpp.obj
LOAD CMakeFiles/ec_hw_platform.elf.dir/Src/PID.cpp.obj
LOAD CMakeFiles/ec_hw_platform.elf.dir/Src/Robot.cpp.obj
LOAD CMakeFiles/ec_hw_platform.elf.dir/Src/remote_control.cpp.obj
LOAD C:/ST/STM32CubeCLT/GNU-tools-for-STM32/bin/../lib/gcc/arm-none-eabi/11.3.1/../../../../arm-none-eabi/lib/thumb/v7e-m/nofp\libstdc++.a
LOAD C:/ST/STM32CubeCLT/GNU-tools-for-STM32/bin/../lib/gcc/arm-none-eabi/11.3.1/../../../../arm-none-eabi/lib/thumb/v7e-m/nofp\libm.a
START GROUP
LOAD C:/ST/STM32CubeCLT/GNU-tools-for-STM32/bin/../lib/gcc/arm-none-eabi/11.3.1/thumb/v7e-m/nofp\libgcc.a
LOAD C:/ST/STM32CubeCLT/GNU-tools-for-STM32/bin/../lib/gcc/arm-none-eabi/11.3.1/../../../../arm-none-eabi/lib/thumb/v7e-m/nofp\libg.a
LOAD C:/ST/STM32CubeCLT/GNU-tools-for-STM32/bin/../lib/gcc/arm-none-eabi/11.3.1/../../../../arm-none-eabi/lib/thumb/v7e-m/nofp\libc.a
END GROUP
LOAD C:/ST/STM32CubeCLT/GNU-tools-for-STM32/bin/../lib/gcc/arm-none-eabi/11.3.1/thumb/v7e-m/nofp/crtend.o
LOAD C:/ST/STM32CubeCLT/GNU-tools-for-STM32/bin/../lib/gcc/arm-none-eabi/11.3.1/thumb/v7e-m/nofp/crtn.o
                0x0000000020020000                _estack = (ORIGIN (RAM) + LENGTH (RAM))
                0x0000000000001000                _Min_Heap_Size = 0x1000
                0x0000000000002000                _Min_Stack_Size = 0x2000

.isr_vector     0x0000000008000000      0x188
                0x0000000008000000                . = ALIGN (0x4)
 *(.isr_vector)
 .isr_vector    0x0000000008000000      0x188 CMakeFiles/ec_hw_platform.elf.dir/Core/Startup/startup_stm32f407ighx.s.obj
                0x0000000008000000                g_pfnVectors
                0x0000000008000188                . = ALIGN (0x4)

.text           0x0000000008000188     0x5c48
                0x0000000008000188                . = ALIGN (0x4)
 *(.text)
 .text          0x0000000008000188       0x40 C:/ST/STM32CubeCLT/GNU-tools-for-STM32/bin/../lib/gcc/arm-none-eabi/11.3.1/thumb/v7e-m/nofp/crtbegin.o
 .text          0x00000000080001c8      0x21c C:/ST/STM32CubeCLT/GNU-tools-for-STM32/bin/../lib/gcc/arm-none-eabi/11.3.1/thumb/v7e-m/nofp\libgcc.a(_arm_addsubsf3.o)
                0x00000000080001c8                __aeabi_frsub
                0x00000000080001d0                __subsf3
                0x00000000080001d0                __aeabi_fsub
                0x00000000080001d4                __aeabi_fadd
                0x00000000080001d4                __addsf3
                0x0000000008000334                __aeabi_ui2f
                0x0000000008000334                __floatunsisf
                0x000000000800033c                __aeabi_i2f
                0x000000000800033c                __floatsisf
                0x0000000008000358                __aeabi_ul2f
                0x0000000008000358                __floatundisf
                0x0000000008000368                __aeabi_l2f
                0x0000000008000368                __floatdisf
 .text          0x00000000080003e4      0x2a0 C:/ST/STM32CubeCLT/GNU-tools-for-STM32/bin/../lib/gcc/arm-none-eabi/11.3.1/thumb/v7e-m/nofp\libgcc.a(_arm_muldivsf3.o)
                0x00000000080003e4                __mulsf3
                0x00000000080003e4                __aeabi_fmul
                0x000000000800054c                __aeabi_fdiv
                0x000000000800054c                __divsf3
 .text          0x0000000008000684       0xec C:/ST/STM32CubeCLT/GNU-tools-for-STM32/bin/../lib/gcc/arm-none-eabi/11.3.1/thumb/v7e-m/nofp\libgcc.a(_arm_cmpsf2.o)
                0x0000000008000684                __gesf2
                0x0000000008000684                __gtsf2
                0x000000000800068c                __lesf2
                0x000000000800068c                __ltsf2
                0x0000000008000694                __nesf2
                0x0000000008000694                __eqsf2
                0x0000000008000694                __cmpsf2
                0x00000000080006f4                __aeabi_cfrcmple
                0x00000000080006fc                __aeabi_cfcmpeq
                0x00000000080006fc                __aeabi_cfcmple
                0x000000000800070c                __aeabi_fcmpeq
                0x0000000008000720                __aeabi_fcmplt
                0x0000000008000734                __aeabi_fcmple
                0x0000000008000748                __aeabi_fcmpge
                0x000000000800075c                __aeabi_fcmpgt
 .text          0x0000000008000770       0x40 C:/ST/STM32CubeCLT/GNU-tools-for-STM32/bin/../lib/gcc/arm-none-eabi/11.3.1/thumb/v7e-m/nofp\libgcc.a(_arm_fixunssfsi.o)
                0x0000000008000770                __fixunssfsi
                0x0000000008000770                __aeabi_f2uiz
 .text          0x00000000080007b0       0x30 C:/ST/STM32CubeCLT/GNU-tools-for-STM32/bin/../lib/gcc/arm-none-eabi/11.3.1/thumb/v7e-m/nofp\libgcc.a(_aeabi_uldivmod.o)
                0x00000000080007b0                __aeabi_uldivmod
 .text          0x00000000080007e0      0x2c8 C:/ST/STM32CubeCLT/GNU-tools-for-STM32/bin/../lib/gcc/arm-none-eabi/11.3.1/thumb/v7e-m/nofp\libgcc.a(_udivmoddi4.o)
                0x00000000080007e0                __udivmoddi4
 .text          0x0000000008000aa8      0xa00 C:/ST/STM32CubeCLT/GNU-tools-for-STM32/bin/../lib/gcc/arm-none-eabi/11.3.1/thumb/v7e-m/nofp\libgcc.a(unwind-arm.o)
                0x0000000008000d4c                _Unwind_GetCFA
                0x0000000008000d50                __gnu_Unwind_RaiseException
                0x0000000008000db8                __gnu_Unwind_ForcedUnwind
                0x0000000008000dc8                __gnu_Unwind_Resume
                0x0000000008000e0c                __gnu_Unwind_Resume_or_Rethrow
                0x0000000008000e1c                _Unwind_Complete
                0x0000000008000e20                _Unwind_DeleteException
                0x0000000008000e2c                _Unwind_VRS_Get
                0x0000000008000e78                _Unwind_VRS_Set
                0x0000000008000ec0                __gnu_Unwind_Backtrace
                0x00000000080011ec                __aeabi_unwind_cpp_pr0
                0x00000000080011f0                __aeabi_unwind_cpp_pr1
                0x00000000080011f4                __aeabi_unwind_cpp_pr2
                0x00000000080011f8                _Unwind_VRS_Pop
 .text          0x00000000080014a8      0x1ac C:/ST/STM32CubeCLT/GNU-tools-for-STM32/bin/../lib/gcc/arm-none-eabi/11.3.1/thumb/v7e-m/nofp\libgcc.a(libunwind.o)
                0x00000000080014a8                __restore_core_regs
                0x00000000080014a8                restore_core_regs
                0x00000000080014c0                __gnu_Unwind_Restore_VFP
                0x00000000080014c8                __gnu_Unwind_Save_VFP
                0x00000000080014d0                __gnu_Unwind_Restore_VFP_D
                0x00000000080014d8                __gnu_Unwind_Save_VFP_D
                0x00000000080014e0                __gnu_Unwind_Restore_VFP_D_16_to_31
                0x00000000080014e8                __gnu_Unwind_Save_VFP_D_16_to_31
                0x00000000080014f0                __gnu_Unwind_Restore_WMMXD
                0x0000000008001534                __gnu_Unwind_Save_WMMXD
                0x0000000008001578                __gnu_Unwind_Restore_WMMXC
                0x000000000800158c                __gnu_Unwind_Save_WMMXC
                0x00000000080015a0                ___Unwind_RaiseException
                0x00000000080015a0                _Unwind_RaiseException
                0x00000000080015c4                _Unwind_Resume
                0x00000000080015c4                ___Unwind_Resume
                0x00000000080015e8                _Unwind_Resume_or_Rethrow
                0x00000000080015e8                ___Unwind_Resume_or_Rethrow
                0x000000000800160c                _Unwind_ForcedUnwind
                0x000000000800160c                ___Unwind_ForcedUnwind
                0x0000000008001630                ___Unwind_Backtrace
                0x0000000008001630                _Unwind_Backtrace
 .text          0x0000000008001654      0x330 C:/ST/STM32CubeCLT/GNU-tools-for-STM32/bin/../lib/gcc/arm-none-eabi/11.3.1/thumb/v7e-m/nofp\libgcc.a(pr-support.o)
                0x00000000080016ac                __gnu_unwind_execute
                0x0000000008001938                __gnu_unwind_frame
                0x0000000008001964                _Unwind_GetRegionStart
                0x0000000008001970                _Unwind_GetLanguageSpecificData
 .text          0x0000000008001984        0x4 C:/ST/STM32CubeCLT/GNU-tools-for-STM32/bin/../lib/gcc/arm-none-eabi/11.3.1/thumb/v7e-m/nofp\libgcc.a(_dvmd_tls.o)
                0x0000000008001984                __aeabi_idiv0
                0x0000000008001984                __aeabi_ldiv0
 *(.text*)
 .text.MX_ADC3_Init
                0x0000000008001988       0x74 CMakeFiles/ec_hw_platform.elf.dir/Core/Src/adc.c.obj
                0x0000000008001988                MX_ADC3_Init
 .text.HAL_ADC_MspInit
                0x00000000080019fc       0x78 CMakeFiles/ec_hw_platform.elf.dir/Core/Src/adc.c.obj
                0x00000000080019fc                HAL_ADC_MspInit
 .text.MX_CAN1_Init
                0x0000000008001a74       0x44 CMakeFiles/ec_hw_platform.elf.dir/Core/Src/can.c.obj
                0x0000000008001a74                MX_CAN1_Init
 .text.MX_CAN2_Init
                0x0000000008001ab8       0x44 CMakeFiles/ec_hw_platform.elf.dir/Core/Src/can.c.obj
                0x0000000008001ab8                MX_CAN2_Init
 .text.HAL_CAN_MspInit
                0x0000000008001afc      0x124 CMakeFiles/ec_hw_platform.elf.dir/Core/Src/can.c.obj
                0x0000000008001afc                HAL_CAN_MspInit
 .text.MX_DMA_Init
                0x0000000008001c20       0x84 CMakeFiles/ec_hw_platform.elf.dir/Core/Src/dma.c.obj
                0x0000000008001c20                MX_DMA_Init
 .text.MX_GPIO_Init
                0x0000000008001ca4      0x174 CMakeFiles/ec_hw_platform.elf.dir/Core/Src/gpio.c.obj
                0x0000000008001ca4                MX_GPIO_Init
 .text.MX_IWDG_Init
                0x0000000008001e18       0x28 CMakeFiles/ec_hw_platform.elf.dir/Core/Src/iwdg.c.obj
                0x0000000008001e18                MX_IWDG_Init
 .text.CAN_Send_Data
                0x0000000008001e40       0x1e CMakeFiles/ec_hw_platform.elf.dir/Core/Src/main.c.obj
                0x0000000008001e40                CAN_Send_Data
 *fill*         0x0000000008001e5e        0x2 
 .text.canFilterInit
                0x0000000008001e60       0x40 CMakeFiles/ec_hw_platform.elf.dir/Core/Src/main.c.obj
                0x0000000008001e60                canFilterInit
 .text.Error_Handler
                0x0000000008001ea0        0x4 CMakeFiles/ec_hw_platform.elf.dir/Core/Src/main.c.obj
                0x0000000008001ea0                Error_Handler
 .text.SystemClock_Config
                0x0000000008001ea4       0xac CMakeFiles/ec_hw_platform.elf.dir/Core/Src/main.c.obj
                0x0000000008001ea4                SystemClock_Config
 .text.main     0x0000000008001f50       0x8c CMakeFiles/ec_hw_platform.elf.dir/Core/Src/main.c.obj
                0x0000000008001f50                main
 .text.MX_SPI1_Init
                0x0000000008001fdc       0x48 CMakeFiles/ec_hw_platform.elf.dir/Core/Src/spi.c.obj
                0x0000000008001fdc                MX_SPI1_Init
 .text.HAL_SPI_MspInit
                0x0000000008002024      0x138 CMakeFiles/ec_hw_platform.elf.dir/Core/Src/spi.c.obj
                0x0000000008002024                HAL_SPI_MspInit
 .text.HAL_MspInit
                0x000000000800215c       0x48 CMakeFiles/ec_hw_platform.elf.dir/Core/Src/stm32f4xx_hal_msp.c.obj
                0x000000000800215c                HAL_MspInit
 .text.NMI_Handler
                0x00000000080021a4        0x2 CMakeFiles/ec_hw_platform.elf.dir/Core/Src/stm32f4xx_it.c.obj
                0x00000000080021a4                NMI_Handler
 .text.HardFault_Handler
                0x00000000080021a6        0x2 CMakeFiles/ec_hw_platform.elf.dir/Core/Src/stm32f4xx_it.c.obj
                0x00000000080021a6                HardFault_Handler
 .text.MemManage_Handler
                0x00000000080021a8        0x2 CMakeFiles/ec_hw_platform.elf.dir/Core/Src/stm32f4xx_it.c.obj
                0x00000000080021a8                MemManage_Handler
 .text.BusFault_Handler
                0x00000000080021aa        0x2 CMakeFiles/ec_hw_platform.elf.dir/Core/Src/stm32f4xx_it.c.obj
                0x00000000080021aa                BusFault_Handler
 .text.UsageFault_Handler
                0x00000000080021ac        0x2 CMakeFiles/ec_hw_platform.elf.dir/Core/Src/stm32f4xx_it.c.obj
                0x00000000080021ac                UsageFault_Handler
 .text.SVC_Handler
                0x00000000080021ae        0x2 CMakeFiles/ec_hw_platform.elf.dir/Core/Src/stm32f4xx_it.c.obj
                0x00000000080021ae                SVC_Handler
 .text.DebugMon_Handler
                0x00000000080021b0        0x2 CMakeFiles/ec_hw_platform.elf.dir/Core/Src/stm32f4xx_it.c.obj
                0x00000000080021b0                DebugMon_Handler
 .text.PendSV_Handler
                0x00000000080021b2        0x2 CMakeFiles/ec_hw_platform.elf.dir/Core/Src/stm32f4xx_it.c.obj
                0x00000000080021b2                PendSV_Handler
 .text.SysTick_Handler
                0x00000000080021b4        0x8 CMakeFiles/ec_hw_platform.elf.dir/Core/Src/stm32f4xx_it.c.obj
                0x00000000080021b4                SysTick_Handler
 .text.RCC_IRQHandler
                0x00000000080021bc        0x2 CMakeFiles/ec_hw_platform.elf.dir/Core/Src/stm32f4xx_it.c.obj
                0x00000000080021bc                RCC_IRQHandler
 *fill*         0x00000000080021be        0x2 
 .text.ADC_IRQHandler
                0x00000000080021c0       0x10 CMakeFiles/ec_hw_platform.elf.dir/Core/Src/stm32f4xx_it.c.obj
                0x00000000080021c0                ADC_IRQHandler
 .text.CAN1_RX0_IRQHandler
                0x00000000080021d0       0x10 CMakeFiles/ec_hw_platform.elf.dir/Core/Src/stm32f4xx_it.c.obj
                0x00000000080021d0                CAN1_RX0_IRQHandler
 .text.SPI1_IRQHandler
                0x00000000080021e0       0x10 CMakeFiles/ec_hw_platform.elf.dir/Core/Src/stm32f4xx_it.c.obj
                0x00000000080021e0                SPI1_IRQHandler
 .text.USART1_IRQHandler
                0x00000000080021f0       0x10 CMakeFiles/ec_hw_platform.elf.dir/Core/Src/stm32f4xx_it.c.obj
                0x00000000080021f0                USART1_IRQHandler
 .text.USART3_IRQHandler
                0x0000000008002200       0x10 CMakeFiles/ec_hw_platform.elf.dir/Core/Src/stm32f4xx_it.c.obj
                0x0000000008002200                USART3_IRQHandler
 .text.TIM6_DAC_IRQHandler
                0x0000000008002210       0x10 CMakeFiles/ec_hw_platform.elf.dir/Core/Src/stm32f4xx_it.c.obj
                0x0000000008002210                TIM6_DAC_IRQHandler
 .text.TIM7_IRQHandler
                0x0000000008002220       0x10 CMakeFiles/ec_hw_platform.elf.dir/Core/Src/stm32f4xx_it.c.obj
                0x0000000008002220                TIM7_IRQHandler
 .text.DMA2_Stream0_IRQHandler
                0x0000000008002230       0x10 CMakeFiles/ec_hw_platform.elf.dir/Core/Src/stm32f4xx_it.c.obj
                0x0000000008002230                DMA2_Stream0_IRQHandler
 .text.DMA2_Stream1_IRQHandler
                0x0000000008002240       0x10 CMakeFiles/ec_hw_platform.elf.dir/Core/Src/stm32f4xx_it.c.obj
                0x0000000008002240                DMA2_Stream1_IRQHandler
 .text.DMA2_Stream2_IRQHandler
                0x0000000008002250       0x10 CMakeFiles/ec_hw_platform.elf.dir/Core/Src/stm32f4xx_it.c.obj
                0x0000000008002250                DMA2_Stream2_IRQHandler
 .text.DMA2_Stream3_IRQHandler
                0x0000000008002260       0x10 CMakeFiles/ec_hw_platform.elf.dir/Core/Src/stm32f4xx_it.c.obj
                0x0000000008002260                DMA2_Stream3_IRQHandler
 .text.CAN2_RX0_IRQHandler
                0x0000000008002270       0x10 CMakeFiles/ec_hw_platform.elf.dir/Core/Src/stm32f4xx_it.c.obj
                0x0000000008002270                CAN2_RX0_IRQHandler
 .text.DMA2_Stream6_IRQHandler
                0x0000000008002280       0x10 CMakeFiles/ec_hw_platform.elf.dir/Core/Src/stm32f4xx_it.c.obj
                0x0000000008002280                DMA2_Stream6_IRQHandler
 .text.DMA2_Stream7_IRQHandler
                0x0000000008002290       0x10 CMakeFiles/ec_hw_platform.elf.dir/Core/Src/stm32f4xx_it.c.obj
                0x0000000008002290                DMA2_Stream7_IRQHandler
 .text.USART6_IRQHandler
                0x00000000080022a0       0x10 CMakeFiles/ec_hw_platform.elf.dir/Core/Src/stm32f4xx_it.c.obj
                0x00000000080022a0                USART6_IRQHandler
 .text._getpid  0x00000000080022b0        0x4 CMakeFiles/ec_hw_platform.elf.dir/Core/Src/syscalls.c.obj
                0x00000000080022b0                _getpid
 .text._kill    0x00000000080022b4       0x10 CMakeFiles/ec_hw_platform.elf.dir/Core/Src/syscalls.c.obj
                0x00000000080022b4                _kill
 .text._exit    0x00000000080022c4        0xc CMakeFiles/ec_hw_platform.elf.dir/Core/Src/syscalls.c.obj
                0x00000000080022c4                _exit
 .text.SystemInit
                0x00000000080022d0        0x2 CMakeFiles/ec_hw_platform.elf.dir/Core/Src/system_stm32f4xx.c.obj
                0x00000000080022d0                SystemInit
 *fill*         0x00000000080022d2        0x2 
 .text.MX_TIM3_Init
                0x00000000080022d4       0x70 CMakeFiles/ec_hw_platform.elf.dir/Core/Src/tim.c.obj
                0x00000000080022d4                MX_TIM3_Init
 .text.MX_TIM4_Init
                0x0000000008002344       0x70 CMakeFiles/ec_hw_platform.elf.dir/Core/Src/tim.c.obj
                0x0000000008002344                MX_TIM4_Init
 .text.MX_TIM6_Init
                0x00000000080023b4       0x50 CMakeFiles/ec_hw_platform.elf.dir/Core/Src/tim.c.obj
                0x00000000080023b4                MX_TIM6_Init
 .text.MX_TIM7_Init
                0x0000000008002404       0x50 CMakeFiles/ec_hw_platform.elf.dir/Core/Src/tim.c.obj
                0x0000000008002404                MX_TIM7_Init
 .text.HAL_TIM_Base_MspInit
                0x0000000008002454      0x148 CMakeFiles/ec_hw_platform.elf.dir/Core/Src/tim.c.obj
                0x0000000008002454                HAL_TIM_Base_MspInit
 .text.HAL_TIM_MspPostInit
                0x000000000800259c       0x5c CMakeFiles/ec_hw_platform.elf.dir/Core/Src/tim.c.obj
                0x000000000800259c                HAL_TIM_MspPostInit
 .text.MX_TIM5_Init
                0x00000000080025f8       0xd4 CMakeFiles/ec_hw_platform.elf.dir/Core/Src/tim.c.obj
                0x00000000080025f8                MX_TIM5_Init
 .text.MX_USART1_UART_Init
                0x00000000080026cc       0x38 CMakeFiles/ec_hw_platform.elf.dir/Core/Src/usart.c.obj
                0x00000000080026cc                MX_USART1_UART_Init
 .text.MX_USART3_UART_Init
                0x0000000008002704       0x3c CMakeFiles/ec_hw_platform.elf.dir/Core/Src/usart.c.obj
                0x0000000008002704                MX_USART3_UART_Init
 .text.MX_USART6_UART_Init
                0x0000000008002740       0x34 CMakeFiles/ec_hw_platform.elf.dir/Core/Src/usart.c.obj
                0x0000000008002740                MX_USART6_UART_Init
 .text.HAL_UART_MspInit
                0x0000000008002774      0x29c CMakeFiles/ec_hw_platform.elf.dir/Core/Src/usart.c.obj
                0x0000000008002774                HAL_UART_MspInit
 .text.Reset_Handler
                0x0000000008002a10       0x50 CMakeFiles/ec_hw_platform.elf.dir/Core/Startup/startup_stm32f407ighx.s.obj
                0x0000000008002a10                Reset_Handler
 .text.Default_Handler
                0x0000000008002a60        0x2 CMakeFiles/ec_hw_platform.elf.dir/Core/Startup/startup_stm32f407ighx.s.obj
                0x0000000008002a60                RTC_Alarm_IRQHandler
                0x0000000008002a60                HASH_RNG_IRQHandler
                0x0000000008002a60                EXTI2_IRQHandler
                0x0000000008002a60                TIM8_CC_IRQHandler
                0x0000000008002a60                TIM1_CC_IRQHandler
                0x0000000008002a60                DMA2_Stream5_IRQHandler
                0x0000000008002a60                DMA1_Stream5_IRQHandler
                0x0000000008002a60                PVD_IRQHandler
                0x0000000008002a60                SDIO_IRQHandler
                0x0000000008002a60                TAMP_STAMP_IRQHandler
                0x0000000008002a60                CAN2_RX1_IRQHandler
                0x0000000008002a60                EXTI3_IRQHandler
                0x0000000008002a60                TIM8_TRG_COM_TIM14_IRQHandler
                0x0000000008002a60                TIM1_UP_TIM10_IRQHandler
                0x0000000008002a60                TIM8_UP_TIM13_IRQHandler
                0x0000000008002a60                I2C3_ER_IRQHandler
                0x0000000008002a60                EXTI0_IRQHandler
                0x0000000008002a60                I2C2_EV_IRQHandler
                0x0000000008002a60                DMA1_Stream2_IRQHandler
                0x0000000008002a60                FPU_IRQHandler
                0x0000000008002a60                OTG_HS_WKUP_IRQHandler
                0x0000000008002a60                CAN2_SCE_IRQHandler
                0x0000000008002a60                TIM1_BRK_TIM9_IRQHandler
                0x0000000008002a60                DCMI_IRQHandler
                0x0000000008002a60                CAN1_RX1_IRQHandler
                0x0000000008002a60                UART5_IRQHandler
                0x0000000008002a60                TIM4_IRQHandler
                0x0000000008002a60                I2C1_EV_IRQHandler
                0x0000000008002a60                DMA1_Stream6_IRQHandler
                0x0000000008002a60                DMA1_Stream1_IRQHandler
                0x0000000008002a60                UART4_IRQHandler
                0x0000000008002a60                TIM3_IRQHandler
                0x0000000008002a60                TIM8_BRK_TIM12_IRQHandler
                0x0000000008002a60                Default_Handler
                0x0000000008002a60                EXTI15_10_IRQHandler
                0x0000000008002a60                DMA1_Stream7_IRQHandler
                0x0000000008002a60                CAN2_TX_IRQHandler
                0x0000000008002a60                TIM5_IRQHandler
                0x0000000008002a60                I2C3_EV_IRQHandler
                0x0000000008002a60                EXTI9_5_IRQHandler
                0x0000000008002a60                RTC_WKUP_IRQHandler
                0x0000000008002a60                ETH_WKUP_IRQHandler
                0x0000000008002a60                SPI2_IRQHandler
                0x0000000008002a60                OTG_HS_EP1_IN_IRQHandler
                0x0000000008002a60                DMA1_Stream0_IRQHandler
                0x0000000008002a60                CAN1_TX_IRQHandler
                0x0000000008002a60                EXTI4_IRQHandler
                0x0000000008002a60                FSMC_IRQHandler
                0x0000000008002a60                ETH_IRQHandler
                0x0000000008002a60                OTG_HS_EP1_OUT_IRQHandler
                0x0000000008002a60                WWDG_IRQHandler
                0x0000000008002a60                TIM2_IRQHandler
                0x0000000008002a60                OTG_FS_WKUP_IRQHandler
                0x0000000008002a60                TIM1_TRG_COM_TIM11_IRQHandler
                0x0000000008002a60                OTG_HS_IRQHandler
                0x0000000008002a60                EXTI1_IRQHandler
                0x0000000008002a60                USART2_IRQHandler
                0x0000000008002a60                I2C2_ER_IRQHandler
                0x0000000008002a60                CAN1_SCE_IRQHandler
                0x0000000008002a60                FLASH_IRQHandler
                0x0000000008002a60                DMA2_Stream4_IRQHandler
                0x0000000008002a60                OTG_FS_IRQHandler
                0x0000000008002a60                SPI3_IRQHandler
                0x0000000008002a60                DMA1_Stream4_IRQHandler
                0x0000000008002a60                I2C1_ER_IRQHandler
                0x0000000008002a60                DMA1_Stream3_IRQHandler
 *fill*         0x0000000008002a62        0x2 
 .text.HAL_InitTick
                0x0000000008002a64       0x4c CMakeFiles/ec_hw_platform.elf.dir/Drivers/STM32F4xx_HAL_Driver/Src/stm32f4xx_hal.c.obj
                0x0000000008002a64                HAL_InitTick
 .text.HAL_Init
                0x0000000008002ab0       0x34 CMakeFiles/ec_hw_platform.elf.dir/Drivers/STM32F4xx_HAL_Driver/Src/stm32f4xx_hal.c.obj
                0x0000000008002ab0                HAL_Init
 .text.HAL_IncTick
                0x0000000008002ae4       0x18 CMakeFiles/ec_hw_platform.elf.dir/Drivers/STM32F4xx_HAL_Driver/Src/stm32f4xx_hal.c.obj
                0x0000000008002ae4                HAL_IncTick
 .text.HAL_GetTick
                0x0000000008002afc        0xc CMakeFiles/ec_hw_platform.elf.dir/Drivers/STM32F4xx_HAL_Driver/Src/stm32f4xx_hal.c.obj
                0x0000000008002afc                HAL_GetTick
 .text.ADC_Init
                0x0000000008002b08      0x134 CMakeFiles/ec_hw_platform.elf.dir/Drivers/STM32F4xx_HAL_Driver/Src/stm32f4xx_hal_adc.c.obj
 .text.HAL_ADC_Init
                0x0000000008002c3c       0x56 CMakeFiles/ec_hw_platform.elf.dir/Drivers/STM32F4xx_HAL_Driver/Src/stm32f4xx_hal_adc.c.obj
                0x0000000008002c3c                HAL_ADC_Init
 .text.HAL_ADC_ConvCpltCallback
                0x0000000008002c92        0x2 CMakeFiles/ec_hw_platform.elf.dir/Drivers/STM32F4xx_HAL_Driver/Src/stm32f4xx_hal_adc.c.obj
                0x0000000008002c92                HAL_ADC_ConvCpltCallback
 .text.HAL_ADC_LevelOutOfWindowCallback
                0x0000000008002c94        0x2 CMakeFiles/ec_hw_platform.elf.dir/Drivers/STM32F4xx_HAL_Driver/Src/stm32f4xx_hal_adc.c.obj
                0x0000000008002c94                HAL_ADC_LevelOutOfWindowCallback
 .text.HAL_ADC_ErrorCallback
                0x0000000008002c96        0x2 CMakeFiles/ec_hw_platform.elf.dir/Drivers/STM32F4xx_HAL_Driver/Src/stm32f4xx_hal_adc.c.obj
                0x0000000008002c96                HAL_ADC_ErrorCallback
 .text.HAL_ADC_IRQHandler
                0x0000000008002c98      0x142 CMakeFiles/ec_hw_platform.elf.dir/Drivers/STM32F4xx_HAL_Driver/Src/stm32f4xx_hal_adc.c.obj
                0x0000000008002c98                HAL_ADC_IRQHandler
 *fill*         0x0000000008002dda        0x2 
 .text.HAL_ADC_ConfigChannel
                0x0000000008002ddc      0x194 CMakeFiles/ec_hw_platform.elf.dir/Drivers/STM32F4xx_HAL_Driver/Src/stm32f4xx_hal_adc.c.obj
                0x0000000008002ddc                HAL_ADC_ConfigChannel
 .text.HAL_ADCEx_InjectedConvCpltCallback
                0x0000000008002f70        0x2 CMakeFiles/ec_hw_platform.elf.dir/Drivers/STM32F4xx_HAL_Driver/Src/stm32f4xx_hal_adc_ex.c.obj
                0x0000000008002f70                HAL_ADCEx_InjectedConvCpltCallback
 .text.HAL_CAN_Init
                0x0000000008002f72      0x14c CMakeFiles/ec_hw_platform.elf.dir/Drivers/STM32F4xx_HAL_Driver/Src/stm32f4xx_hal_can.c.obj
                0x0000000008002f72                HAL_CAN_Init
 *fill*         0x00000000080030be        0x2 
 .text.HAL_CAN_ConfigFilter
                0x00000000080030c0      0x13c CMakeFiles/ec_hw_platform.elf.dir/Drivers/STM32F4xx_HAL_Driver/Src/stm32f4xx_hal_can.c.obj
                0x00000000080030c0                HAL_CAN_ConfigFilter
 .text.HAL_CAN_Start
                0x00000000080031fc       0x5c CMakeFiles/ec_hw_platform.elf.dir/Drivers/STM32F4xx_HAL_Driver/Src/stm32f4xx_hal_can.c.obj
                0x00000000080031fc                HAL_CAN_Start
 .text.HAL_CAN_AddTxMessage
                0x0000000008003258       0xfc CMakeFiles/ec_hw_platform.elf.dir/Drivers/STM32F4xx_HAL_Driver/Src/stm32f4xx_hal_can.c.obj
                0x0000000008003258                HAL_CAN_AddTxMessage
 .text.HAL_CAN_GetRxMessage
                0x0000000008003354      0x156 CMakeFiles/ec_hw_platform.elf.dir/Drivers/STM32F4xx_HAL_Driver/Src/stm32f4xx_hal_can.c.obj
                0x0000000008003354                HAL_CAN_GetRxMessage
 .text.HAL_CAN_ActivateNotification
                0x00000000080034aa       0x24 CMakeFiles/ec_hw_platform.elf.dir/Drivers/STM32F4xx_HAL_Driver/Src/stm32f4xx_hal_can.c.obj
                0x00000000080034aa                HAL_CAN_ActivateNotification
 .text.HAL_CAN_TxMailbox0CompleteCallback
                0x00000000080034ce        0x2 CMakeFiles/ec_hw_platform.elf.dir/Drivers/STM32F4xx_HAL_Driver/Src/stm32f4xx_hal_can.c.obj
                0x00000000080034ce                HAL_CAN_TxMailbox0CompleteCallback
 .text.HAL_CAN_TxMailbox1CompleteCallback
                0x00000000080034d0        0x2 CMakeFiles/ec_hw_platform.elf.dir/Drivers/STM32F4xx_HAL_Driver/Src/stm32f4xx_hal_can.c.obj
                0x00000000080034d0                HAL_CAN_TxMailbox1CompleteCallback
 .text.HAL_CAN_TxMailbox2CompleteCallback
                0x00000000080034d2        0x2 CMakeFiles/ec_hw_platform.elf.dir/Drivers/STM32F4xx_HAL_Driver/Src/stm32f4xx_hal_can.c.obj
                0x00000000080034d2                HAL_CAN_TxMailbox2CompleteCallback
 .text.HAL_CAN_TxMailbox0AbortCallback
                0x00000000080034d4        0x2 CMakeFiles/ec_hw_platform.elf.dir/Drivers/STM32F4xx_HAL_Driver/Src/stm32f4xx_hal_can.c.obj
                0x00000000080034d4                HAL_CAN_TxMailbox0AbortCallback
 .text.HAL_CAN_TxMailbox1AbortCallback
                0x00000000080034d6        0x2 CMakeFiles/ec_hw_platform.elf.dir/Drivers/STM32F4xx_HAL_Driver/Src/stm32f4xx_hal_can.c.obj
                0x00000000080034d6                HAL_CAN_TxMailbox1AbortCallback
 .text.HAL_CAN_TxMailbox2AbortCallback
                0x00000000080034d8        0x2 CMakeFiles/ec_hw_platform.elf.dir/Drivers/STM32F4xx_HAL_Driver/Src/stm32f4xx_hal_can.c.obj
                0x00000000080034d8                HAL_CAN_TxMailbox2AbortCallback
 .text.HAL_CAN_RxFifo0FullCallback
                0x00000000080034da        0x2 CMakeFiles/ec_hw_platform.elf.dir/Drivers/STM32F4xx_HAL_Driver/Src/stm32f4xx_hal_can.c.obj
                0x00000000080034da                HAL_CAN_RxFifo0FullCallback
 .text.HAL_CAN_RxFifo1MsgPendingCallback
                0x00000000080034dc        0x2 CMakeFiles/ec_hw_platform.elf.dir/Drivers/STM32F4xx_HAL_Driver/Src/stm32f4xx_hal_can.c.obj
                0x00000000080034dc                HAL_CAN_RxFifo1MsgPendingCallback
 .text.HAL_CAN_RxFifo1FullCallback
                0x00000000080034de        0x2 CMakeFiles/ec_hw_platform.elf.dir/Drivers/STM32F4xx_HAL_Driver/Src/stm32f4xx_hal_can.c.obj
                0x00000000080034de                HAL_CAN_RxFifo1FullCallback
 .text.HAL_CAN_SleepCallback
                0x00000000080034e0        0x2 CMakeFiles/ec_hw_platform.elf.dir/Drivers/STM32F4xx_HAL_Driver/Src/stm32f4xx_hal_can.c.obj
                0x00000000080034e0                HAL_CAN_SleepCallback
 .text.HAL_CAN_WakeUpFromRxMsgCallback
                0x00000000080034e2        0x2 CMakeFiles/ec_hw_platform.elf.dir/Drivers/STM32F4xx_HAL_Driver/Src/stm32f4xx_hal_can.c.obj
                0x00000000080034e2                HAL_CAN_WakeUpFromRxMsgCallback
 .text.HAL_CAN_ErrorCallback
                0x00000000080034e4        0x2 CMakeFiles/ec_hw_platform.elf.dir/Drivers/STM32F4xx_HAL_Driver/Src/stm32f4xx_hal_can.c.obj
                0x00000000080034e4                HAL_CAN_ErrorCallback
 .text.HAL_CAN_IRQHandler
                0x00000000080034e6      0x24a CMakeFiles/ec_hw_platform.elf.dir/Drivers/STM32F4xx_HAL_Driver/Src/stm32f4xx_hal_can.c.obj
                0x00000000080034e6                HAL_CAN_IRQHandler
 .text.HAL_NVIC_SetPriorityGrouping
                0x0000000008003730       0x24 CMakeFiles/ec_hw_platform.elf.dir/Drivers/STM32F4xx_HAL_Driver/Src/stm32f4xx_hal_cortex.c.obj
                0x0000000008003730                HAL_NVIC_SetPriorityGrouping
 .text.HAL_NVIC_SetPriority
                0x0000000008003754       0x70 CMakeFiles/ec_hw_platform.elf.dir/Drivers/STM32F4xx_HAL_Driver/Src/stm32f4xx_hal_cortex.c.obj
                0x0000000008003754                HAL_NVIC_SetPriority
 .text.HAL_NVIC_EnableIRQ
                0x00000000080037c4       0x1c CMakeFiles/ec_hw_platform.elf.dir/Drivers/STM32F4xx_HAL_Driver/Src/stm32f4xx_hal_cortex.c.obj
                0x00000000080037c4                HAL_NVIC_EnableIRQ
 .text.HAL_SYSTICK_Config
                0x00000000080037e0       0x28 CMakeFiles/ec_hw_platform.elf.dir/Drivers/STM32F4xx_HAL_Driver/Src/stm32f4xx_hal_cortex.c.obj
                0x00000000080037e0                HAL_SYSTICK_Config
 .text.DMA_CalcBaseAndBitshift
                0x0000000008003808       0x40 CMakeFiles/ec_hw_platform.elf.dir/Drivers/STM32F4xx_HAL_Driver/Src/stm32f4xx_hal_dma.c.obj
 .text.DMA_CheckFifoParam
                0x0000000008003848       0x8e CMakeFiles/ec_hw_platform.elf.dir/Drivers/STM32F4xx_HAL_Driver/Src/stm32f4xx_hal_dma.c.obj
 *fill*         0x00000000080038d6        0x2 
 .text.HAL_DMA_Init
                0x00000000080038d8       0xcc CMakeFiles/ec_hw_platform.elf.dir/Drivers/STM32F4xx_HAL_Driver/Src/stm32f4xx_hal_dma.c.obj
                0x00000000080038d8                HAL_DMA_Init
 .text.HAL_DMA_Abort
                0x00000000080039a4       0x94 CMakeFiles/ec_hw_platform.elf.dir/Drivers/STM32F4xx_HAL_Driver/Src/stm32f4xx_hal_dma.c.obj
                0x00000000080039a4                HAL_DMA_Abort
 .text.HAL_DMA_Abort_IT
                0x0000000008003a38       0x26 CMakeFiles/ec_hw_platform.elf.dir/Drivers/STM32F4xx_HAL_Driver/Src/stm32f4xx_hal_dma.c.obj
                0x0000000008003a38                HAL_DMA_Abort_IT
 *fill*         0x0000000008003a5e        0x2 
 .text.HAL_DMA_IRQHandler
                0x0000000008003a60      0x1dc CMakeFiles/ec_hw_platform.elf.dir/Drivers/STM32F4xx_HAL_Driver/Src/stm32f4xx_hal_dma.c.obj
                0x0000000008003a60                HAL_DMA_IRQHandler
 .text.HAL_GPIO_Init
                0x0000000008003c3c      0x1f4 CMakeFiles/ec_hw_platform.elf.dir/Drivers/STM32F4xx_HAL_Driver/Src/stm32f4xx_hal_gpio.c.obj
                0x0000000008003c3c                HAL_GPIO_Init
 .text.HAL_GPIO_WritePin
                0x0000000008003e30        0xc CMakeFiles/ec_hw_platform.elf.dir/Drivers/STM32F4xx_HAL_Driver/Src/stm32f4xx_hal_gpio.c.obj
                0x0000000008003e30                HAL_GPIO_WritePin
 .text.HAL_IWDG_Init
                0x0000000008003e3c       0x58 CMakeFiles/ec_hw_platform.elf.dir/Drivers/STM32F4xx_HAL_Driver/Src/stm32f4xx_hal_iwdg.c.obj
                0x0000000008003e3c                HAL_IWDG_Init
 .text.HAL_IWDG_Refresh
                0x0000000008003e94        0xc CMakeFiles/ec_hw_platform.elf.dir/Drivers/STM32F4xx_HAL_Driver/Src/stm32f4xx_hal_iwdg.c.obj
                0x0000000008003e94                HAL_IWDG_Refresh
 .text.HAL_RCC_OscConfig
                0x0000000008003ea0      0x3f8 CMakeFiles/ec_hw_platform.elf.dir/Drivers/STM32F4xx_HAL_Driver/Src/stm32f4xx_hal_rcc.c.obj
                0x0000000008003ea0                HAL_RCC_OscConfig
 .text.HAL_RCC_GetSysClockFreq
                0x0000000008004298       0xa8 CMakeFiles/ec_hw_platform.elf.dir/Drivers/STM32F4xx_HAL_Driver/Src/stm32f4xx_hal_rcc.c.obj
                0x0000000008004298                HAL_RCC_GetSysClockFreq
 .text.HAL_RCC_ClockConfig
                0x0000000008004340      0x160 CMakeFiles/ec_hw_platform.elf.dir/Drivers/STM32F4xx_HAL_Driver/Src/stm32f4xx_hal_rcc.c.obj
                0x0000000008004340                HAL_RCC_ClockConfig
 .text.HAL_RCC_GetHCLKFreq
                0x00000000080044a0        0xc CMakeFiles/ec_hw_platform.elf.dir/Drivers/STM32F4xx_HAL_Driver/Src/stm32f4xx_hal_rcc.c.obj
                0x00000000080044a0                HAL_RCC_GetHCLKFreq
 .text.HAL_RCC_GetPCLK1Freq
                0x00000000080044ac       0x20 CMakeFiles/ec_hw_platform.elf.dir/Drivers/STM32F4xx_HAL_Driver/Src/stm32f4xx_hal_rcc.c.obj
                0x00000000080044ac                HAL_RCC_GetPCLK1Freq
 .text.HAL_RCC_GetPCLK2Freq
                0x00000000080044cc       0x20 CMakeFiles/ec_hw_platform.elf.dir/Drivers/STM32F4xx_HAL_Driver/Src/stm32f4xx_hal_rcc.c.obj
                0x00000000080044cc                HAL_RCC_GetPCLK2Freq
 .text.HAL_SPI_Init
                0x00000000080044ec       0xbe CMakeFiles/ec_hw_platform.elf.dir/Drivers/STM32F4xx_HAL_Driver/Src/stm32f4xx_hal_spi.c.obj
                0x00000000080044ec                HAL_SPI_Init
 .text.HAL_SPI_ErrorCallback
                0x00000000080045aa        0x2 CMakeFiles/ec_hw_platform.elf.dir/Drivers/STM32F4xx_HAL_Driver/Src/stm32f4xx_hal_spi.c.obj
                0x00000000080045aa                HAL_SPI_ErrorCallback
 .text.HAL_SPI_IRQHandler
                0x00000000080045ac      0x118 CMakeFiles/ec_hw_platform.elf.dir/Drivers/STM32F4xx_HAL_Driver/Src/stm32f4xx_hal_spi.c.obj
                0x00000000080045ac                HAL_SPI_IRQHandler
 .text.SPI_DMAAbortOnError
                0x00000000080046c4       0x10 CMakeFiles/ec_hw_platform.elf.dir/Drivers/STM32F4xx_HAL_Driver/Src/stm32f4xx_hal_spi.c.obj
 .text.TIM_OC1_SetConfig
                0x00000000080046d4       0x70 CMakeFiles/ec_hw_platform.elf.dir/Drivers/STM32F4xx_HAL_Driver/Src/stm32f4xx_hal_tim.c.obj
 .text.TIM_OC3_SetConfig
                0x0000000008004744       0x70 CMakeFiles/ec_hw_platform.elf.dir/Drivers/STM32F4xx_HAL_Driver/Src/stm32f4xx_hal_tim.c.obj
 .text.TIM_OC4_SetConfig
                0x00000000080047b4       0x50 CMakeFiles/ec_hw_platform.elf.dir/Drivers/STM32F4xx_HAL_Driver/Src/stm32f4xx_hal_tim.c.obj
 .text.TIM_TI1_ConfigInputStage
                0x0000000008004804       0x24 CMakeFiles/ec_hw_platform.elf.dir/Drivers/STM32F4xx_HAL_Driver/Src/stm32f4xx_hal_tim.c.obj
 .text.TIM_TI2_ConfigInputStage
                0x0000000008004828       0x26 CMakeFiles/ec_hw_platform.elf.dir/Drivers/STM32F4xx_HAL_Driver/Src/stm32f4xx_hal_tim.c.obj
 .text.TIM_ITRx_SetConfig
                0x000000000800484e       0x10 CMakeFiles/ec_hw_platform.elf.dir/Drivers/STM32F4xx_HAL_Driver/Src/stm32f4xx_hal_tim.c.obj
 *fill*         0x000000000800485e        0x2 
 .text.HAL_TIM_Base_Start_IT
                0x0000000008004860       0x88 CMakeFiles/ec_hw_platform.elf.dir/Drivers/STM32F4xx_HAL_Driver/Src/stm32f4xx_hal_tim.c.obj
                0x0000000008004860                HAL_TIM_Base_Start_IT
 .text.HAL_TIM_PWM_MspInit
                0x00000000080048e8        0x2 CMakeFiles/ec_hw_platform.elf.dir/Drivers/STM32F4xx_HAL_Driver/Src/stm32f4xx_hal_tim.c.obj
                0x00000000080048e8                HAL_TIM_PWM_MspInit
 .text.HAL_TIM_OC_DelayElapsedCallback
                0x00000000080048ea        0x2 CMakeFiles/ec_hw_platform.elf.dir/Drivers/STM32F4xx_HAL_Driver/Src/stm32f4xx_hal_tim.c.obj
                0x00000000080048ea                HAL_TIM_OC_DelayElapsedCallback
 .text.HAL_TIM_IC_CaptureCallback
                0x00000000080048ec        0x2 CMakeFiles/ec_hw_platform.elf.dir/Drivers/STM32F4xx_HAL_Driver/Src/stm32f4xx_hal_tim.c.obj
                0x00000000080048ec                HAL_TIM_IC_CaptureCallback
 .text.HAL_TIM_PWM_PulseFinishedCallback
                0x00000000080048ee        0x2 CMakeFiles/ec_hw_platform.elf.dir/Drivers/STM32F4xx_HAL_Driver/Src/stm32f4xx_hal_tim.c.obj
                0x00000000080048ee                HAL_TIM_PWM_PulseFinishedCallback
 .text.HAL_TIM_TriggerCallback
                0x00000000080048f0        0x2 CMakeFiles/ec_hw_platform.elf.dir/Drivers/STM32F4xx_HAL_Driver/Src/stm32f4xx_hal_tim.c.obj
                0x00000000080048f0                HAL_TIM_TriggerCallback
 .text.HAL_TIM_IRQHandler
                0x00000000080048f2      0x17a CMakeFiles/ec_hw_platform.elf.dir/Drivers/STM32F4xx_HAL_Driver/Src/stm32f4xx_hal_tim.c.obj
                0x00000000080048f2                HAL_TIM_IRQHandler
 .text.TIM_Base_SetConfig
                0x0000000008004a6c       0xc8 CMakeFiles/ec_hw_platform.elf.dir/Drivers/STM32F4xx_HAL_Driver/Src/stm32f4xx_hal_tim.c.obj
                0x0000000008004a6c                TIM_Base_SetConfig
 .text.HAL_TIM_Base_Init
                0x0000000008004b34       0x58 CMakeFiles/ec_hw_platform.elf.dir/Drivers/STM32F4xx_HAL_Driver/Src/stm32f4xx_hal_tim.c.obj
                0x0000000008004b34                HAL_TIM_Base_Init
 .text.HAL_TIM_PWM_Init
                0x0000000008004b8c       0x58 CMakeFiles/ec_hw_platform.elf.dir/Drivers/STM32F4xx_HAL_Driver/Src/stm32f4xx_hal_tim.c.obj
                0x0000000008004b8c                HAL_TIM_PWM_Init
 .text.TIM_OC2_SetConfig
                0x0000000008004be4       0x70 CMakeFiles/ec_hw_platform.elf.dir/Drivers/STM32F4xx_HAL_Driver/Src/stm32f4xx_hal_tim.c.obj
                0x0000000008004be4                TIM_OC2_SetConfig
 .text.HAL_TIM_PWM_ConfigChannel
                0x0000000008004c54       0xdc CMakeFiles/ec_hw_platform.elf.dir/Drivers/STM32F4xx_HAL_Driver/Src/stm32f4xx_hal_tim.c.obj
                0x0000000008004c54                HAL_TIM_PWM_ConfigChannel
 .text.TIM_ETR_SetConfig
                0x0000000008004d30       0x18 CMakeFiles/ec_hw_platform.elf.dir/Drivers/STM32F4xx_HAL_Driver/Src/stm32f4xx_hal_tim.c.obj
                0x0000000008004d30                TIM_ETR_SetConfig
 .text.HAL_TIM_ConfigClockSource
                0x0000000008004d48       0xfe CMakeFiles/ec_hw_platform.elf.dir/Drivers/STM32F4xx_HAL_Driver/Src/stm32f4xx_hal_tim.c.obj
                0x0000000008004d48                HAL_TIM_ConfigClockSource
 .text.TIM_CCxChannelCmd
                0x0000000008004e46       0x1e CMakeFiles/ec_hw_platform.elf.dir/Drivers/STM32F4xx_HAL_Driver/Src/stm32f4xx_hal_tim.c.obj
                0x0000000008004e46                TIM_CCxChannelCmd
 .text.HAL_TIM_PWM_Start_IT
                0x0000000008004e64      0x14c CMakeFiles/ec_hw_platform.elf.dir/Drivers/STM32F4xx_HAL_Driver/Src/stm32f4xx_hal_tim.c.obj
                0x0000000008004e64                HAL_TIM_PWM_Start_IT
 .text.HAL_TIMEx_MasterConfigSynchronization
                0x0000000008004fb0       0x8c CMakeFiles/ec_hw_platform.elf.dir/Drivers/STM32F4xx_HAL_Driver/Src/stm32f4xx_hal_tim_ex.c.obj
                0x0000000008004fb0                HAL_TIMEx_MasterConfigSynchronization
 .text.HAL_TIMEx_CommutCallback
                0x000000000800503c        0x2 CMakeFiles/ec_hw_platform.elf.dir/Drivers/STM32F4xx_HAL_Driver/Src/stm32f4xx_hal_tim_ex.c.obj
                0x000000000800503c                HAL_TIMEx_CommutCallback
 .text.HAL_TIMEx_BreakCallback
                0x000000000800503e        0x2 CMakeFiles/ec_hw_platform.elf.dir/Drivers/STM32F4xx_HAL_Driver/Src/stm32f4xx_hal_tim_ex.c.obj
                0x000000000800503e                HAL_TIMEx_BreakCallback
 .text.UART_EndRxTransfer
                0x0000000008005040       0x5c CMakeFiles/ec_hw_platform.elf.dir/Drivers/STM32F4xx_HAL_Driver/Src/stm32f4xx_hal_uart.c.obj
 .text.UART_Transmit_IT
                0x000000000800509c       0x60 CMakeFiles/ec_hw_platform.elf.dir/Drivers/STM32F4xx_HAL_Driver/Src/stm32f4xx_hal_uart.c.obj
 .text.UART_SetConfig
                0x00000000080050fc      0x110 CMakeFiles/ec_hw_platform.elf.dir/Drivers/STM32F4xx_HAL_Driver/Src/stm32f4xx_hal_uart.c.obj
 .text.HAL_UART_Init
                0x000000000800520c       0x5e CMakeFiles/ec_hw_platform.elf.dir/Drivers/STM32F4xx_HAL_Driver/Src/stm32f4xx_hal_uart.c.obj
                0x000000000800520c                HAL_UART_Init
 .text.HAL_UART_TxCpltCallback
                0x000000000800526a        0x2 CMakeFiles/ec_hw_platform.elf.dir/Drivers/STM32F4xx_HAL_Driver/Src/stm32f4xx_hal_uart.c.obj
                0x000000000800526a                HAL_UART_TxCpltCallback
 .text.UART_EndTransmit_IT
                0x000000000800526c       0x1a CMakeFiles/ec_hw_platform.elf.dir/Drivers/STM32F4xx_HAL_Driver/Src/stm32f4xx_hal_uart.c.obj
 .text.HAL_UART_ErrorCallback
                0x0000000008005286        0x2 CMakeFiles/ec_hw_platform.elf.dir/Drivers/STM32F4xx_HAL_Driver/Src/stm32f4xx_hal_uart.c.obj
                0x0000000008005286                HAL_UART_ErrorCallback
 .text.UART_DMAAbortOnError
                0x0000000008005288       0x10 CMakeFiles/ec_hw_platform.elf.dir/Drivers/STM32F4xx_HAL_Driver/Src/stm32f4xx_hal_uart.c.obj
 .text.HAL_UARTEx_RxEventCallback
                0x0000000008005298        0x2 CMakeFiles/ec_hw_platform.elf.dir/Drivers/STM32F4xx_HAL_Driver/Src/stm32f4xx_hal_uart.c.obj
                0x0000000008005298                HAL_UARTEx_RxEventCallback
 .text.UART_Receive_IT
                0x000000000800529a       0xe2 CMakeFiles/ec_hw_platform.elf.dir/Drivers/STM32F4xx_HAL_Driver/Src/stm32f4xx_hal_uart.c.obj
 .text.HAL_UART_IRQHandler
                0x000000000800537c      0x280 CMakeFiles/ec_hw_platform.elf.dir/Drivers/STM32F4xx_HAL_Driver/Src/stm32f4xx_hal_uart.c.obj
                0x000000000800537c                HAL_UART_IRQHandler
 .text.UART_Start_Receive_IT
                0x00000000080055fc       0x3a CMakeFiles/ec_hw_platform.elf.dir/Drivers/STM32F4xx_HAL_Driver/Src/stm32f4xx_hal_uart.c.obj
                0x00000000080055fc                UART_Start_Receive_IT
 .text.HAL_UART_Receive_IT
                0x0000000008005636       0x38 CMakeFiles/ec_hw_platform.elf.dir/Drivers/STM32F4xx_HAL_Driver/Src/stm32f4xx_hal_uart.c.obj
                0x0000000008005636                HAL_UART_Receive_IT
 *fill*         0x000000000800566e        0x2 
 .text.HAL_TIM_PeriodElapsedCallback
                0x0000000008005670       0x18 CMakeFiles/ec_hw_platform.elf.dir/Src/Callback.cpp.obj
                0x0000000008005670                HAL_TIM_PeriodElapsedCallback
 .text.HAL_UART_RxCpltCallback
                0x0000000008005688       0x38 CMakeFiles/ec_hw_platform.elf.dir/Src/Callback.cpp.obj
                0x0000000008005688                HAL_UART_RxCpltCallback
 .text.HAL_CAN_RxFifo0MsgPendingCallback
                0x00000000080056c0       0x38 CMakeFiles/ec_hw_platform.elf.dir/Src/Callback.cpp.obj
                0x00000000080056c0                HAL_CAN_RxFifo0MsgPendingCallback
 .text._ZN3PIDC2Ev
                0x00000000080056f8       0x1a CMakeFiles/ec_hw_platform.elf.dir/Src/Control/motor_conrtol.cpp.obj
                0x00000000080056f8                PID::PID()
                0x00000000080056f8                PID::PID()
 *fill*         0x0000000008005712        0x2 
 .text._Z41__static_initialization_and_destruction_0ii
                0x0000000008005714       0x54 CMakeFiles/ec_hw_platform.elf.dir/Src/Control/motor_conrtol.cpp.obj
 .text._GLOBAL__sub_I_test
                0x0000000008005768        0xe CMakeFiles/ec_hw_platform.elf.dir/Src/Control/motor_conrtol.cpp.obj
 *fill*         0x0000000008005776        0x2 
 .text._Z14rc_task_handlev
                0x0000000008005778       0x5c CMakeFiles/ec_hw_platform.elf.dir/Src/Control/rc_task.cpp.obj
                0x0000000008005778                rc_task_handle()
 .text._ZN5MotorC2ERKNS_4TypeERKfRKNS_13ControlMethodERK3PIDSA_
                0x00000000080057d4       0x70 CMakeFiles/ec_hw_platform.elf.dir/Src/Motor.cpp.obj
                0x00000000080057d4                Motor::Motor(Motor::Type const&, float const&, Motor::ControlMethod const&, PID const&, PID const&)
                0x00000000080057d4                Motor::Motor(Motor::Type const&, float const&, Motor::ControlMethod const&, PID const&, PID const&)
 .text._ZN5Motor6HandleEv
                0x0000000008005844       0x70 CMakeFiles/ec_hw_platform.elf.dir/Src/Motor.cpp.obj
                0x0000000008005844                Motor::Handle()
 .text._ZN5Motor8SetAngleERKf
                0x00000000080058b4        0x6 CMakeFiles/ec_hw_platform.elf.dir/Src/Motor.cpp.obj
                0x00000000080058b4                Motor::SetAngle(float const&)
 .text._ZN5Motor8SetSpeedERKf
                0x00000000080058ba        0x6 CMakeFiles/ec_hw_platform.elf.dir/Src/Motor.cpp.obj
                0x00000000080058ba                Motor::SetSpeed(float const&)
 .text._ZN5Motor10HandleDataEv
                0x00000000080058c0       0x60 CMakeFiles/ec_hw_platform.elf.dir/Src/Motor.cpp.obj
                0x00000000080058c0                Motor::HandleData()
 .text._ZN3PIDC2Efffff
                0x0000000008005920       0x24 CMakeFiles/ec_hw_platform.elf.dir/Src/PID.cpp.obj
                0x0000000008005920                PID::PID(float, float, float, float, float)
                0x0000000008005920                PID::PID(float, float, float, float, float)
 .text._ZN3PID9CalculateEff
                0x0000000008005944       0x88 CMakeFiles/ec_hw_platform.elf.dir/Src/PID.cpp.obj
                0x0000000008005944                PID::Calculate(float, float)
 .text._Z15MainControlLoopv
                0x00000000080059cc       0x24 CMakeFiles/ec_hw_platform.elf.dir/Src/Robot.cpp.obj
                0x00000000080059cc                MainControlLoop()
 .text._Z14rc_handle_datav
                0x00000000080059f0       0x98 CMakeFiles/ec_hw_platform.elf.dir/Src/remote_control.cpp.obj
                0x00000000080059f0                rc_handle_data()
 .text._Z17rc_handle_channelv
                0x0000000008005a88      0x114 CMakeFiles/ec_hw_platform.elf.dir/Src/remote_control.cpp.obj
                0x0000000008005a88                rc_handle_channel()
 .text._Z14rc_IWDG_handlev
                0x0000000008005b9c       0x38 CMakeFiles/ec_hw_platform.elf.dir/Src/remote_control.cpp.obj
                0x0000000008005b9c                rc_IWDG_handle()
 .text.abort    0x0000000008005bd4        0xe C:/ST/STM32CubeCLT/GNU-tools-for-STM32/bin/../lib/gcc/arm-none-eabi/11.3.1/../../../../arm-none-eabi/lib/thumb/v7e-m/nofp\libg.a(libc_a-abort.o)
                0x0000000008005bd4                abort
 .text.memset   0x0000000008005be2       0x10 C:/ST/STM32CubeCLT/GNU-tools-for-STM32/bin/../lib/gcc/arm-none-eabi/11.3.1/../../../../arm-none-eabi/lib/thumb/v7e-m/nofp\libg.a(libc_a-memset.o)
                0x0000000008005be2                memset
 .text._raise_r
                0x0000000008005bf2       0x52 C:/ST/STM32CubeCLT/GNU-tools-for-STM32/bin/../lib/gcc/arm-none-eabi/11.3.1/../../../../arm-none-eabi/lib/thumb/v7e-m/nofp\libg.a(libc_a-signal.o)
                0x0000000008005bf2                _raise_r
 .text.raise    0x0000000008005c44       0x10 C:/ST/STM32CubeCLT/GNU-tools-for-STM32/bin/../lib/gcc/arm-none-eabi/11.3.1/../../../../arm-none-eabi/lib/thumb/v7e-m/nofp\libg.a(libc_a-signal.o)
                0x0000000008005c44                raise
 .text._kill_r  0x0000000008005c54       0x24 C:/ST/STM32CubeCLT/GNU-tools-for-STM32/bin/../lib/gcc/arm-none-eabi/11.3.1/../../../../arm-none-eabi/lib/thumb/v7e-m/nofp\libg.a(libc_a-signalr.o)
                0x0000000008005c54                _kill_r
 .text._getpid_r
                0x0000000008005c78        0x4 C:/ST/STM32CubeCLT/GNU-tools-for-STM32/bin/../lib/gcc/arm-none-eabi/11.3.1/../../../../arm-none-eabi/lib/thumb/v7e-m/nofp\libg.a(libc_a-signalr.o)
                0x0000000008005c78                _getpid_r
 .text.__errno  0x0000000008005c7c        0xc C:/ST/STM32CubeCLT/GNU-tools-for-STM32/bin/../lib/gcc/arm-none-eabi/11.3.1/../../../../arm-none-eabi/lib/thumb/v7e-m/nofp\libg.a(libc_a-errno.o)
                0x0000000008005c7c                __errno
 .text.__libc_init_array
                0x0000000008005c88       0x48 C:/ST/STM32CubeCLT/GNU-tools-for-STM32/bin/../lib/gcc/arm-none-eabi/11.3.1/../../../../arm-none-eabi/lib/thumb/v7e-m/nofp\libg.a(libc_a-init.o)
                0x0000000008005c88                __libc_init_array
 .text.__retarget_lock_acquire_recursive
                0x0000000008005cd0        0x2 C:/ST/STM32CubeCLT/GNU-tools-for-STM32/bin/../lib/gcc/arm-none-eabi/11.3.1/../../../../arm-none-eabi/lib/thumb/v7e-m/nofp\libg.a(libc_a-lock.o)
                0x0000000008005cd0                __retarget_lock_acquire_recursive
 .text.__retarget_lock_release_recursive
                0x0000000008005cd2        0x2 C:/ST/STM32CubeCLT/GNU-tools-for-STM32/bin/../lib/gcc/arm-none-eabi/11.3.1/../../../../arm-none-eabi/lib/thumb/v7e-m/nofp\libg.a(libc_a-lock.o)
                0x0000000008005cd2                __retarget_lock_release_recursive
 .text.memcpy   0x0000000008005cd4       0x1c C:/ST/STM32CubeCLT/GNU-tools-for-STM32/bin/../lib/gcc/arm-none-eabi/11.3.1/../../../../arm-none-eabi/lib/thumb/v7e-m/nofp\libg.a(libc_a-memcpy-stub.o)
                0x0000000008005cd4                memcpy
 .text.startup.register_fini
                0x0000000008005cf0       0x14 C:/ST/STM32CubeCLT/GNU-tools-for-STM32/bin/../lib/gcc/arm-none-eabi/11.3.1/../../../../arm-none-eabi/lib/thumb/v7e-m/nofp\libg.a(libc_a-__call_atexit.o)
 .text.atexit   0x0000000008005d04        0xc C:/ST/STM32CubeCLT/GNU-tools-for-STM32/bin/../lib/gcc/arm-none-eabi/11.3.1/../../../../arm-none-eabi/lib/thumb/v7e-m/nofp\libg.a(libc_a-atexit.o)
                0x0000000008005d04                atexit
 .text.__libc_fini_array
                0x0000000008005d10       0x28 C:/ST/STM32CubeCLT/GNU-tools-for-STM32/bin/../lib/gcc/arm-none-eabi/11.3.1/../../../../arm-none-eabi/lib/thumb/v7e-m/nofp\libg.a(libc_a-fini.o)
                0x0000000008005d10                __libc_fini_array
 .text.__register_exitproc
                0x0000000008005d38       0x80 C:/ST/STM32CubeCLT/GNU-tools-for-STM32/bin/../lib/gcc/arm-none-eabi/11.3.1/../../../../arm-none-eabi/lib/thumb/v7e-m/nofp\libg.a(libc_a-__atexit.o)
                0x0000000008005d38                __register_exitproc
 *(.glue_7)
 .glue_7        0x0000000008005db8        0x0 linker stubs
 *(.glue_7t)
 .glue_7t       0x0000000008005db8        0x0 linker stubs
 *(.eh_frame)
 .eh_frame      0x0000000008005db8        0x0 C:/ST/STM32CubeCLT/GNU-tools-for-STM32/bin/../lib/gcc/arm-none-eabi/11.3.1/thumb/v7e-m/nofp/crtbegin.o
 *(.init)
 .init          0x0000000008005db8        0x4 C:/ST/STM32CubeCLT/GNU-tools-for-STM32/bin/../lib/gcc/arm-none-eabi/11.3.1/thumb/v7e-m/nofp/crti.o
                0x0000000008005db8                _init
 .init          0x0000000008005dbc        0x8 C:/ST/STM32CubeCLT/GNU-tools-for-STM32/bin/../lib/gcc/arm-none-eabi/11.3.1/thumb/v7e-m/nofp/crtn.o
 *(.fini)
 .fini          0x0000000008005dc4        0x4 C:/ST/STM32CubeCLT/GNU-tools-for-STM32/bin/../lib/gcc/arm-none-eabi/11.3.1/thumb/v7e-m/nofp/crti.o
                0x0000000008005dc4                _fini
 .fini          0x0000000008005dc8        0x8 C:/ST/STM32CubeCLT/GNU-tools-for-STM32/bin/../lib/gcc/arm-none-eabi/11.3.1/thumb/v7e-m/nofp/crtn.o
                0x0000000008005dd0                . = ALIGN (0x4)
                0x0000000008005dd0                _etext = .

.vfp11_veneer   0x0000000008005dd0        0x0
 .vfp11_veneer  0x0000000008005dd0        0x0 linker stubs

.v4_bx          0x0000000008005dd0        0x0
 .v4_bx         0x0000000008005dd0        0x0 linker stubs

.iplt           0x0000000008005dd0        0x0
 .iplt          0x0000000008005dd0        0x0 C:/ST/STM32CubeCLT/GNU-tools-for-STM32/bin/../lib/gcc/arm-none-eabi/11.3.1/thumb/v7e-m/nofp/crtbegin.o

.rodata         0x0000000008005dd0       0x20
                0x0000000008005dd0                . = ALIGN (0x4)
 *(.rodata)
 *(.rodata*)
 .rodata.AHBPrescTable
                0x0000000008005dd0       0x10 CMakeFiles/ec_hw_platform.elf.dir/Core/Src/system_stm32f4xx.c.obj
                0x0000000008005dd0                AHBPrescTable
 .rodata.APBPrescTable
                0x0000000008005de0        0x8 CMakeFiles/ec_hw_platform.elf.dir/Core/Src/system_stm32f4xx.c.obj
                0x0000000008005de0                APBPrescTable
 .rodata.flagBitshiftOffset.0
                0x0000000008005de8        0x8 CMakeFiles/ec_hw_platform.elf.dir/Drivers/STM32F4xx_HAL_Driver/Src/stm32f4xx_hal_dma.c.obj
                0x0000000008005df0                . = ALIGN (0x4)

.ARM.extab      0x0000000008005df0       0x48
                0x0000000008005df0                . = ALIGN (0x4)
 *(.ARM.extab* .gnu.linkonce.armextab.*)
 .ARM.extab.text.HAL_TIM_PeriodElapsedCallback
                0x0000000008005df0        0xc CMakeFiles/ec_hw_platform.elf.dir/Src/Callback.cpp.obj
 .ARM.extab.text._ZN3PIDC2Ev
                0x0000000008005dfc        0x0 CMakeFiles/ec_hw_platform.elf.dir/Src/Control/motor_conrtol.cpp.obj
 .ARM.extab.text._ZN5Motor10HandleDataEv
                0x0000000008005dfc        0xc CMakeFiles/ec_hw_platform.elf.dir/Src/Motor.cpp.obj
 .ARM.extab.text._Z15MainControlLoopv
                0x0000000008005e08        0xc CMakeFiles/ec_hw_platform.elf.dir/Src/Robot.cpp.obj
 .ARM.extab.text._Z14rc_IWDG_handlev
                0x0000000008005e14        0xc CMakeFiles/ec_hw_platform.elf.dir/Src/remote_control.cpp.obj
 .ARM.extab     0x0000000008005e20       0x18 C:/ST/STM32CubeCLT/GNU-tools-for-STM32/bin/../lib/gcc/arm-none-eabi/11.3.1/thumb/v7e-m/nofp\libgcc.a(pr-support.o)
                0x0000000008005e38                . = ALIGN (0x4)

.ARM            0x0000000008005e38      0x130
                0x0000000008005e38                . = ALIGN (0x4)
                0x0000000008005e38                __exidx_start = .
 *(.ARM.exidx*)
 .ARM.exidx     0x0000000008005e38        0x8 C:/ST/STM32CubeCLT/GNU-tools-for-STM32/bin/../lib/gcc/arm-none-eabi/11.3.1/thumb/v7e-m/nofp\libgcc.a(_udivmoddi4.o)
 .ARM.exidx     0x0000000008005e40       0x78 C:/ST/STM32CubeCLT/GNU-tools-for-STM32/bin/../lib/gcc/arm-none-eabi/11.3.1/thumb/v7e-m/nofp\libgcc.a(unwind-arm.o)
                                         0xd8 (size before relaxing)
 .ARM.exidx     0x0000000008005eb8       0x38 C:/ST/STM32CubeCLT/GNU-tools-for-STM32/bin/../lib/gcc/arm-none-eabi/11.3.1/thumb/v7e-m/nofp\libgcc.a(pr-support.o)
 .ARM.exidx.text.HAL_TIM_PeriodElapsedCallback
                0x0000000008005ef0        0x8 CMakeFiles/ec_hw_platform.elf.dir/Src/Callback.cpp.obj
 .ARM.exidx.text.HAL_UART_RxCpltCallback
                0x0000000008005ef8        0x8 CMakeFiles/ec_hw_platform.elf.dir/Src/Callback.cpp.obj
 .ARM.exidx.text.HAL_CAN_RxFifo0MsgPendingCallback
                0x0000000008005f00        0x8 CMakeFiles/ec_hw_platform.elf.dir/Src/Callback.cpp.obj
 .ARM.exidx.text._ZN3PIDC2Ev
                0x0000000008005f08        0x8 CMakeFiles/ec_hw_platform.elf.dir/Src/Control/motor_conrtol.cpp.obj
 .ARM.exidx.text._Z41__static_initialization_and_destruction_0ii
                0x0000000008005f10        0x8 CMakeFiles/ec_hw_platform.elf.dir/Src/Control/motor_conrtol.cpp.obj
 .ARM.exidx.text._GLOBAL__sub_I_test
                0x0000000008005f18        0x0 CMakeFiles/ec_hw_platform.elf.dir/Src/Control/motor_conrtol.cpp.obj
                                          0x8 (size before relaxing)
 .ARM.exidx.text._Z14rc_task_handlev
                0x0000000008005f18        0x8 CMakeFiles/ec_hw_platform.elf.dir/Src/Control/rc_task.cpp.obj
 .ARM.exidx.text._ZN5MotorC2ERKNS_4TypeERKfRKNS_13ControlMethodERK3PIDSA_
                0x0000000008005f20        0x8 CMakeFiles/ec_hw_platform.elf.dir/Src/Motor.cpp.obj
 .ARM.exidx.text._ZN5Motor6HandleEv
                0x0000000008005f28        0x8 CMakeFiles/ec_hw_platform.elf.dir/Src/Motor.cpp.obj
 .ARM.exidx.text._ZN5Motor8SetAngleERKf
                0x0000000008005f30        0x8 CMakeFiles/ec_hw_platform.elf.dir/Src/Motor.cpp.obj
 .ARM.exidx.text._ZN5Motor8SetSpeedERKf
                0x0000000008005f38        0x0 CMakeFiles/ec_hw_platform.elf.dir/Src/Motor.cpp.obj
                                          0x8 (size before relaxing)
 .ARM.exidx.text._ZN5Motor10HandleDataEv
                0x0000000008005f38        0x8 CMakeFiles/ec_hw_platform.elf.dir/Src/Motor.cpp.obj
 .ARM.exidx.text._ZN3PIDC2Efffff
                0x0000000008005f40        0x8 CMakeFiles/ec_hw_platform.elf.dir/Src/PID.cpp.obj
 .ARM.exidx.text._ZN3PID9CalculateEff
                0x0000000008005f48        0x0 CMakeFiles/ec_hw_platform.elf.dir/Src/PID.cpp.obj
                                          0x8 (size before relaxing)
 .ARM.exidx.text._Z15MainControlLoopv
                0x0000000008005f48        0x8 CMakeFiles/ec_hw_platform.elf.dir/Src/Robot.cpp.obj
 .ARM.exidx.text._Z14rc_handle_datav
                0x0000000008005f50        0x8 CMakeFiles/ec_hw_platform.elf.dir/Src/remote_control.cpp.obj
 .ARM.exidx.text._Z17rc_handle_channelv
                0x0000000008005f58        0x0 CMakeFiles/ec_hw_platform.elf.dir/Src/remote_control.cpp.obj
                                          0x8 (size before relaxing)
 .ARM.exidx.text._Z14rc_IWDG_handlev
                0x0000000008005f58       0x10 CMakeFiles/ec_hw_platform.elf.dir/Src/remote_control.cpp.obj
                                          0x8 (size before relaxing)
                0x0000000008005f68                __exidx_end = .
                0x0000000008005f68                . = ALIGN (0x4)

.rel.dyn        0x0000000008005f68        0x0
 .rel.iplt      0x0000000008005f68        0x0 C:/ST/STM32CubeCLT/GNU-tools-for-STM32/bin/../lib/gcc/arm-none-eabi/11.3.1/thumb/v7e-m/nofp/crtbegin.o

.preinit_array  0x0000000008005f68        0x0
                0x0000000008005f68                . = ALIGN (0x4)
                0x0000000008005f68                PROVIDE (__preinit_array_start = .)
 *(.preinit_array*)
                0x0000000008005f68                PROVIDE (__preinit_array_end = .)
                0x0000000008005f68                . = ALIGN (0x4)

.init_array     0x0000000008005f68        0xc
                0x0000000008005f68                . = ALIGN (0x4)
                0x0000000008005f68                PROVIDE (__init_array_start = .)
 *(SORT_BY_NAME(.init_array.*))
 .init_array.00000
                0x0000000008005f68        0x4 C:/ST/STM32CubeCLT/GNU-tools-for-STM32/bin/../lib/gcc/arm-none-eabi/11.3.1/../../../../arm-none-eabi/lib/thumb/v7e-m/nofp\libg.a(libc_a-__call_atexit.o)
 *(.init_array*)
 .init_array    0x0000000008005f6c        0x4 C:/ST/STM32CubeCLT/GNU-tools-for-STM32/bin/../lib/gcc/arm-none-eabi/11.3.1/thumb/v7e-m/nofp/crtbegin.o
 .init_array    0x0000000008005f70        0x4 CMakeFiles/ec_hw_platform.elf.dir/Src/Control/motor_conrtol.cpp.obj
                0x0000000008005f74                PROVIDE (__init_array_end = .)
                0x0000000008005f74                . = ALIGN (0x4)

.fini_array     0x0000000008005f74        0x4
                0x0000000008005f74                . = ALIGN (0x4)
                0x0000000008005f74                PROVIDE (__fini_array_start = .)
 *(SORT_BY_NAME(.fini_array.*))
 *(.fini_array*)
 .fini_array    0x0000000008005f74        0x4 C:/ST/STM32CubeCLT/GNU-tools-for-STM32/bin/../lib/gcc/arm-none-eabi/11.3.1/thumb/v7e-m/nofp/crtbegin.o
                0x0000000008005f78                PROVIDE (__fini_array_end = .)
                0x0000000008005f78                . = ALIGN (0x4)
                0x0000000008005f78                _sidata = LOADADDR (.data)

.data           0x0000000020000000      0x138 load address 0x0000000008005f78
                0x0000000020000000                . = ALIGN (0x4)
                0x0000000020000000                _sdata = .
 *(.data)
 *(.data*)
 .data.SystemCoreClock
                0x0000000020000000        0x4 CMakeFiles/ec_hw_platform.elf.dir/Core/Src/system_stm32f4xx.c.obj
                0x0000000020000000                SystemCoreClock
 .data.uwTickFreq
                0x0000000020000004        0x1 CMakeFiles/ec_hw_platform.elf.dir/Drivers/STM32F4xx_HAL_Driver/Src/stm32f4xx_hal.c.obj
                0x0000000020000004                uwTickFreq
 *fill*         0x0000000020000005        0x3 
 .data.uwTickPrio
                0x0000000020000008        0x4 CMakeFiles/ec_hw_platform.elf.dir/Drivers/STM32F4xx_HAL_Driver/Src/stm32f4xx_hal.c.obj
                0x0000000020000008                uwTickPrio
 *fill*         0x000000002000000c        0x4 
 .data._impure_data
                0x0000000020000010      0x120 C:/ST/STM32CubeCLT/GNU-tools-for-STM32/bin/../lib/gcc/arm-none-eabi/11.3.1/../../../../arm-none-eabi/lib/thumb/v7e-m/nofp\libg.a(libc_a-impure.o)
                0x0000000020000010                _impure_data
 .data._impure_ptr
                0x0000000020000130        0x4 C:/ST/STM32CubeCLT/GNU-tools-for-STM32/bin/../lib/gcc/arm-none-eabi/11.3.1/../../../../arm-none-eabi/lib/thumb/v7e-m/nofp\libg.a(libc_a-impure.o)
                0x0000000020000130                _impure_ptr
 .data.__atexit_recursive_mutex
                0x0000000020000134        0x4 C:/ST/STM32CubeCLT/GNU-tools-for-STM32/bin/../lib/gcc/arm-none-eabi/11.3.1/../../../../arm-none-eabi/lib/thumb/v7e-m/nofp\libg.a(libc_a-__call_atexit.o)
                0x0000000020000134                __atexit_recursive_mutex
 *(.RamFunc)
 *(.RamFunc*)
                0x0000000020000138                . = ALIGN (0x4)
                0x0000000020000138                _edata = .
                0x00000000080060b0                _siccmram = LOADADDR (.ccmram)

.igot.plt       0x0000000020000138        0x0 load address 0x00000000080060b0
 .igot.plt      0x0000000020000138        0x0 C:/ST/STM32CubeCLT/GNU-tools-for-STM32/bin/../lib/gcc/arm-none-eabi/11.3.1/thumb/v7e-m/nofp/crtbegin.o

.ccmram         0x0000000010000000        0x0 load address 0x00000000080060b0
                0x0000000010000000                . = ALIGN (0x4)
                0x0000000010000000                _sccmram = .
 *(.ccmram)
 *(.ccmram*)
                0x0000000010000000                . = ALIGN (0x4)
                0x0000000010000000                _eccmram = .
                0x0000000010000000                . = ALIGN (0x4)

.bss            0x0000000020000138      0x958
                0x0000000020000138                _sbss = .
                0x0000000020000138                __bss_start__ = _sbss
 *(.bss)
 .bss           0x0000000020000138       0x1c C:/ST/STM32CubeCLT/GNU-tools-for-STM32/bin/../lib/gcc/arm-none-eabi/11.3.1/thumb/v7e-m/nofp/crtbegin.o
 *(.bss*)
 .bss.hadc3     0x0000000020000154       0x48 CMakeFiles/ec_hw_platform.elf.dir/Core/Src/adc.c.obj
                0x0000000020000154                hadc3
 .bss.HAL_RCC_CAN1_CLK_ENABLED
                0x000000002000019c        0x4 CMakeFiles/ec_hw_platform.elf.dir/Core/Src/can.c.obj
 .bss.hcan1     0x00000000200001a0       0x28 CMakeFiles/ec_hw_platform.elf.dir/Core/Src/can.c.obj
                0x00000000200001a0                hcan1
 .bss.hcan2     0x00000000200001c8       0x28 CMakeFiles/ec_hw_platform.elf.dir/Core/Src/can.c.obj
                0x00000000200001c8                hcan2
 .bss.hiwdg     0x00000000200001f0        0xc CMakeFiles/ec_hw_platform.elf.dir/Core/Src/iwdg.c.obj
                0x00000000200001f0                hiwdg
 .bss.rx_buffer_
                0x00000000200001fc       0x12 CMakeFiles/ec_hw_platform.elf.dir/Core/Src/main.c.obj
                0x00000000200001fc                rx_buffer_
 *fill*         0x000000002000020e        0x2 
 .bss.hdma_spi1_rx
                0x0000000020000210       0x60 CMakeFiles/ec_hw_platform.elf.dir/Core/Src/spi.c.obj
                0x0000000020000210                hdma_spi1_rx
 .bss.hdma_spi1_tx
                0x0000000020000270       0x60 CMakeFiles/ec_hw_platform.elf.dir/Core/Src/spi.c.obj
                0x0000000020000270                hdma_spi1_tx
 .bss.hspi1     0x00000000200002d0       0x58 CMakeFiles/ec_hw_platform.elf.dir/Core/Src/spi.c.obj
                0x00000000200002d0                hspi1
 .bss.htim3     0x0000000020000328       0x48 CMakeFiles/ec_hw_platform.elf.dir/Core/Src/tim.c.obj
                0x0000000020000328                htim3
 .bss.htim4     0x0000000020000370       0x48 CMakeFiles/ec_hw_platform.elf.dir/Core/Src/tim.c.obj
                0x0000000020000370                htim4
 .bss.htim5     0x00000000200003b8       0x48 CMakeFiles/ec_hw_platform.elf.dir/Core/Src/tim.c.obj
                0x00000000200003b8                htim5
 .bss.htim6     0x0000000020000400       0x48 CMakeFiles/ec_hw_platform.elf.dir/Core/Src/tim.c.obj
                0x0000000020000400                htim6
 .bss.htim7     0x0000000020000448       0x48 CMakeFiles/ec_hw_platform.elf.dir/Core/Src/tim.c.obj
                0x0000000020000448                htim7
 .bss.hdma_usart1_rx
                0x0000000020000490       0x60 CMakeFiles/ec_hw_platform.elf.dir/Core/Src/usart.c.obj
                0x0000000020000490                hdma_usart1_rx
 .bss.hdma_usart1_tx
                0x00000000200004f0       0x60 CMakeFiles/ec_hw_platform.elf.dir/Core/Src/usart.c.obj
                0x00000000200004f0                hdma_usart1_tx
 .bss.hdma_usart6_rx
                0x0000000020000550       0x60 CMakeFiles/ec_hw_platform.elf.dir/Core/Src/usart.c.obj
                0x0000000020000550                hdma_usart6_rx
 .bss.hdma_usart6_tx
                0x00000000200005b0       0x60 CMakeFiles/ec_hw_platform.elf.dir/Core/Src/usart.c.obj
                0x00000000200005b0                hdma_usart6_tx
 .bss.huart1    0x0000000020000610       0x44 CMakeFiles/ec_hw_platform.elf.dir/Core/Src/usart.c.obj
                0x0000000020000610                huart1
 .bss.huart3    0x0000000020000654       0x44 CMakeFiles/ec_hw_platform.elf.dir/Core/Src/usart.c.obj
                0x0000000020000654                huart3
 .bss.huart6    0x0000000020000698       0x44 CMakeFiles/ec_hw_platform.elf.dir/Core/Src/usart.c.obj
                0x0000000020000698                huart6
 .bss.uwTick    0x00000000200006dc        0x4 CMakeFiles/ec_hw_platform.elf.dir/Drivers/STM32F4xx_HAL_Driver/Src/stm32f4xx_hal.c.obj
                0x00000000200006dc                uwTick
 .bss.test      0x00000000200006e0       0x98 CMakeFiles/ec_hw_platform.elf.dir/Src/Control/motor_conrtol.cpp.obj
                0x00000000200006e0                test
 .bss.dji_motor_rx_data_
                0x0000000020000778        0x8 CMakeFiles/ec_hw_platform.elf.dir/Src/Motor.cpp.obj
                0x0000000020000778                dji_motor_rx_data_
 .bss.can_tx_data_
                0x0000000020000780        0x8 CMakeFiles/ec_hw_platform.elf.dir/Src/Robot.cpp.obj
                0x0000000020000780                can_tx_data_
 .bss.RC1       0x0000000020000788       0x20 CMakeFiles/ec_hw_platform.elf.dir/Src/remote_control.cpp.obj
                0x0000000020000788                RC1
 .bss.rx_data_  0x00000000200007a8       0x12 CMakeFiles/ec_hw_platform.elf.dir/Src/remote_control.cpp.obj
                0x00000000200007a8                rx_data_
 *fill*         0x00000000200007ba        0x2 
 .bss.__sf      0x00000000200007bc      0x138 C:/ST/STM32CubeCLT/GNU-tools-for-STM32/bin/../lib/gcc/arm-none-eabi/11.3.1/../../../../arm-none-eabi/lib/thumb/v7e-m/nofp\libg.a(libc_a-findfp.o)
                0x00000000200007bc                __sf
 .bss.errno     0x00000000200008f4        0x4 C:/ST/STM32CubeCLT/GNU-tools-for-STM32/bin/../lib/gcc/arm-none-eabi/11.3.1/../../../../arm-none-eabi/lib/thumb/v7e-m/nofp\libg.a(libc_a-reent.o)
                0x00000000200008f4                errno
 .bss.__lock___atexit_recursive_mutex
                0x00000000200008f8        0x1 C:/ST/STM32CubeCLT/GNU-tools-for-STM32/bin/../lib/gcc/arm-none-eabi/11.3.1/../../../../arm-none-eabi/lib/thumb/v7e-m/nofp\libg.a(libc_a-lock.o)
                0x00000000200008f8                __lock___atexit_recursive_mutex
 *fill*         0x00000000200008f9        0x3 
 .bss.__atexit  0x00000000200008fc        0x4 C:/ST/STM32CubeCLT/GNU-tools-for-STM32/bin/../lib/gcc/arm-none-eabi/11.3.1/../../../../arm-none-eabi/lib/thumb/v7e-m/nofp\libg.a(libc_a-__call_atexit.o)
                0x00000000200008fc                __atexit
 .bss.__atexit0
                0x0000000020000900      0x190 C:/ST/STM32CubeCLT/GNU-tools-for-STM32/bin/../lib/gcc/arm-none-eabi/11.3.1/../../../../arm-none-eabi/lib/thumb/v7e-m/nofp\libg.a(libc_a-__atexit.o)
                0x0000000020000900                __atexit0
 *(COMMON)
                0x0000000020000a90                . = ALIGN (0x4)
                0x0000000020000a90                _ebss = .
                0x0000000020000a90                __bss_end__ = _ebss

._user_heap_stack
                0x0000000020000a90     0x3000
                0x0000000020000a90                . = ALIGN (0x8)
                [!provide]                        PROVIDE (end = .)
                0x0000000020000a90                PROVIDE (_end = .)
                0x0000000020001a90                . = (. + _Min_Heap_Size)
 *fill*         0x0000000020000a90     0x1000 
                0x0000000020003a90                . = (. + _Min_Stack_Size)
 *fill*         0x0000000020001a90     0x2000 
                0x0000000020003a90                . = ALIGN (0x8)

/DISCARD/
 libc.a(*)
 libm.a(*)
 libgcc.a(*)

.ARM.attributes
                0x0000000000000000       0x2a
 *(.ARM.attributes)
 .ARM.attributes
                0x0000000000000000       0x1e C:/ST/STM32CubeCLT/GNU-tools-for-STM32/bin/../lib/gcc/arm-none-eabi/11.3.1/thumb/v7e-m/nofp/crti.o
 .ARM.attributes
                0x000000000000001e       0x2e C:/ST/STM32CubeCLT/GNU-tools-for-STM32/bin/../lib/gcc/arm-none-eabi/11.3.1/thumb/v7e-m/nofp/crtbegin.o
 .ARM.attributes
                0x000000000000004c       0x2e CMakeFiles/ec_hw_platform.elf.dir/Core/Src/adc.c.obj
 .ARM.attributes
                0x000000000000007a       0x2e CMakeFiles/ec_hw_platform.elf.dir/Core/Src/can.c.obj
 .ARM.attributes
                0x00000000000000a8       0x2e CMakeFiles/ec_hw_platform.elf.dir/Core/Src/dma.c.obj
 .ARM.attributes
                0x00000000000000d6       0x2e CMakeFiles/ec_hw_platform.elf.dir/Core/Src/gpio.c.obj
 .ARM.attributes
                0x0000000000000104       0x2e CMakeFiles/ec_hw_platform.elf.dir/Core/Src/iwdg.c.obj
 .ARM.attributes
                0x0000000000000132       0x2e CMakeFiles/ec_hw_platform.elf.dir/Core/Src/main.c.obj
 .ARM.attributes
                0x0000000000000160       0x2e CMakeFiles/ec_hw_platform.elf.dir/Core/Src/spi.c.obj
 .ARM.attributes
                0x000000000000018e       0x2e CMakeFiles/ec_hw_platform.elf.dir/Core/Src/stm32f4xx_hal_msp.c.obj
 .ARM.attributes
                0x00000000000001bc       0x2e CMakeFiles/ec_hw_platform.elf.dir/Core/Src/stm32f4xx_it.c.obj
 .ARM.attributes
                0x00000000000001ea       0x2e CMakeFiles/ec_hw_platform.elf.dir/Core/Src/syscalls.c.obj
 .ARM.attributes
                0x0000000000000218       0x2e CMakeFiles/ec_hw_platform.elf.dir/Core/Src/system_stm32f4xx.c.obj
 .ARM.attributes
                0x0000000000000246       0x2e CMakeFiles/ec_hw_platform.elf.dir/Core/Src/tim.c.obj
 .ARM.attributes
                0x0000000000000274       0x2e CMakeFiles/ec_hw_platform.elf.dir/Core/Src/usart.c.obj
 .ARM.attributes
                0x00000000000002a2       0x21 CMakeFiles/ec_hw_platform.elf.dir/Core/Startup/startup_stm32f407ighx.s.obj
 .ARM.attributes
                0x00000000000002c3       0x2e CMakeFiles/ec_hw_platform.elf.dir/Drivers/STM32F4xx_HAL_Driver/Src/stm32f4xx_hal.c.obj
 .ARM.attributes
                0x00000000000002f1       0x2e CMakeFiles/ec_hw_platform.elf.dir/Drivers/STM32F4xx_HAL_Driver/Src/stm32f4xx_hal_adc.c.obj
 .ARM.attributes
                0x000000000000031f       0x2e CMakeFiles/ec_hw_platform.elf.dir/Drivers/STM32F4xx_HAL_Driver/Src/stm32f4xx_hal_adc_ex.c.obj
 .ARM.attributes
                0x000000000000034d       0x2e CMakeFiles/ec_hw_platform.elf.dir/Drivers/STM32F4xx_HAL_Driver/Src/stm32f4xx_hal_can.c.obj
 .ARM.attributes
                0x000000000000037b       0x2e CMakeFiles/ec_hw_platform.elf.dir/Drivers/STM32F4xx_HAL_Driver/Src/stm32f4xx_hal_cortex.c.obj
 .ARM.attributes
                0x00000000000003a9       0x2e CMakeFiles/ec_hw_platform.elf.dir/Drivers/STM32F4xx_HAL_Driver/Src/stm32f4xx_hal_dma.c.obj
 .ARM.attributes
                0x00000000000003d7       0x2e CMakeFiles/ec_hw_platform.elf.dir/Drivers/STM32F4xx_HAL_Driver/Src/stm32f4xx_hal_gpio.c.obj
 .ARM.attributes
                0x0000000000000405       0x2e CMakeFiles/ec_hw_platform.elf.dir/Drivers/STM32F4xx_HAL_Driver/Src/stm32f4xx_hal_iwdg.c.obj
 .ARM.attributes
                0x0000000000000433       0x2e CMakeFiles/ec_hw_platform.elf.dir/Drivers/STM32F4xx_HAL_Driver/Src/stm32f4xx_hal_rcc.c.obj
 .ARM.attributes
                0x0000000000000461       0x2e CMakeFiles/ec_hw_platform.elf.dir/Drivers/STM32F4xx_HAL_Driver/Src/stm32f4xx_hal_spi.c.obj
 .ARM.attributes
                0x000000000000048f       0x2e CMakeFiles/ec_hw_platform.elf.dir/Drivers/STM32F4xx_HAL_Driver/Src/stm32f4xx_hal_tim.c.obj
 .ARM.attributes
                0x00000000000004bd       0x2e CMakeFiles/ec_hw_platform.elf.dir/Drivers/STM32F4xx_HAL_Driver/Src/stm32f4xx_hal_tim_ex.c.obj
 .ARM.attributes
                0x00000000000004eb       0x2e CMakeFiles/ec_hw_platform.elf.dir/Drivers/STM32F4xx_HAL_Driver/Src/stm32f4xx_hal_uart.c.obj
 .ARM.attributes
                0x0000000000000519       0x2e CMakeFiles/ec_hw_platform.elf.dir/Src/Callback.cpp.obj
 .ARM.attributes
                0x0000000000000547       0x2e CMakeFiles/ec_hw_platform.elf.dir/Src/Control/motor_conrtol.cpp.obj
 .ARM.attributes
                0x0000000000000575       0x2e CMakeFiles/ec_hw_platform.elf.dir/Src/Control/rc_task.cpp.obj
 .ARM.attributes
                0x00000000000005a3       0x2e CMakeFiles/ec_hw_platform.elf.dir/Src/Motor.cpp.obj
 .ARM.attributes
                0x00000000000005d1       0x2e CMakeFiles/ec_hw_platform.elf.dir/Src/PID.cpp.obj
 .ARM.attributes
                0x00000000000005ff       0x2e CMakeFiles/ec_hw_platform.elf.dir/Src/Robot.cpp.obj
 .ARM.attributes
                0x000000000000062d       0x2e CMakeFiles/ec_hw_platform.elf.dir/Src/remote_control.cpp.obj
 .ARM.attributes
                0x000000000000065b       0x1e C:/ST/STM32CubeCLT/GNU-tools-for-STM32/bin/../lib/gcc/arm-none-eabi/11.3.1/thumb/v7e-m/nofp\libgcc.a(_arm_addsubsf3.o)
 .ARM.attributes
                0x0000000000000679       0x1e C:/ST/STM32CubeCLT/GNU-tools-for-STM32/bin/../lib/gcc/arm-none-eabi/11.3.1/thumb/v7e-m/nofp\libgcc.a(_arm_muldivsf3.o)
 .ARM.attributes
                0x0000000000000697       0x1e C:/ST/STM32CubeCLT/GNU-tools-for-STM32/bin/../lib/gcc/arm-none-eabi/11.3.1/thumb/v7e-m/nofp\libgcc.a(_arm_cmpsf2.o)
 .ARM.attributes
                0x00000000000006b5       0x1e C:/ST/STM32CubeCLT/GNU-tools-for-STM32/bin/../lib/gcc/arm-none-eabi/11.3.1/thumb/v7e-m/nofp\libgcc.a(_arm_fixunssfsi.o)
 .ARM.attributes
                0x00000000000006d3       0x1e C:/ST/STM32CubeCLT/GNU-tools-for-STM32/bin/../lib/gcc/arm-none-eabi/11.3.1/thumb/v7e-m/nofp\libgcc.a(_aeabi_uldivmod.o)
 .ARM.attributes
                0x00000000000006f1       0x2e C:/ST/STM32CubeCLT/GNU-tools-for-STM32/bin/../lib/gcc/arm-none-eabi/11.3.1/thumb/v7e-m/nofp\libgcc.a(_udivmoddi4.o)
 .ARM.attributes
                0x000000000000071f       0x2e C:/ST/STM32CubeCLT/GNU-tools-for-STM32/bin/../lib/gcc/arm-none-eabi/11.3.1/thumb/v7e-m/nofp\libgcc.a(unwind-arm.o)
 .ARM.attributes
                0x000000000000074d       0x1e C:/ST/STM32CubeCLT/GNU-tools-for-STM32/bin/../lib/gcc/arm-none-eabi/11.3.1/thumb/v7e-m/nofp\libgcc.a(libunwind.o)
 .ARM.attributes
                0x000000000000076b       0x2e C:/ST/STM32CubeCLT/GNU-tools-for-STM32/bin/../lib/gcc/arm-none-eabi/11.3.1/thumb/v7e-m/nofp\libgcc.a(pr-support.o)
 .ARM.attributes
                0x0000000000000799       0x1e C:/ST/STM32CubeCLT/GNU-tools-for-STM32/bin/../lib/gcc/arm-none-eabi/11.3.1/thumb/v7e-m/nofp\libgcc.a(_dvmd_tls.o)
 .ARM.attributes
                0x00000000000007b7       0x2e C:/ST/STM32CubeCLT/GNU-tools-for-STM32/bin/../lib/gcc/arm-none-eabi/11.3.1/../../../../arm-none-eabi/lib/thumb/v7e-m/nofp\libg.a(libc_a-abort.o)
 .ARM.attributes
                0x00000000000007e5       0x2e C:/ST/STM32CubeCLT/GNU-tools-for-STM32/bin/../lib/gcc/arm-none-eabi/11.3.1/../../../../arm-none-eabi/lib/thumb/v7e-m/nofp\libg.a(libc_a-findfp.o)
 .ARM.attributes
                0x0000000000000813       0x2e C:/ST/STM32CubeCLT/GNU-tools-for-STM32/bin/../lib/gcc/arm-none-eabi/11.3.1/../../../../arm-none-eabi/lib/thumb/v7e-m/nofp\libg.a(libc_a-memset.o)
 .ARM.attributes
                0x0000000000000841       0x2e C:/ST/STM32CubeCLT/GNU-tools-for-STM32/bin/../lib/gcc/arm-none-eabi/11.3.1/../../../../arm-none-eabi/lib/thumb/v7e-m/nofp\libg.a(libc_a-signal.o)
 .ARM.attributes
                0x000000000000086f       0x2e C:/ST/STM32CubeCLT/GNU-tools-for-STM32/bin/../lib/gcc/arm-none-eabi/11.3.1/../../../../arm-none-eabi/lib/thumb/v7e-m/nofp\libg.a(libc_a-reent.o)
 .ARM.attributes
                0x000000000000089d       0x2e C:/ST/STM32CubeCLT/GNU-tools-for-STM32/bin/../lib/gcc/arm-none-eabi/11.3.1/../../../../arm-none-eabi/lib/thumb/v7e-m/nofp\libg.a(libc_a-impure.o)
 .ARM.attributes
                0x00000000000008cb       0x2e C:/ST/STM32CubeCLT/GNU-tools-for-STM32/bin/../lib/gcc/arm-none-eabi/11.3.1/../../../../arm-none-eabi/lib/thumb/v7e-m/nofp\libg.a(libc_a-signalr.o)
 .ARM.attributes
                0x00000000000008f9       0x2e C:/ST/STM32CubeCLT/GNU-tools-for-STM32/bin/../lib/gcc/arm-none-eabi/11.3.1/../../../../arm-none-eabi/lib/thumb/v7e-m/nofp\libg.a(libc_a-errno.o)
 .ARM.attributes
                0x0000000000000927       0x2e C:/ST/STM32CubeCLT/GNU-tools-for-STM32/bin/../lib/gcc/arm-none-eabi/11.3.1/../../../../arm-none-eabi/lib/thumb/v7e-m/nofp\libg.a(libc_a-init.o)
 .ARM.attributes
                0x0000000000000955       0x2e C:/ST/STM32CubeCLT/GNU-tools-for-STM32/bin/../lib/gcc/arm-none-eabi/11.3.1/../../../../arm-none-eabi/lib/thumb/v7e-m/nofp\libg.a(libc_a-lock.o)
 .ARM.attributes
                0x0000000000000983       0x2e C:/ST/STM32CubeCLT/GNU-tools-for-STM32/bin/../lib/gcc/arm-none-eabi/11.3.1/../../../../arm-none-eabi/lib/thumb/v7e-m/nofp\libg.a(libc_a-memcpy-stub.o)
 .ARM.attributes
                0x00000000000009b1       0x2e C:/ST/STM32CubeCLT/GNU-tools-for-STM32/bin/../lib/gcc/arm-none-eabi/11.3.1/../../../../arm-none-eabi/lib/thumb/v7e-m/nofp\libg.a(libc_a-__call_atexit.o)
 .ARM.attributes
                0x00000000000009df       0x2e C:/ST/STM32CubeCLT/GNU-tools-for-STM32/bin/../lib/gcc/arm-none-eabi/11.3.1/../../../../arm-none-eabi/lib/thumb/v7e-m/nofp\libg.a(libc_a-atexit.o)
 .ARM.attributes
                0x0000000000000a0d       0x2e C:/ST/STM32CubeCLT/GNU-tools-for-STM32/bin/../lib/gcc/arm-none-eabi/11.3.1/../../../../arm-none-eabi/lib/thumb/v7e-m/nofp\libg.a(libc_a-fini.o)
 .ARM.attributes
                0x0000000000000a3b       0x2e C:/ST/STM32CubeCLT/GNU-tools-for-STM32/bin/../lib/gcc/arm-none-eabi/11.3.1/../../../../arm-none-eabi/lib/thumb/v7e-m/nofp\libg.a(libc_a-__atexit.o)
 .ARM.attributes
                0x0000000000000a69       0x1e C:/ST/STM32CubeCLT/GNU-tools-for-STM32/bin/../lib/gcc/arm-none-eabi/11.3.1/thumb/v7e-m/nofp/crtn.o
OUTPUT(ec_hw_platform.elf elf32-littlearm)
LOAD linker stubs
LOAD C:/ST/STM32CubeCLT/GNU-tools-for-STM32/bin/../lib/gcc/arm-none-eabi/11.3.1/../../../../arm-none-eabi/lib/thumb/v7e-m/nofp\libc.a
LOAD C:/ST/STM32CubeCLT/GNU-tools-for-STM32/bin/../lib/gcc/arm-none-eabi/11.3.1/../../../../arm-none-eabi/lib/thumb/v7e-m/nofp\libm.a
LOAD C:/ST/STM32CubeCLT/GNU-tools-for-STM32/bin/../lib/gcc/arm-none-eabi/11.3.1/thumb/v7e-m/nofp\libgcc.a

.comment        0x0000000000000000       0x43
 .comment       0x0000000000000000       0x43 C:/ST/STM32CubeCLT/GNU-tools-for-STM32/bin/../lib/gcc/arm-none-eabi/11.3.1/thumb/v7e-m/nofp/crtbegin.o
                                         0x44 (size before relaxing)
 .comment       0x0000000000000043       0x44 CMakeFiles/ec_hw_platform.elf.dir/Core/Src/adc.c.obj
 .comment       0x0000000000000043       0x44 CMakeFiles/ec_hw_platform.elf.dir/Core/Src/can.c.obj
 .comment       0x0000000000000043       0x44 CMakeFiles/ec_hw_platform.elf.dir/Core/Src/dma.c.obj
 .comment       0x0000000000000043       0x44 CMakeFiles/ec_hw_platform.elf.dir/Core/Src/gpio.c.obj
 .comment       0x0000000000000043       0x44 CMakeFiles/ec_hw_platform.elf.dir/Core/Src/iwdg.c.obj
 .comment       0x0000000000000043       0x44 CMakeFiles/ec_hw_platform.elf.dir/Core/Src/main.c.obj
 .comment       0x0000000000000043       0x44 CMakeFiles/ec_hw_platform.elf.dir/Core/Src/spi.c.obj
 .comment       0x0000000000000043       0x44 CMakeFiles/ec_hw_platform.elf.dir/Core/Src/stm32f4xx_hal_msp.c.obj
 .comment       0x0000000000000043       0x44 CMakeFiles/ec_hw_platform.elf.dir/Core/Src/stm32f4xx_it.c.obj
 .comment       0x0000000000000043       0x44 CMakeFiles/ec_hw_platform.elf.dir/Core/Src/syscalls.c.obj
 .comment       0x0000000000000043       0x44 CMakeFiles/ec_hw_platform.elf.dir/Core/Src/system_stm32f4xx.c.obj
 .comment       0x0000000000000043       0x44 CMakeFiles/ec_hw_platform.elf.dir/Core/Src/tim.c.obj
 .comment       0x0000000000000043       0x44 CMakeFiles/ec_hw_platform.elf.dir/Core/Src/usart.c.obj
 .comment       0x0000000000000043       0x44 CMakeFiles/ec_hw_platform.elf.dir/Drivers/STM32F4xx_HAL_Driver/Src/stm32f4xx_hal.c.obj
 .comment       0x0000000000000043       0x44 CMakeFiles/ec_hw_platform.elf.dir/Drivers/STM32F4xx_HAL_Driver/Src/stm32f4xx_hal_adc.c.obj
 .comment       0x0000000000000043       0x44 CMakeFiles/ec_hw_platform.elf.dir/Drivers/STM32F4xx_HAL_Driver/Src/stm32f4xx_hal_adc_ex.c.obj
 .comment       0x0000000000000043       0x44 CMakeFiles/ec_hw_platform.elf.dir/Drivers/STM32F4xx_HAL_Driver/Src/stm32f4xx_hal_can.c.obj
 .comment       0x0000000000000043       0x44 CMakeFiles/ec_hw_platform.elf.dir/Drivers/STM32F4xx_HAL_Driver/Src/stm32f4xx_hal_cortex.c.obj
 .comment       0x0000000000000043       0x44 CMakeFiles/ec_hw_platform.elf.dir/Drivers/STM32F4xx_HAL_Driver/Src/stm32f4xx_hal_dma.c.obj
 .comment       0x0000000000000043       0x44 CMakeFiles/ec_hw_platform.elf.dir/Drivers/STM32F4xx_HAL_Driver/Src/stm32f4xx_hal_gpio.c.obj
 .comment       0x0000000000000043       0x44 CMakeFiles/ec_hw_platform.elf.dir/Drivers/STM32F4xx_HAL_Driver/Src/stm32f4xx_hal_iwdg.c.obj
 .comment       0x0000000000000043       0x44 CMakeFiles/ec_hw_platform.elf.dir/Drivers/STM32F4xx_HAL_Driver/Src/stm32f4xx_hal_rcc.c.obj
 .comment       0x0000000000000043       0x44 CMakeFiles/ec_hw_platform.elf.dir/Drivers/STM32F4xx_HAL_Driver/Src/stm32f4xx_hal_spi.c.obj
 .comment       0x0000000000000043       0x44 CMakeFiles/ec_hw_platform.elf.dir/Drivers/STM32F4xx_HAL_Driver/Src/stm32f4xx_hal_tim.c.obj
 .comment       0x0000000000000043       0x44 CMakeFiles/ec_hw_platform.elf.dir/Drivers/STM32F4xx_HAL_Driver/Src/stm32f4xx_hal_tim_ex.c.obj
 .comment       0x0000000000000043       0x44 CMakeFiles/ec_hw_platform.elf.dir/Drivers/STM32F4xx_HAL_Driver/Src/stm32f4xx_hal_uart.c.obj
 .comment       0x0000000000000043       0x44 CMakeFiles/ec_hw_platform.elf.dir/Src/Callback.cpp.obj
 .comment       0x0000000000000043       0x44 CMakeFiles/ec_hw_platform.elf.dir/Src/Control/motor_conrtol.cpp.obj
 .comment       0x0000000000000043       0x44 CMakeFiles/ec_hw_platform.elf.dir/Src/Control/rc_task.cpp.obj
 .comment       0x0000000000000043       0x44 CMakeFiles/ec_hw_platform.elf.dir/Src/Motor.cpp.obj
 .comment       0x0000000000000043       0x44 CMakeFiles/ec_hw_platform.elf.dir/Src/PID.cpp.obj
 .comment       0x0000000000000043       0x44 CMakeFiles/ec_hw_platform.elf.dir/Src/Robot.cpp.obj
 .comment       0x0000000000000043       0x44 CMakeFiles/ec_hw_platform.elf.dir/Src/remote_control.cpp.obj
 .comment       0x0000000000000043       0x44 C:/ST/STM32CubeCLT/GNU-tools-for-STM32/bin/../lib/gcc/arm-none-eabi/11.3.1/../../../../arm-none-eabi/lib/thumb/v7e-m/nofp\libg.a(libc_a-abort.o)
 .comment       0x0000000000000043       0x44 C:/ST/STM32CubeCLT/GNU-tools-for-STM32/bin/../lib/gcc/arm-none-eabi/11.3.1/../../../../arm-none-eabi/lib/thumb/v7e-m/nofp\libg.a(libc_a-findfp.o)
 .comment       0x0000000000000043       0x44 C:/ST/STM32CubeCLT/GNU-tools-for-STM32/bin/../lib/gcc/arm-none-eabi/11.3.1/../../../../arm-none-eabi/lib/thumb/v7e-m/nofp\libg.a(libc_a-memset.o)
 .comment       0x0000000000000043       0x44 C:/ST/STM32CubeCLT/GNU-tools-for-STM32/bin/../lib/gcc/arm-none-eabi/11.3.1/../../../../arm-none-eabi/lib/thumb/v7e-m/nofp\libg.a(libc_a-signal.o)
 .comment       0x0000000000000043       0x44 C:/ST/STM32CubeCLT/GNU-tools-for-STM32/bin/../lib/gcc/arm-none-eabi/11.3.1/../../../../arm-none-eabi/lib/thumb/v7e-m/nofp\libg.a(libc_a-reent.o)
 .comment       0x0000000000000043       0x44 C:/ST/STM32CubeCLT/GNU-tools-for-STM32/bin/../lib/gcc/arm-none-eabi/11.3.1/../../../../arm-none-eabi/lib/thumb/v7e-m/nofp\libg.a(libc_a-impure.o)
 .comment       0x0000000000000043       0x44 C:/ST/STM32CubeCLT/GNU-tools-for-STM32/bin/../lib/gcc/arm-none-eabi/11.3.1/../../../../arm-none-eabi/lib/thumb/v7e-m/nofp\libg.a(libc_a-signalr.o)
 .comment       0x0000000000000043       0x44 C:/ST/STM32CubeCLT/GNU-tools-for-STM32/bin/../lib/gcc/arm-none-eabi/11.3.1/../../../../arm-none-eabi/lib/thumb/v7e-m/nofp\libg.a(libc_a-errno.o)
 .comment       0x0000000000000043       0x44 C:/ST/STM32CubeCLT/GNU-tools-for-STM32/bin/../lib/gcc/arm-none-eabi/11.3.1/../../../../arm-none-eabi/lib/thumb/v7e-m/nofp\libg.a(libc_a-init.o)
 .comment       0x0000000000000043       0x44 C:/ST/STM32CubeCLT/GNU-tools-for-STM32/bin/../lib/gcc/arm-none-eabi/11.3.1/../../../../arm-none-eabi/lib/thumb/v7e-m/nofp\libg.a(libc_a-lock.o)
 .comment       0x0000000000000043       0x44 C:/ST/STM32CubeCLT/GNU-tools-for-STM32/bin/../lib/gcc/arm-none-eabi/11.3.1/../../../../arm-none-eabi/lib/thumb/v7e-m/nofp\libg.a(libc_a-memcpy-stub.o)
 .comment       0x0000000000000043       0x44 C:/ST/STM32CubeCLT/GNU-tools-for-STM32/bin/../lib/gcc/arm-none-eabi/11.3.1/../../../../arm-none-eabi/lib/thumb/v7e-m/nofp\libg.a(libc_a-__call_atexit.o)
 .comment       0x0000000000000043       0x44 C:/ST/STM32CubeCLT/GNU-tools-for-STM32/bin/../lib/gcc/arm-none-eabi/11.3.1/../../../../arm-none-eabi/lib/thumb/v7e-m/nofp\libg.a(libc_a-atexit.o)
 .comment       0x0000000000000043       0x44 C:/ST/STM32CubeCLT/GNU-tools-for-STM32/bin/../lib/gcc/arm-none-eabi/11.3.1/../../../../arm-none-eabi/lib/thumb/v7e-m/nofp\libg.a(libc_a-fini.o)
 .comment       0x0000000000000043       0x44 C:/ST/STM32CubeCLT/GNU-tools-for-STM32/bin/../lib/gcc/arm-none-eabi/11.3.1/../../../../arm-none-eabi/lib/thumb/v7e-m/nofp\libg.a(libc_a-__atexit.o)

.debug_info     0x0000000000000000    0x224d1